BL51 BANKED LINKER/LOCATER V6.22.4.0                                                    03/20/2026  08:59:49  PAGE 1


BL51 BANKED LINKER/LOCATER V6.22.4.0, INVOKED BY:
C:\KEIL_V5\C51\BIN\BL51.EXE .\Release\Objects\STARTUP.obj, .\Release\Objects\system.obj, .\Release\Objects\main.obj, .\R
>> elease\Objects\pwm.obj, .\Release\Objects\adc.obj, .\Release\Objects\time0.obj, .\Release\Objects\debug.obj, .\Releas
>> e\Objects\timer1.obj, .\Release\Objects\timer2.obj, .\Release\Objects\knob_dimming.obj, .\Release\Objects\rf_recv.obj
>> , .\Release\Objects\key_driver.obj, .\Release\Objects\flash.obj, .\Release\Objects\fan_ctl.obj, .\Release\Objects\tim
>> er3.obj, .\Release\Objects\engine.obj TO .\Release\Objects\Demo PRINT (.\Release\Listings\Demo.m51) RAMSIZE (256) COD
>> E (0X0000-0X3EEF) XDATA (0X6000-0X66FF)


MEMORY MODEL: LARGE WITH FLOATING POINT ARITHMETIC


INPUT MODULES INCLUDED:
  .\Release\Objects\STARTUP.obj (?C_STARTUP)
  .\Release\Objects\system.obj (SYSTEM)
  .\Release\Objects\main.obj (MAIN)
  .\Release\Objects\pwm.obj (PWM)
  .\Release\Objects\adc.obj (ADC)
  .\Release\Objects\time0.obj (TIME0)
  .\Release\Objects\debug.obj (DEBUG)
  .\Release\Objects\timer1.obj (TIMER1)
  .\Release\Objects\timer2.obj (TIMER2)
  .\Release\Objects\knob_dimming.obj (KNOB_DIMMING)
  .\Release\Objects\rf_recv.obj (RF_RECV)
  .\Release\Objects\key_driver.obj (KEY_DRIVER)
  .\Release\Objects\flash.obj (FLASH)
  .\Release\Objects\fan_ctl.obj (FAN_CTL)
  .\Release\Objects\timer3.obj (TIMER3)
  .\Release\Objects\engine.obj (ENGINE)
  C:\KEIL_V5\C51\LIB\C51FPL.LIB (?C?FPADD)
  C:\KEIL_V5\C51\LIB\C51FPL.LIB (?C?FPMUL)
  C:\KEIL_V5\C51\LIB\C51FPL.LIB (?C?FPDIV)
  C:\KEIL_V5\C51\LIB\C51FPL.LIB (?C?CASTF)
  C:\KEIL_V5\C51\LIB\C51FPL.LIB (POW)
  C:\KEIL_V5\C51\LIB\C51FPL.LIB (?C?FPGETOPN)
  C:\KEIL_V5\C51\LIB\C51FPL.LIB (?C?CHKFLOAT)
  C:\KEIL_V5\C51\LIB\C51FPL.LIB (?C?FPCMP)
  C:\KEIL_V5\C51\LIB\C51FPL.LIB (?C?FPNEG)
  C:\KEIL_V5\C51\LIB\C51FPL.LIB (?C?FCAST)
  C:\KEIL_V5\C51\LIB\C51FPL.LIB (EXP)
  C:\KEIL_V5\C51\LIB\C51FPL.LIB (LOG)
  C:\KEIL_V5\C51\LIB\C51FPL.LIB (?C?FPSERIES)
  C:\KEIL_V5\C51\LIB\C51L.LIB (?C_INIT)
  C:\KEIL_V5\C51\LIB\C51L.LIB (?C?CLDPTR)
  C:\KEIL_V5\C51\LIB\C51L.LIB (?C?CLDOPTR)
  C:\KEIL_V5\C51\LIB\C51L.LIB (?C?CILDOPTR)
  C:\KEIL_V5\C51\LIB\C51L.LIB (?C?CSTPTR)
  C:\KEIL_V5\C51\LIB\C51L.LIB (?C?CSTOPTR)
  C:\KEIL_V5\C51\LIB\C51L.LIB (?C?IILDX)
  C:\KEIL_V5\C51\LIB\C51L.LIB (?C?LADD)
  C:\KEIL_V5\C51\LIB\C51L.LIB (?C?LMUL)
  C:\KEIL_V5\C51\LIB\C51L.LIB (?C?ULDIV)
  C:\KEIL_V5\C51\LIB\C51L.LIB (?C?LNEG)
  C:\KEIL_V5\C51\LIB\C51L.LIB (?C?ULCMP)
  C:\KEIL_V5\C51\LIB\C51L.LIB (?C?ULSHR)
  C:\KEIL_V5\C51\LIB\C51L.LIB (?C?LSHL)
  C:\KEIL_V5\C51\LIB\C51L.LIB (?C?LLDXDATA)
  C:\KEIL_V5\C51\LIB\C51L.LIB (?C?LLDCODE)
BL51 BANKED LINKER/LOCATER V6.22.4.0                                                  03/20/2026  08:59:49  PAGE 2


  C:\KEIL_V5\C51\LIB\C51L.LIB (?C?LLDXDATA0)
  C:\KEIL_V5\C51\LIB\C51L.LIB (?C?LLDCODE0)
  C:\KEIL_V5\C51\LIB\C51L.LIB (?C?LSTXDATA)
  C:\KEIL_V5\C51\LIB\C51L.LIB (?C?LSTKXDATA)
  C:\KEIL_V5\C51\LIB\C51L.LIB (?C?PLDXDATA)
  C:\KEIL_V5\C51\LIB\C51L.LIB (?C?PLDIXDATA)
  C:\KEIL_V5\C51\LIB\C51L.LIB (?C?PSTXDATA)
  C:\KEIL_V5\C51\LIB\C51L.LIB (?C?PLDOPTR)
  C:\KEIL_V5\C51\LIB\C51L.LIB (?C?CCASE)
  C:\KEIL_V5\C51\LIB\C51L.LIB (?C?ICALL)
  C:\KEIL_V5\C51\LIB\C51L.LIB (?C?LIMUL)
  C:\KEIL_V5\C51\LIB\C51L.LIB (?C?PLDIDATA)
  C:\KEIL_V5\C51\LIB\C51L.LIB (?C?PLDPDATA)
  C:\KEIL_V5\C51\LIB\C51L.LIB (?C?PLDCODE)


LINK MAP OF MODULE:  .\Release\Objects\Demo (?C_STARTUP)


            TYPE    BASE      LENGTH    RELOCATION   SEGMENT NAME
            -----------------------------------------------------

            * * * * * * *   D A T A   M E M O R Y   * * * * * * *
            REG     0000H     0008H     ABSOLUTE     "REG BANK 0"
                    0008H     0018H                  *** GAP ***
            BIT     0020H.0   0000H.2   UNIT         ?BI?TIMER2
            BIT     0020H.2   0000H.2   UNIT         ?BI?RF_RECV
            BIT     0020H.4   0000H.2   UNIT         ?BI?ENGINE
            BIT     0020H.6   0000H.1   UNIT         ?BI?MAIN
            BIT     0020H.7   0000H.1   UNIT         ?BI?PWM
            BIT     0021H.0   0000H.1   UNIT         ?BI?ADC
            BIT     0021H.1   0000H.1   UNIT         ?BI?TIME0
            BIT     0021H.2   0000H.1   UNIT         ?BI?KNOB_DIMMING
            BIT     0021H.3   0000H.1   UNIT         _BIT_GROUP_
                    0021H.4   0000H.4                *** GAP ***
            IDATA   0022H     0001H     UNIT         ?STACK

            * * * * * * *  X D A T A   M E M O R Y  * * * * * * *
                    0000H     6000H                  *** GAP ***
            XDATA   6000H     0268H     UNIT         ?XD?ENGINE
            XDATA   6268H     005FH     UNIT         ?XD?RF_RECV
            XDATA   62C7H     0037H     UNIT         ?XD?ADC
            XDATA   62FEH     0012H     UNIT         ?XD?PWM
            XDATA   6310H     0010H     UNIT         _XDATA_GROUP_
            XDATA   6320H     000FH     UNIT         ?XD?TIMER2
            XDATA   632FH     000BH     UNIT         ?XD?TIME0
            XDATA   633AH     0008H     UNIT         ?XD?MAIN
            XDATA   6342H     0004H     UNIT         ?XD?TIMER1
            XDATA   6346H     0004H     UNIT         ?XD?KEY_DRIVER
            XDATA   634AH     0002H     UNIT         ?XD?KNOB_DIMMING
            XDATA   634CH     0002H     UNIT         ?XD?TIMER3

            * * * * * * *   C O D E   M E M O R Y   * * * * * * *
            CODE    0000H     0003H     ABSOLUTE     
            CODE    0003H     000CH     ABSOLUTE     
            CODE    000FH     000EH     UNIT         ?PR?PWM_CHANNEL_0_DISABLE?PWM
                    001DH     0001H                  *** GAP ***
BL51 BANKED LINKER/LOCATER V6.22.4.0                                                  03/20/2026  08:59:49  PAGE 3


            CODE    001EH     0003H     ABSOLUTE     
            CODE    0021H     0003H     ABSOLUTE     
            CODE    0024H     0003H     ABSOLUTE     
            CODE    0027H     0003H     ABSOLUTE     
            CODE    002AH     0018H     UNIT         ?PR?_DELAY_MS?SYSTEM
            CODE    0042H     0003H     ABSOLUTE     
            CODE    0045H     07C5H     UNIT         ?C?LIB_CODE
            CODE    080AH     02C9H     UNIT         ?PR?ACCORDING_PIN9_TO_ADJUST_PWM?ENGINE
            CODE    0AD3H     0276H     UNIT         ?PR?RF_KEY_HANDLE?RF_RECV
            CODE    0D49H     024BH     UNIT         ?PR?TIMR2_IRQHANDLER?TIMER2
            CODE    0F94H     019CH     UNIT         ?C_INITSEG
            CODE    1130H     0193H     UNIT         ?PR?_KEY_DRIVER_SCAN?KEY_DRIVER
            CODE    12C3H     0166H     UNIT         ?PR?_POW?POW
            CODE    1429H     0138H     UNIT         ?PR?ADC_IRQHANDLER?ADC
            CODE    1561H     0129H     UNIT         ?PR?LOG?LOG
            CODE    168AH     011AH     UNIT         ?PR?TIMR0_IRQHANDLER?TIME0
            CODE    17A4H     010DH     UNIT         ?PR?MAIN?MAIN
            CODE    18B1H     010AH     UNIT         ?PR?UPDATE_MAX_PWM_DUTY_COEFFICIENT?KNOB_DIMMING
            CODE    19BBH     00FDH     UNIT         ?PR?TIMR3_IRQHANDLER?TIMER3
            CODE    1AB8H     00E5H     UNIT         ?PR?RF_RECV
            CODE    1B9DH     00CFH     UNIT         ?PR?SYSTEM_INIT?SYSTEM
            CODE    1C6CH     00B4H     UNIT         ?PR?ADJUST_PWM_DUTY_WHEN_POWER_ON?MAIN
            CODE    1D20H     00A8H     UNIT         ?PR?PWM_INIT?PWM
            CODE    1DC8H     009BH     UNIT         ?PR?RF_KEY_GET_KEY_ID?RF_RECV
            CODE    1E63H     009AH     UNIT         ?PR?EXP?EXP
            CODE    1EFDH     008CH     UNIT         ?C_C51STARTUP
            CODE    1F89H     0087H     UNIT         ?PR?___RF_KEY_GET_EVENT?RF_RECV
            CODE    2010H     007DH     UNIT         ?PR?_GET_PWM_CHANNEL_X_ADJUST_DUTY?PWM
            CODE    208DH     007BH     UNIT         ?PR?ENGINE
            CODE    2108H     0064H     UNIT         ?PR?TEMPERATURE_SCAN?ADC
            CODE    216CH     005FH     UNIT         ?PR?TIMER2
            CODE    21CBH     0049H     UNIT         ?PR?_ADC_CHANNEL_SEL?ADC
            CODE    2214H     0045H     UNIT         ?PR?___SUB_FUN_RF_KEY_GET_EVENT?RF_RECV
            CODE    2259H     003EH     UNIT         ?PR?FAN_SCAN?ADC
            CODE    2297H     003CH     UNIT         ?PR?TMR1_CONFIG?TIMER1
            CODE    22D3H     0037H     UNIT         ?PR?_FLASH_PROGRAM?FLASH
            CODE    230AH     0034H     UNIT         ?PR?RF_RECV_INIT?RF_RECV
            CODE    233EH     0034H     UNIT         ?PR?_FLASH_READ?FLASH
            CODE    2372H     002FH     UNIT         ?PR?ADC
            CODE    23A1H     002DH     UNIT         ?PR?ADC_PIN_CONFIG?ADC
            CODE    23CEH     0024H     UNIT         ?PR?FAN_CTL?FAN_CTL
            CODE    23F2H     0021H     UNIT         ?PR?KEY_DRIVER
            CODE    2413H     0021H     UNIT         ?PR?TIMER3_CONFIG?TIMER3
            CODE    2434H     0020H     UNIT         ?PR?SET_DUTY?ADC
            CODE    2454H     0020H     UNIT         ?PR?TIMER2_CONFIG?TIMER2
            CODE    2474H     0020H     UNIT         ?PR?KNOB_DIMMING
            CODE    2494H     001EH     UNIT         ?PR?MAIN
            CODE    24B2H     001BH     UNIT         ?PR?TMR0_CONFIG?TIME0
            CODE    24CDH     001AH     UNIT         ?PR?TIMR1_IRQHANDLER?TIMER1
            CODE    24E7H     0018H     UNIT         ?PR?GET_VOLTAGE_FROM_PIN?ADC
            CODE    24FFH     0015H     UNIT         ?PR?PWM
            CODE    2514H     0012H     UNIT         ?PR?ADC_CONFIG?ADC
            CODE    2526H     0012H     UNIT         ?PR?FAN_CTL_CONFIG?FAN_CTL
            CODE    2538H     0011H     UNIT         ?PR?_FLASH_ERASE_SECTOR?FLASH
            CODE    2549H     0010H     UNIT         ?PR?TMR1_DISABLE?TIMER1
            CODE    2559H     000EH     UNIT         ?PR?PWM_CHANNEL_1_DISABLE?PWM
            CODE    2567H     000DH     UNIT         ?PR?PWM_CHANNEL_0_ENABLE?PWM
BL51 BANKED LINKER/LOCATER V6.22.4.0                                                  03/20/2026  08:59:49  PAGE 4


            CODE    2574H     000DH     UNIT         ?PR?PWM_CHANNEL_1_ENABLE?PWM
            CODE    2581H     000CH     UNIT         ?PR?GET_PWM_CHANNEL_0_STATUS?PWM
            CODE    258DH     000CH     UNIT         ?PR?GET_PWM_CHANNEL_1_STATUS?PWM
            CODE    2599H     000CH     UNIT         ?PR?TMR1_ENABLE?TIMER1
            CODE    25A5H     000BH     UNIT         ?PR?_DELAY?SYSTEM
            CODE    25B0H     0009H     UNIT         ?PR?_SET_PWM_CHANNEL_0_DUTY?PWM
            CODE    25B9H     0009H     UNIT         ?PR?_SET_PWM_CHANNEL_1_DUTY?PWM
            CODE    25C2H     0008H     UNIT         ?PR?TIMER1
            CODE    25CAH     0007H     UNIT         ?PR?TIME0
            CODE    25D1H     0007H     UNIT         ?PR?TIMER3



OVERLAY MAP OF MODULE:   .\Release\Objects\Demo (?C_STARTUP)


SEGMENT                                             BIT_GROUP          XDATA_GROUP
  +--> CALLED SEGMENT                            START    LENGTH     START    LENGTH
------------------------------------------------------------------------------------
?C_C51STARTUP                                    -----    -----      -----    -----
  +--> ?PR?MAIN?MAIN
  +--> ?C_INITSEG

?PR?MAIN?MAIN                                    -----    -----      -----    -----
  +--> ?PR?SYSTEM_INIT?SYSTEM
  +--> ?PR?ADC_PIN_CONFIG?ADC
  +--> ?PR?ADC_CONFIG?ADC
  +--> ?PR?TMR0_CONFIG?TIME0
  +--> ?PR?PWM_INIT?PWM
  +--> ?PR?TIMER2_CONFIG?TIMER2
  +--> ?PR?TIMER3_CONFIG?TIMER3
  +--> ?PR?RF_RECV_INIT?RF_RECV
  +--> ?PR?FAN_CTL_CONFIG?FAN_CTL
  +--> ?PR?MAIN
  +--> ?PR?UPDATE_MAX_PWM_DUTY_COEFFICIENT?K...
  +--> ?PR?ADJUST_PWM_DUTY_WHEN_POWER_ON?MAIN
  +--> ?PR?_SET_PWM_CHANNEL_0_DUTY?PWM
  +--> ?PR?_SET_PWM_CHANNEL_1_DUTY?PWM
  +--> ?PR?TEMPERATURE_SCAN?ADC
  +--> ?PR?FAN_SCAN?ADC
  +--> ?PR?SET_DUTY?ADC
  +--> ?PR?_KEY_DRIVER_SCAN?KEY_DRIVER
  +--> ?PR?RF_KEY_HANDLE?RF_RECV
  +--> ?PR?_GET_PWM_CHANNEL_X_ADJUST_DUTY?PWM
  +--> ?PR?FAN_CTL?FAN_CTL

?PR?SYSTEM_INIT?SYSTEM                           -----    -----      -----    -----
  +--> ?PR?_DELAY?SYSTEM
  +--> ?PR?_DELAY_MS?SYSTEM

?PR?_DELAY_MS?SYSTEM                             -----    -----      -----    -----
  +--> ?PR?_DELAY?SYSTEM

?PR?ADC_CONFIG?ADC                               -----    -----      -----    -----
  +--> ?PR?_DELAY_MS?SYSTEM

?PR?RF_RECV_INIT?RF_RECV                         -----    -----      -----    -----
BL51 BANKED LINKER/LOCATER V6.22.4.0                                                  03/20/2026  08:59:49  PAGE 5


  +--> ?PR?RF_RECV
  +--> ?PR?_FLASH_READ?FLASH

?PR?_FLASH_READ?FLASH                            -----    -----      6310H    0005H

?PR?UPDATE_MAX_PWM_DUTY_COEFFICIENT?K...         -----    -----      6310H    0002H
  +--> ?PR?KNOB_DIMMING

?PR?ADJUST_PWM_DUTY_WHEN_POWER_ON?MAIN           -----    -----      -----    -----
  +--> ?PR?MAIN
  +--> ?PR?_POW?POW

?PR?_POW?POW                                     -----    -----      6310H    000AH
  +--> ?PR?LOG?LOG
  +--> ?PR?EXP?EXP

?PR?LOG?LOG                                      0021H.3  0000H.1    631AH    0004H

?PR?_SET_PWM_CHANNEL_0_DUTY?PWM                  -----    -----      -----    -----
  +--> ?PR?PWM

?PR?_SET_PWM_CHANNEL_1_DUTY?PWM                  -----    -----      -----    -----
  +--> ?PR?PWM

?PR?TEMPERATURE_SCAN?ADC                         -----    -----      6310H    0004H
  +--> ?PR?GET_VOLTAGE_FROM_PIN?ADC

?PR?SET_DUTY?ADC                                 -----    -----      -----    -----
  +--> ?PR?ACCORDING_PIN9_TO_ADJUST_PWM?ENGINE

?PR?ACCORDING_PIN9_TO_ADJUST_PWM?ENGINE          -----    -----      6310H    0008H
  +--> ?PR?ENGINE

?PR?_KEY_DRIVER_SCAN?KEY_DRIVER                  -----    -----      6310H    0002H
  +--> ?PR?KEY_DRIVER

?PR?RF_KEY_HANDLE?RF_RECV                        -----    -----      6310H    0001H
  +--> ?PR?___RF_KEY_GET_EVENT?RF_RECV
  +--> ?PR?_FLASH_ERASE_SECTOR?FLASH
  +--> ?PR?RF_RECV
  +--> ?PR?_FLASH_PROGRAM?FLASH
  +--> ?PR?GET_PWM_CHANNEL_0_STATUS?PWM
  +--> ?PR?GET_PWM_CHANNEL_1_STATUS?PWM

?PR?___RF_KEY_GET_EVENT?RF_RECV                  -----    -----      6311H    0004H
  +--> ?PR?RF_RECV
  +--> ?PR?___SUB_FUN_RF_KEY_GET_EVENT?RF_RECV

?PR?___SUB_FUN_RF_KEY_GET_EVENT?RF_RECV          -----    -----      -----    -----
  +--> ?PR?RF_RECV

?PR?_FLASH_PROGRAM?FLASH                         -----    -----      6311H    0005H

?PR?_GET_PWM_CHANNEL_X_ADJUST_DUTY?PWM           -----    -----      6310H    0002H
  +--> ?PR?PWM

?C_INITSEG                                       -----    -----      -----    -----
BL51 BANKED LINKER/LOCATER V6.22.4.0                                                  03/20/2026  08:59:49  PAGE 6


  +--> ?PR?RF_KEY_GET_KEY_ID?RF_RECV

?PR?RF_KEY_GET_KEY_ID?RF_RECV                    -----    -----      6310H    0001H
  +--> ?PR?RF_RECV

*** NEW ROOT ***************************************************

?PR?ADC_IRQHANDLER?ADC                           -----    -----      631EH    0002H
  +--> ?PR?ADC

*** NEW ROOT ***************************************************

?PR?TIMR0_IRQHANDLER?TIME0                       -----    -----      -----    -----
  +--> ?PR?TIME0

*** NEW ROOT ***************************************************

?PR?TIMR2_IRQHANDLER?TIMER2                      -----    -----      -----    -----
  +--> ?PR?TIMER2
  +--> ?PR?_SET_PWM_CHANNEL_0_DUTY?PWM
  +--> ?PR?_SET_PWM_CHANNEL_1_DUTY?PWM
  +--> ?PR?PWM_CHANNEL_0_DISABLE?PWM
  +--> ?PR?PWM_CHANNEL_0_ENABLE?PWM
  +--> ?PR?PWM_CHANNEL_1_DISABLE?PWM
  +--> ?PR?PWM_CHANNEL_1_ENABLE?PWM

*** NEW ROOT ***************************************************

?PR?TIMR3_IRQHANDLER?TIMER3                      -----    -----      -----    -----
  +--> ?PR?_ADC_CHANNEL_SEL?ADC
  +--> ?PR?TIMER3

?PR?_ADC_CHANNEL_SEL?ADC                         -----    -----      -----    -----
  +--> ?PR?ADC



SYMBOL TABLE OF MODULE:  .\Release\Objects\Demo (?C_STARTUP)

  VALUE           TYPE          NAME
  ----------------------------------

  -------         MODULE        ?C_STARTUP
  C:1EFDH         SEGMENT       ?C_C51STARTUP
  I:0022H         SEGMENT       ?STACK
  C:0000H         PUBLIC        ?C_STARTUP
  D:00E0H         SYMBOL        ACC
  D:00F0H         SYMBOL        B
  D:0083H         SYMBOL        DPH
  D:0082H         SYMBOL        DPL
  N:0000H         SYMBOL        IBPSTACK
  N:0100H         SYMBOL        IBPSTACKTOP
  N:0080H         SYMBOL        IDATALEN
  C:1F00H         SYMBOL        IDATALOOP
  N:0000H         SYMBOL        PBPSTACK
  N:0100H         SYMBOL        PBPSTACKTOP
  N:0000H         SYMBOL        PDATALEN
BL51 BANKED LINKER/LOCATER V6.22.4.0                                                  03/20/2026  08:59:49  PAGE 7


  N:0000H         SYMBOL        PDATASTART
  N:0000H         SYMBOL        PPAGE
  N:0000H         SYMBOL        PPAGEENABLE
  D:00A0H         SYMBOL        PPAGE_SFR
  D:0081H         SYMBOL        SP
  C:1EFDH         SYMBOL        STARTUP1
  N:0000H         SYMBOL        XBPSTACK
  N:0000H         SYMBOL        XBPSTACKTOP
  N:0000H         SYMBOL        XDATALEN
  N:0000H         SYMBOL        XDATASTART
  C:0000H         LINE#         126
  C:1EFDH         LINE#         133
  C:1EFFH         LINE#         134
  C:1F00H         LINE#         135
  C:1F01H         LINE#         136
  C:1F03H         LINE#         185
  C:1F06H         LINE#         196
  -------         ENDMOD        ?C_STARTUP

  -------         MODULE        SYSTEM
  C:0000H         SYMBOL        _ICE_DUMMY_
  D:00A7H         PUBLIC        FLASH_TIMEREG0
  C:25A5H         PUBLIC        _delay
  D:00ACH         PUBLIC        FLASH_TIMEREG1
  C:1B9DH         PUBLIC        system_init
  C:002AH         PUBLIC        _delay_ms
  -------         PROC          _DELAY
  D:0006H         SYMBOL        cnt
  C:25A5H         LINE#         37
  C:25A5H         LINE#         38
  C:25A5H         LINE#         39
  C:25AFH         LINE#         40
  C:25AFH         LINE#         41
  C:25AFH         LINE#         42
  -------         ENDPROC       _DELAY
  -------         PROC          _DELAY_MS
  D:0002H         SYMBOL        ms
  C:002AH         LINE#         49
  C:002EH         LINE#         50
  C:002EH         LINE#         51
  C:0038H         LINE#         52
  C:0038H         LINE#         53
  C:003FH         LINE#         54
  C:0041H         LINE#         55
  -------         ENDPROC       _DELAY_MS
  -------         PROC          SYSTEM_INIT
  -------         DO            
  D:0007H         SYMBOL        i
  -------         ENDDO         
  C:1B9DH         LINE#         62
  C:1B9DH         LINE#         63
  C:1B9DH         LINE#         66
  C:1BA4H         LINE#         67
  C:1BB1H         LINE#         68
  C:1BB4H         LINE#         69
  C:1BB7H         LINE#         70
  C:1BBDH         LINE#         71
BL51 BANKED LINKER/LOCATER V6.22.4.0                                                  03/20/2026  08:59:49  PAGE 8


  C:1BC3H         LINE#         72
  C:1BC9H         LINE#         76
  C:1BCBH         LINE#         77
  C:1BCBH         LINE#         78
  C:1BD8H         LINE#         79
  C:1BDDH         LINE#         81
  C:1C6BH         LINE#         82
  -------         ENDPROC       SYSTEM_INIT
  -------         ENDMOD        SYSTEM

  -------         MODULE        MAIN
  C:0000H         SYMBOL        _ICE_DUMMY_
  C:17A4H         PUBLIC        main
  B:0090H.4       PUBLIC        P14
  D:00D9H         PUBLIC        WDT_KEY
  X:633AH         PUBLIC        step
  C:1C6CH         PUBLIC        adjust_pwm_duty_when_power_on
  X:633EH         PUBLIC        mi
  B:0020H.6       PUBLIC        flag_is_in_power_on
  C:2494H         SYMBOL        Com000E
  C:2494H         SYMBOL        L?0015
  C:2494H         SYMBOL        L?0016
  C:249CH         SYMBOL        L?0017
  C:249FH         SYMBOL        L?0018
  C:24A8H         SYMBOL        L?0019
  -------         PROC          COM000E
  -------         ENDPROC       COM000E
  -------         PROC          ADJUST_PWM_DUTY_WHEN_POWER_ON
  C:1C6CH         LINE#         68
  C:1C6CH         LINE#         69
  C:1C6CH         LINE#         76
  C:1C84H         LINE#         78
  C:1C84H         LINE#         79
  C:1CAEH         LINE#         80
  C:1CC3H         LINE#         83
  C:1CEFH         LINE#         84
  C:1CFEH         LINE#         85
  C:1CFEH         LINE#         87
  C:1D13H         LINE#         89
  C:1D13H         LINE#         90
  C:1D19H         LINE#         91
  C:1D1FH         LINE#         92
  C:1D1FH         LINE#         97
  -------         ENDPROC       ADJUST_PWM_DUTY_WHEN_POWER_ON
  -------         PROC          MAIN
  C:17A4H         LINE#         99
  C:17A4H         LINE#         100
  C:17A4H         LINE#         102
  C:17A7H         LINE#         104
  C:17AAH         LINE#         107
  C:17ADH         LINE#         108
  C:17B4H         LINE#         109
  C:17B7H         LINE#         154
  C:17BAH         LINE#         155
  C:17BDH         LINE#         157
  C:17C0H         LINE#         158
  C:17C3H         LINE#         161
BL51 BANKED LINKER/LOCATER V6.22.4.0                                                  03/20/2026  08:59:49  PAGE 9


  C:17C6H         LINE#         162
  C:17C9H         LINE#         164
  C:17CCH         LINE#         165
  C:17CFH         LINE#         168
  C:17D5H         LINE#         169
  C:17DBH         LINE#         170
  C:17E1H         LINE#         171
  C:17E7H         LINE#         176
  C:17E9H         LINE#         178
  C:17F0H         LINE#         179
  C:17F6H         LINE#         180
  C:17F8H         LINE#         183
  C:1821H         LINE#         185
  C:1821H         LINE#         187
  C:1824H         LINE#         195
  C:1827H         LINE#         196
  C:1827H         LINE#         197
  C:1829H         LINE#         217
  C:1829H         LINE#         219
  C:182CH         LINE#         220
  C:182CH         LINE#         221
  C:182EH         LINE#         222
  C:1831H         LINE#         223
  C:1831H         LINE#         225
  C:183CH         LINE#         226
  C:1847H         LINE#         233
  C:1849H         LINE#         237
  C:1858H         LINE#         238
  C:1867H         LINE#         239
  C:1869H         LINE#         242
  C:1869H         LINE#         243
  C:1869H         LINE#         245
  C:186CH         LINE#         246
  C:186FH         LINE#         247
  C:1872H         LINE#         248
  C:1875H         LINE#         251
  C:1877H         LINE#         253
  C:187AH         LINE#         254
  C:187AH         LINE#         255
  C:1883H         LINE#         256
  C:1886H         LINE#         257
  C:1886H         LINE#         259
  C:1886H         LINE#         261
  C:1899H         LINE#         262
  C:18ACH         LINE#         263
  C:18ACH         LINE#         266
  C:18AFH         LINE#         297
  -------         ENDPROC       MAIN
  -------         ENDMOD        MAIN

  -------         MODULE        PWM
  C:0000H         SYMBOL        _ICE_DUMMY_
  C:2010H         PUBLIC        _get_pwm_channel_x_adjust_duty
  X:62FEH         PUBLIC        expect_adjust_pwm_channel_0_duty
  X:6300H         PUBLIC        expect_adjust_pwm_channel_1_duty
  B:0090H.5       PUBLIC        P15
  B:0090H.6       PUBLIC        P16
BL51 BANKED LINKER/LOCATER V6.22.4.0                                                  03/20/2026  08:59:49  PAGE 10


  X:6302H         PUBLIC        adjust_pwm_channel_0_duty
  X:6304H         PUBLIC        adjust_pwm_channel_1_duty
  X:6306H         PUBLIC        limited_pwm_duty_due_to_temp
  C:2581H         PUBLIC        get_pwm_channel_0_status
  C:258DH         PUBLIC        get_pwm_channel_1_status
  X:6308H         PUBLIC        limited_pwm_duty_due_to_unstable_engine
  C:000FH         PUBLIC        pwm_channel_0_disable
  C:2559H         PUBLIC        pwm_channel_1_disable
  B:0020H.7       PUBLIC        flag_is_time_to_limit_pwm
  C:1D20H         PUBLIC        pwm_init
  C:2567H         PUBLIC        pwm_channel_0_enable
  C:2574H         PUBLIC        pwm_channel_1_enable
  X:630AH         PUBLIC        limited_pwm_duty_due_to_fan_err
  X:630CH         PUBLIC        cur_pwm_channel_0_duty
  X:630EH         PUBLIC        cur_pwm_channel_1_duty
  C:25B0H         PUBLIC        _set_pwm_channel_0_duty
  C:25B9H         PUBLIC        _set_pwm_channel_1_duty
  C:24FFH         SYMBOL        Com0013
  C:24FFH         SYMBOL        L?0020
  C:250AH         SYMBOL        L?0021
  -------         PROC          COM0013
  -------         ENDPROC       COM0013
  -------         PROC          PWM_INIT
  C:1D20H         LINE#         21
  C:1D20H         LINE#         22
  C:1D20H         LINE#         23
  C:1D26H         LINE#         26
  C:1D2AH         LINE#         27
  C:1D2FH         LINE#         28
  C:1D33H         LINE#         29
  C:1D37H         LINE#         30
  C:1D39H         LINE#         31
  C:1D3FH         LINE#         33
  C:1D45H         LINE#         34
  C:1D4BH         LINE#         35
  C:1D51H         LINE#         36
  C:1D57H         LINE#         37
  C:1D5DH         LINE#         39
  C:1D63H         LINE#         40
  C:1D67H         LINE#         41
  C:1D6BH         LINE#         42
  C:1D6FH         LINE#         43
  C:1D74H         LINE#         44
  C:1D7AH         LINE#         47
  C:1D80H         LINE#         49
  C:1D84H         LINE#         50
  C:1D89H         LINE#         51
  C:1D8DH         LINE#         52
  C:1D91H         LINE#         53
  C:1D93H         LINE#         54
  C:1D99H         LINE#         56
  C:1D9FH         LINE#         57
  C:1DA5H         LINE#         58
  C:1DABH         LINE#         59
  C:1DB1H         LINE#         60
  C:1DB7H         LINE#         67
  C:1DBDH         LINE#         68
BL51 BANKED LINKER/LOCATER V6.22.4.0                                                  03/20/2026  08:59:49  PAGE 11


  C:1DC1H         LINE#         69
  C:1DC7H         LINE#         71
  -------         ENDPROC       PWM_INIT
  -------         PROC          _SET_PWM_CHANNEL_0_DUTY
  D:0004H         SYMBOL        channel_duty
  C:25B0H         LINE#         74
  C:25B0H         LINE#         75
  C:25B0H         LINE#         76
  C:25B2H         LINE#         77
  C:25B2H         LINE#         78
  C:25B8H         LINE#         79
  -------         ENDPROC       _SET_PWM_CHANNEL_0_DUTY
  -------         PROC          _SET_PWM_CHANNEL_1_DUTY
  D:0004H         SYMBOL        channel_duty
  C:25B9H         LINE#         82
  C:25B9H         LINE#         83
  C:25B9H         LINE#         84
  C:25BBH         LINE#         85
  C:25BBH         LINE#         86
  C:25C1H         LINE#         87
  -------         ENDPROC       _SET_PWM_CHANNEL_1_DUTY
  -------         PROC          GET_PWM_CHANNEL_0_STATUS
  C:2581H         LINE#         108
  C:2581H         LINE#         109
  C:2581H         LINE#         110
  C:2587H         LINE#         111
  C:2587H         LINE#         112
  C:258AH         LINE#         113
  C:258AH         LINE#         115
  C:258AH         LINE#         116
  C:258CH         LINE#         117
  C:258CH         LINE#         118
  -------         ENDPROC       GET_PWM_CHANNEL_0_STATUS
  -------         PROC          GET_PWM_CHANNEL_1_STATUS
  C:258DH         LINE#         125
  C:258DH         LINE#         126
  C:258DH         LINE#         127
  C:2593H         LINE#         128
  C:2593H         LINE#         129
  C:2596H         LINE#         130
  C:2596H         LINE#         132
  C:2596H         LINE#         133
  C:2598H         LINE#         134
  C:2598H         LINE#         135
  -------         ENDPROC       GET_PWM_CHANNEL_1_STATUS
  -------         PROC          PWM_CHANNEL_0_ENABLE
  C:2567H         LINE#         137
  C:2567H         LINE#         138
  C:2567H         LINE#         140
  C:256DH         LINE#         141
  C:2573H         LINE#         142
  -------         ENDPROC       PWM_CHANNEL_0_ENABLE
  -------         PROC          PWM_CHANNEL_0_DISABLE
  C:000FH         LINE#         144
  C:000FH         LINE#         145
  C:000FH         LINE#         147
  C:0015H         LINE#         148
BL51 BANKED LINKER/LOCATER V6.22.4.0                                                  03/20/2026  08:59:49  PAGE 12


  C:001AH         LINE#         149
  C:001CH         LINE#         150
  -------         ENDPROC       PWM_CHANNEL_0_DISABLE
  -------         PROC          PWM_CHANNEL_1_ENABLE
  C:2574H         LINE#         152
  C:2574H         LINE#         153
  C:2574H         LINE#         155
  C:257AH         LINE#         160
  C:2580H         LINE#         162
  -------         ENDPROC       PWM_CHANNEL_1_ENABLE
  -------         PROC          PWM_CHANNEL_1_DISABLE
  C:2559H         LINE#         164
  C:2559H         LINE#         165
  C:2559H         LINE#         167
  C:255FH         LINE#         173
  C:2564H         LINE#         174
  C:2566H         LINE#         176
  -------         ENDPROC       PWM_CHANNEL_1_DISABLE
  -------         PROC          _GET_PWM_CHANNEL_X_ADJUST_DUTY
  D:0006H         SYMBOL        pwm_adjust_duty
  -------         DO            
  D:0004H         SYMBOL        tmp_pwm_duty
  X:6310H         SYMBOL        limited_pwm_duty_due_to_schedule
  -------         ENDDO         
  C:2010H         LINE#         189
  C:2010H         LINE#         190
  C:2010H         LINE#         193
  C:2010H         LINE#         194
  C:201AH         LINE#         196
  C:201DH         LINE#         197
  C:201DH         LINE#         203
  C:2027H         LINE#         204
  C:2027H         LINE#         206
  C:2052H         LINE#         210
  C:205FH         LINE#         211
  C:205FH         LINE#         212
  C:2064H         LINE#         213
  C:2064H         LINE#         216
  C:2071H         LINE#         217
  C:2071H         LINE#         218
  C:2076H         LINE#         219
  C:2076H         LINE#         222
  C:2083H         LINE#         223
  C:2083H         LINE#         224
  C:2088H         LINE#         225
  C:2088H         LINE#         227
  C:208CH         LINE#         228
  -------         ENDPROC       _GET_PWM_CHANNEL_X_ADJUST_DUTY
  -------         ENDMOD        PWM

  -------         MODULE        ADC
  C:0000H         SYMBOL        _ICE_DUMMY_
  X:62D2H         PUBLIC        adc_val_from_temp
  C:2514H         PUBLIC        adc_config
  C:21CBH         PUBLIC        _adc_channel_sel
  X:62D4H         PUBLIC        adc_engine_val_buff_index
  C:23A1H         PUBLIC        adc_pin_config
BL51 BANKED LINKER/LOCATER V6.22.4.0                                                  03/20/2026  08:59:49  PAGE 13


  X:62D5H         PUBLIC        adc_engine_val_buff
  D:0099H         PUBLIC        ADC_CHS0
  D:0093H         PUBLIC        ADC_DATAH0
  C:2259H         PUBLIC        fan_scan
  C:2108H         PUBLIC        temperature_scan
  D:00A8H         PUBLIC        IE0
  D:00A9H         PUBLIC        IE1
  X:62F5H         PUBLIC        adc_val_from_engine
  D:00AAH         PUBLIC        IE2
  X:62F7H         PUBLIC        temp_status
  D:0094H         PUBLIC        ADC_DATAL0
  D:00ABH         PUBLIC        IE3
  D:00B8H         PUBLIC        IP0
  D:00B1H         PUBLIC        IP1
  D:00B2H         PUBLIC        IP2
  D:00B3H         PUBLIC        IP3
  D:00B4H         PUBLIC        IP4
  D:00B5H         PUBLIC        IP5
  D:00B6H         PUBLIC        IP6
  B:0021H.0       PUBLIC        flag_tim_scan_fan_is_err
  D:00B7H         PUBLIC        IP7
  C:1429H         PUBLIC        ADC_IRQHandler
  C:24E7H         PUBLIC        get_voltage_from_pin
  X:62F8H         PUBLIC        cur_adc_status
  X:62F9H         PUBLIC        cur_fan_status
  X:62FAH         PUBLIC        adc_val_from_knob
  B:00A8H.7       PUBLIC        IE_EA
  C:2434H         PUBLIC        set_duty
  X:62FCH         PUBLIC        adc_val_from_fan
  C:2372H         SYMBOL        Com005B
  C:2372H         SYMBOL        L?0092
  C:2378H         SYMBOL        L?0093
  C:237CH         SYMBOL        L?0094
  C:2384H         SYMBOL        L?0095
  C:2391H         SYMBOL        L?0096
  C:2391H         SYMBOL        L?0097
  C:2399H         SYMBOL        L?0098
  C:2399H         SYMBOL        L?0099
  -------         PROC          COM005B
  -------         ENDPROC       COM005B
  -------         PROC          ADC_PIN_CONFIG
  C:23A1H         LINE#         21
  C:23A1H         LINE#         22
  C:23A1H         LINE#         24
  C:23A7H         LINE#         27
  C:23ADH         LINE#         30
  C:23B3H         LINE#         31
  C:23B8H         LINE#         32
  C:23BDH         LINE#         35
  C:23C3H         LINE#         36
  C:23C8H         LINE#         37
  C:23CDH         LINE#         38
  -------         ENDPROC       ADC_PIN_CONFIG
  -------         PROC          ADC_CONFIG
  C:2514H         LINE#         40
  C:2514H         LINE#         41
  C:2514H         LINE#         42
BL51 BANKED LINKER/LOCATER V6.22.4.0                                                  03/20/2026  08:59:49  PAGE 14


  C:2517H         LINE#         43
  C:2519H         LINE#         44
  C:251FH         LINE#         46
  -------         ENDPROC       ADC_CONFIG
  -------         PROC          _ADC_CHANNEL_SEL
  D:0007H         SYMBOL        adc_sel_pin
  C:21CBH         LINE#         49
  C:21CBH         LINE#         50
  C:21CBH         LINE#         52
  C:21CEH         LINE#         53
  C:21D0H         LINE#         55
  C:21DFH         LINE#         56
  C:21DFH         LINE#         57
  C:21DFH         LINE#         58
  C:21DFH         LINE#         60
  C:21E6H         LINE#         61
  C:21E9H         LINE#         63
  C:21ECH         LINE#         66
  C:21EFH         LINE#         68
  C:21EFH         LINE#         69
  C:21F1H         LINE#         71
  C:21F1H         LINE#         72
  C:21F1H         LINE#         73
  C:21F1H         LINE#         74
  C:21F1H         LINE#         76
  C:21F4H         LINE#         79
  C:21F7H         LINE#         81
  C:21F7H         LINE#         82
  C:21F9H         LINE#         84
  C:21F9H         LINE#         85
  C:21F9H         LINE#         86
  C:21F9H         LINE#         87
  C:21F9H         LINE#         89
  C:21FCH         LINE#         93
  C:21FFH         LINE#         95
  C:21FFH         LINE#         96
  C:2201H         LINE#         98
  C:2201H         LINE#         99
  C:2201H         LINE#         100
  C:2207H         LINE#         101
  C:2207H         LINE#         103
  C:220AH         LINE#         107
  C:220DH         LINE#         109
  C:220DH         LINE#         110
  C:220DH         LINE#         112
  C:220DH         LINE#         113
  C:220DH         LINE#         114
  C:220DH         LINE#         116
  C:2213H         LINE#         118
  -------         ENDPROC       _ADC_CHANNEL_SEL
  -------         PROC          GET_VOLTAGE_FROM_PIN
  C:24E7H         LINE#         121
  C:24E7H         LINE#         122
  C:24E7H         LINE#         123
  -------         ENDPROC       GET_VOLTAGE_FROM_PIN
  -------         PROC          TEMPERATURE_SCAN
  -------         DO            
BL51 BANKED LINKER/LOCATER V6.22.4.0                                                  03/20/2026  08:59:49  PAGE 15


  X:6310H         SYMBOL        voltage
  -------         DO            
  X:62C7H         SYMBOL        cnt
  X:62C8H         SYMBOL        cnt
  -------         ENDDO         
  -------         DO            
  X:62C8H         SYMBOL        cnt
  -------         ENDDO         
  -------         ENDDO         
  C:2108H         LINE#         127
  C:2108H         LINE#         128
  C:2108H         LINE#         129
  C:2112H         LINE#         132
  C:211AH         LINE#         133
  C:211AH         LINE#         135
  C:211AH         LINE#         137
  C:211AH         LINE#         140
  C:2120H         LINE#         141
  C:2126H         LINE#         142
  C:2126H         LINE#         144
  C:2126H         LINE#         146
  C:2128H         LINE#         147
  C:2128H         LINE#         149
  C:2131H         LINE#         156
  C:2137H         LINE#         157
  C:2137H         LINE#         160
  C:2149H         LINE#         161
  C:2149H         LINE#         162
  C:214FH         LINE#         163
  C:2151H         LINE#         165
  C:2151H         LINE#         166
  C:2156H         LINE#         167
  C:2156H         LINE#         169
  C:2160H         LINE#         170
  C:2160H         LINE#         171
  C:2161H         LINE#         173
  C:2166H         LINE#         174
  C:2167H         LINE#         176
  C:2167H         LINE#         177
  C:216BH         LINE#         178
  C:216BH         LINE#         181
  C:216BH         LINE#         182
  -------         ENDPROC       TEMPERATURE_SCAN
  -------         PROC          SET_DUTY
  C:2434H         LINE#         185
  C:2434H         LINE#         186
  C:2434H         LINE#         188
  C:243AH         LINE#         189
  C:243AH         LINE#         190
  C:243DH         LINE#         191
  C:243DH         LINE#         192
  C:243FH         LINE#         193
  C:2442H         LINE#         194
  C:2442H         LINE#         195
  C:2442H         LINE#         196
  C:2449H         LINE#         197
  C:2449H         LINE#         198
BL51 BANKED LINKER/LOCATER V6.22.4.0                                                  03/20/2026  08:59:49  PAGE 16


  C:2453H         LINE#         199
  C:2453H         LINE#         200
  -------         ENDPROC       SET_DUTY
  -------         PROC          FAN_SCAN
  -------         DO            
  D:0006H         SYMBOL        adc_val
  -------         ENDDO         
  C:2259H         LINE#         202
  C:2259H         LINE#         203
  C:2259H         LINE#         204
  C:2261H         LINE#         210
  C:2267H         LINE#         211
  C:2267H         LINE#         212
  C:2270H         LINE#         213
  C:2270H         LINE#         214
  C:2272H         LINE#         215
  C:2274H         LINE#         217
  C:2274H         LINE#         219
  C:2276H         LINE#         220
  C:2276H         LINE#         223
  C:2280H         LINE#         224
  C:2281H         LINE#         226
  C:2281H         LINE#         228
  C:228AH         LINE#         229
  C:228AH         LINE#         230
  C:228CH         LINE#         231
  C:228CH         LINE#         234
  C:2296H         LINE#         235
  C:2296H         LINE#         236
  -------         ENDPROC       FAN_SCAN
  -------         PROC          ADC_IRQHANDLER
  -------         DO            
  X:631EH         SYMBOL        adc_val
  -------         DO            
  X:62C9H         SYMBOL        i
  X:62CAH         SYMBOL        g_tmpbuff
  X:62CEH         SYMBOL        g_adcmax
  X:62D0H         SYMBOL        g_adcmin
  -------         ENDDO         
  -------         ENDDO         
  C:1429H         LINE#         238
  C:1446H         LINE#         241
  C:1446H         LINE#         244
  C:144FH         LINE#         245
  C:144FH         LINE#         246
  C:1469H         LINE#         247
  C:146DH         LINE#         249
  C:1478H         LINE#         250
  C:1478H         LINE#         258
  C:147DH         LINE#         259
  C:147DH         LINE#         260
  C:1480H         LINE#         262
  C:1486H         LINE#         263
  C:1486H         LINE#         264
  C:1492H         LINE#         265
  C:149EH         LINE#         266
  C:14AAH         LINE#         267
BL51 BANKED LINKER/LOCATER V6.22.4.0                                                  03/20/2026  08:59:49  PAGE 17


  C:14B6H         LINE#         268
  C:14D0H         LINE#         269
  C:14D0H         LINE#         271
  C:14D5H         LINE#         272
  C:14DBH         LINE#         273
  C:14DBH         LINE#         275
  C:14E0H         LINE#         276
  C:14E0H         LINE#         277
  C:14F1H         LINE#         278
  C:14F7H         LINE#         281
  C:14FCH         LINE#         282
  C:1502H         LINE#         283
  C:150AH         LINE#         284
  C:1514H         LINE#         286
  C:1514H         LINE#         287
  C:1516H         LINE#         288
  C:151DH         LINE#         289
  C:151DH         LINE#         291
  C:1523H         LINE#         293
  C:1525H         LINE#         294
  C:152CH         LINE#         295
  C:152CH         LINE#         297
  C:1532H         LINE#         299
  C:1534H         LINE#         300
  C:153BH         LINE#         301
  C:153BH         LINE#         303
  C:1546H         LINE#         305
  C:1546H         LINE#         306
  C:1546H         LINE#         309
  C:1546H         LINE#         310
  -------         ENDPROC       ADC_IRQHANDLER
  -------         ENDMOD        ADC

  -------         MODULE        TIME0
  C:0000H         SYMBOL        _ICE_DUMMY_
  C:168AH         PUBLIC        TIMR0_IRQHandler
  X:6339H         SYMBOL        cnt_during_power_on
  D:00D1H         PUBLIC        TMR_ALLCON
  D:00A8H         PUBLIC        IE0
  D:00A9H         PUBLIC        IE1
  D:00AAH         PUBLIC        IE2
  D:00ABH         PUBLIC        IE3
  D:00B8H         PUBLIC        IP0
  D:00B1H         PUBLIC        IP1
  D:00B2H         PUBLIC        IP2
  D:00B3H         PUBLIC        IP3
  D:00B4H         PUBLIC        IP4
  D:00B5H         PUBLIC        IP5
  D:00B6H         PUBLIC        IP6
  D:00B7H         PUBLIC        IP7
  C:24B2H         PUBLIC        tmr0_config
  B:0021H.1       PUBLIC        flag_time_comes_during_power_on
  B:00A8H.7       PUBLIC        IE_EA
  C:25CAH         SYMBOL        Com0031
  C:25CAH         SYMBOL        L?0050
  C:25CAH         SYMBOL        L?0051
  -------         PROC          COM0031
BL51 BANKED LINKER/LOCATER V6.22.4.0                                                  03/20/2026  08:59:49  PAGE 18


  -------         ENDPROC       COM0031
  -------         PROC          TMR0_CONFIG
  C:24B2H         LINE#         14
  C:24B2H         LINE#         15
  C:24B2H         LINE#         16
  C:24B5H         LINE#         17
  C:24B7H         LINE#         21
  C:24BAH         LINE#         22
  C:24BFH         LINE#         23
  C:24C3H         LINE#         24
  C:24C8H         LINE#         25
  C:24CCH         LINE#         26
  -------         ENDPROC       TMR0_CONFIG
  -------         PROC          TIMR0_IRQHANDLER
  -------         DO            
  X:632FH         SYMBOL        rf_learn_cnt
  X:6331H         SYMBOL        fan_normal_cnt
  X:6333H         SYMBOL        fan_err_cnt
  X:6335H         SYMBOL        cnt
  -------         ENDDO         
  -------         DO            
  X:6331H         SYMBOL        fan_normal_cnt
  X:6333H         SYMBOL        fan_err_cnt
  X:6335H         SYMBOL        cnt
  -------         ENDDO         
  -------         DO            
  X:6335H         SYMBOL        cnt
  -------         ENDDO         
  C:168AH         LINE#         59
  C:16A7H         LINE#         62
  C:16A7H         LINE#         67
  C:16B0H         LINE#         68
  C:16B0H         LINE#         69
  C:16B4H         LINE#         72
  C:16BAH         LINE#         80
  C:16C0H         LINE#         81
  C:16C0H         LINE#         82
  C:16C2H         LINE#         83
  C:16C4H         LINE#         84
  C:16C4H         LINE#         86
  C:16CDH         LINE#         87
  C:16CDH         LINE#         88
  C:16D0H         LINE#         89
  C:16D0H         LINE#         91
  C:16D0H         LINE#         94
  C:16D9H         LINE#         95
  C:16D9H         LINE#         96
  C:16DFH         LINE#         97
  C:16EEH         LINE#         98
  C:16EEH         LINE#         99
  C:16F2H         LINE#         100
  C:16F6H         LINE#         101
  C:16F6H         LINE#         102
  C:16F8H         LINE#         104
  C:16F8H         LINE#         105
  C:16FFH         LINE#         106
  C:16FFH         LINE#         107
BL51 BANKED LINKER/LOCATER V6.22.4.0                                                  03/20/2026  08:59:49  PAGE 19


  C:16FFH         LINE#         109
  C:16FFH         LINE#         113
  C:1702H         LINE#         114
  C:1702H         LINE#         115
  C:1708H         LINE#         116
  C:170FH         LINE#         118
  C:171EH         LINE#         119
  C:171EH         LINE#         120
  C:1722H         LINE#         121
  C:1727H         LINE#         122
  C:1727H         LINE#         123
  C:1729H         LINE#         125
  C:1729H         LINE#         126
  C:172FH         LINE#         127
  C:1736H         LINE#         129
  C:1745H         LINE#         130
  C:1745H         LINE#         131
  C:1749H         LINE#         132
  C:174DH         LINE#         133
  C:174DH         LINE#         134
  C:174DH         LINE#         135
  C:174DH         LINE#         137
  C:174DH         LINE#         139
  C:1750H         LINE#         140
  C:1750H         LINE#         145
  C:1769H         LINE#         146
  C:177DH         LINE#         147
  C:177DH         LINE#         148
  C:1787H         LINE#         149
  C:1789H         LINE#         150
  C:1789H         LINE#         151
  C:1789H         LINE#         152
  C:1789H         LINE#         153
  C:1789H         LINE#         156
  C:1789H         LINE#         157
  -------         ENDPROC       TIMR0_IRQHANDLER
  -------         ENDMOD        TIME0

  -------         MODULE        DEBUG
  C:0000H         SYMBOL        _ICE_DUMMY_
  -------         ENDMOD        DEBUG

  -------         MODULE        TIMER1
  C:0000H         SYMBOL        _ICE_DUMMY_
  C:24CDH         PUBLIC        TIMR1_IRQHandler
  X:6342H         PUBLIC        tmr1_cnt
  D:00A8H         PUBLIC        IE0
  C:2549H         PUBLIC        tmr1_disable
  D:00A9H         PUBLIC        IE1
  D:00AAH         PUBLIC        IE2
  D:00ABH         PUBLIC        IE3
  D:00B8H         PUBLIC        IP0
  D:00B1H         PUBLIC        IP1
  D:00B2H         PUBLIC        IP2
  D:00B3H         PUBLIC        IP3
  D:00B4H         PUBLIC        IP4
  D:00B5H         PUBLIC        IP5
BL51 BANKED LINKER/LOCATER V6.22.4.0                                                  03/20/2026  08:59:49  PAGE 20


  D:00B6H         PUBLIC        IP6
  D:00B7H         PUBLIC        IP7
  C:2599H         PUBLIC        tmr1_enable
  C:2297H         PUBLIC        tmr1_config
  B:00A8H.7       PUBLIC        IE_EA
  C:25C2H         SYMBOL        Com004E
  C:25C2H         SYMBOL        L?0079
  C:25C2H         SYMBOL        L?0080
  -------         PROC          COM004E
  -------         ENDPROC       COM004E
  -------         PROC          TMR1_CONFIG
  C:2297H         LINE#         11
  C:2297H         LINE#         12
  C:2297H         LINE#         13
  C:229DH         LINE#         15
  C:22A3H         LINE#         18
  C:22A7H         LINE#         19
  C:22ABH         LINE#         20
  C:22AFH         LINE#         22
  C:22B4H         LINE#         23
  C:22B8H         LINE#         26
  C:22BDH         LINE#         27
  C:22C1H         LINE#         30
  C:22C5H         LINE#         31
  C:22C7H         LINE#         33
  C:22C7H         LINE#         35
  C:22CDH         LINE#         38
  C:22D0H         LINE#         39
  C:22D2H         LINE#         40
  -------         ENDPROC       TMR1_CONFIG
  -------         PROC          TMR1_ENABLE
  C:2599H         LINE#         45
  C:2599H         LINE#         46
  C:2599H         LINE#         48
  C:2599H         LINE#         49
  C:259FH         LINE#         51
  C:25A2H         LINE#         52
  C:25A4H         LINE#         53
  -------         ENDPROC       TMR1_ENABLE
  -------         PROC          TMR1_DISABLE
  C:2549H         LINE#         58
  C:2549H         LINE#         59
  C:2549H         LINE#         61
  C:2549H         LINE#         62
  C:254FH         LINE#         65
  C:2553H         LINE#         66
  C:2555H         LINE#         68
  C:2558H         LINE#         69
  -------         ENDPROC       TMR1_DISABLE
  -------         PROC          TIMR1_IRQHANDLER
  C:24CDH         LINE#         72
  C:24D6H         LINE#         75
  C:24D6H         LINE#         80
  C:24DCH         LINE#         81
  C:24DCH         LINE#         82
  C:24E0H         LINE#         87
  C:24E0H         LINE#         90
BL51 BANKED LINKER/LOCATER V6.22.4.0                                                  03/20/2026  08:59:49  PAGE 21


  C:24E0H         LINE#         91
  -------         ENDPROC       TIMR1_IRQHANDLER
  -------         ENDMOD        TIMER1

  -------         MODULE        TIMER2
  C:0000H         SYMBOL        _ICE_DUMMY_
  C:0D49H         PUBLIC        TIMR2_IRQHandler
  D:00D1H         PUBLIC        TMR_ALLCON
  B:0020H.0       PUBLIC        flag_is_pwm_add_time_comes
  X:6329H         SYMBOL        pwm_duty_add_cnt
  C:2454H         PUBLIC        timer2_config
  B:0080H.3       PUBLIC        P03
  D:00A8H         PUBLIC        IE0
  D:00A9H         PUBLIC        IE1
  D:00AAH         PUBLIC        IE2
  D:00ABH         PUBLIC        IE3
  B:0020H.1       PUBLIC        flag_is_pwm_sub_time_comes
  D:00B8H         PUBLIC        IP0
  D:00B1H         PUBLIC        IP1
  D:00B2H         PUBLIC        IP2
  D:00B3H         PUBLIC        IP3
  D:00B4H         PUBLIC        IP4
  D:00B5H         PUBLIC        IP5
  D:00B6H         PUBLIC        IP6
  D:00B7H         PUBLIC        IP7
  X:632BH         SYMBOL        pwm_duty_sub_cnt
  X:632DH         SYMBOL        pwm_duty_change_cnt
  B:00A8H.7       PUBLIC        IE_EA
  C:216CH         SYMBOL        Com004A
  C:216CH         SYMBOL        L?0075
  C:2175H         SYMBOL        L?0076
  C:2177H         SYMBOL        L?0077
  C:217DH         SYMBOL        L?0078
  C:217DH         SYMBOL        L?0079
  C:2186H         SYMBOL        L?0080
  C:2186H         SYMBOL        L?0081
  C:218FH         SYMBOL        L?0082
  C:218FH         SYMBOL        L?0083
  C:2198H         SYMBOL        L?0084
  C:2198H         SYMBOL        L?0085
  C:219FH         SYMBOL        L?0086
  C:21ABH         SYMBOL        L?0087
  C:21B6H         SYMBOL        L?0088
  C:21C1H         SYMBOL        L?0089
  -------         PROC          COM004A
  -------         ENDPROC       COM004A
  -------         PROC          TIMER2_CONFIG
  C:2454H         LINE#         14
  C:2454H         LINE#         15
  C:2454H         LINE#         16
  C:2457H         LINE#         17
  C:2459H         LINE#         20
  C:245CH         LINE#         21
  C:2461H         LINE#         22
  C:2467H         LINE#         23
  C:246DH         LINE#         24
  C:2473H         LINE#         25
BL51 BANKED LINKER/LOCATER V6.22.4.0                                                  03/20/2026  08:59:49  PAGE 22


  -------         ENDPROC       TIMER2_CONFIG
  -------         PROC          TIMR2_IRQHANDLER
  -------         DO            
  X:6320H         SYMBOL        rf_bit_cnt
  X:6321H         SYMBOL        __rf_data
  X:6325H         SYMBOL        flag_is_enable_recv
  X:6326H         SYMBOL        __flag_is_recved_data
  X:6327H         SYMBOL        low_level_cnt
  X:6328H         SYMBOL        high_level_cnt
  -------         ENDDO         
  C:0D49H         LINE#         28
  C:0D66H         LINE#         31
  C:0D66H         LINE#         36
  C:0D70H         LINE#         37
  C:0D70H         LINE#         38
  C:0D74H         LINE#         43
  C:0D7AH         LINE#         44
  C:0D80H         LINE#         45
  C:0D86H         LINE#         47
  C:0D95H         LINE#         49
  C:0D95H         LINE#         50
  C:0D99H         LINE#         51
  C:0D9BH         LINE#         52
  C:0D9BH         LINE#         55
  C:0DAAH         LINE#         56
  C:0DAAH         LINE#         57
  C:0DAEH         LINE#         58
  C:0DB0H         LINE#         59
  C:0DB0H         LINE#         62
  C:0DB0H         LINE#         72
  C:0DB3H         LINE#         73
  C:0DB3H         LINE#         75
  C:0DB9H         LINE#         80
  C:0DCDH         LINE#         81
  C:0DCDH         LINE#         82
  C:0DDAH         LINE#         83
  C:0DDAH         LINE#         84
  C:0DDDH         LINE#         85
  C:0DDFH         LINE#         86
  C:0DEAH         LINE#         87
  C:0DEAH         LINE#         88
  C:0DEAH         LINE#         90
  C:0DEAH         LINE#         91
  C:0DEDH         LINE#         92
  C:0DEDH         LINE#         93
  C:0DF0H         LINE#         95
  C:0DF0H         LINE#         96
  C:0DFCH         LINE#         97
  C:0DFCH         LINE#         99
  C:0E02H         LINE#         100
  C:0E02H         LINE#         102
  C:0E0CH         LINE#         103
  C:0E0CH         LINE#         105
  C:0E11H         LINE#         106
  C:0E14H         LINE#         107
  C:0E34H         LINE#         110
  C:0E34H         LINE#         112
BL51 BANKED LINKER/LOCATER V6.22.4.0                                                  03/20/2026  08:59:49  PAGE 23


  C:0E37H         LINE#         113
  C:0E37H         LINE#         114
  C:0E3CH         LINE#         115
  C:0E3CH         LINE#         116
  C:0E3CH         LINE#         117
  C:0E3CH         LINE#         118
  C:0E3EH         LINE#         119
  C:0E5EH         LINE#         122
  C:0E5EH         LINE#         124
  C:0E6AH         LINE#         125
  C:0E6AH         LINE#         126
  C:0E6FH         LINE#         127
  C:0E6FH         LINE#         128
  C:0E7BH         LINE#         129
  C:0E7BH         LINE#         130
  C:0E7DH         LINE#         132
  C:0E7DH         LINE#         134
  C:0E87H         LINE#         135
  C:0E87H         LINE#         136
  C:0E8BH         LINE#         137
  C:0E8BH         LINE#         139
  C:0E90H         LINE#         140
  C:0E92H         LINE#         142
  C:0E99H         LINE#         143
  C:0E99H         LINE#         145
  C:0E99H         LINE#         146
  C:0E9CH         LINE#         147
  C:0E9CH         LINE#         148
  C:0E9EH         LINE#         150
  C:0E9EH         LINE#         153
  C:0EA4H         LINE#         154
  C:0EA4H         LINE#         155
  C:0EAEH         LINE#         156
  C:0EAEH         LINE#         157
  C:0EB2H         LINE#         158
  C:0EB2H         LINE#         159
  C:0EB2H         LINE#         162
  C:0EB8H         LINE#         163
  C:0EB8H         LINE#         165
  C:0EBEH         LINE#         166
  C:0EBEH         LINE#         167
  C:0EC3H         LINE#         168
  C:0EC7H         LINE#         169
  C:0EC9H         LINE#         170
  C:0ECBH         LINE#         174
  C:0ECBH         LINE#         176
  C:0ED7H         LINE#         177
  C:0ED9H         LINE#         178
  C:0ED9H         LINE#         183
  C:0ED9H         LINE#         184
  C:0ED9H         LINE#         192
  C:0EEBH         LINE#         194
  C:0EEBH         LINE#         196
  C:0EEFH         LINE#         198
  C:0EF5H         LINE#         199
  C:0EF5H         LINE#         203
  C:0EFEH         LINE#         204
BL51 BANKED LINKER/LOCATER V6.22.4.0                                                  03/20/2026  08:59:49  PAGE 24


  C:0EFEH         LINE#         205
  C:0F05H         LINE#         206
  C:0F07H         LINE#         207
  C:0F10H         LINE#         208
  C:0F10H         LINE#         209
  C:0F1AH         LINE#         210
  C:0F1AH         LINE#         215
  C:0F23H         LINE#         216
  C:0F23H         LINE#         217
  C:0F2AH         LINE#         218
  C:0F2CH         LINE#         219
  C:0F35H         LINE#         220
  C:0F35H         LINE#         221
  C:0F3FH         LINE#         222
  C:0F3FH         LINE#         224
  C:0F45H         LINE#         225
  C:0F4BH         LINE#         227
  C:0F5AH         LINE#         228
  C:0F5AH         LINE#         230
  C:0F5DH         LINE#         231
  C:0F5FH         LINE#         233
  C:0F5FH         LINE#         234
  C:0F62H         LINE#         235
  C:0F62H         LINE#         237
  C:0F71H         LINE#         238
  C:0F71H         LINE#         240
  C:0F74H         LINE#         241
  C:0F76H         LINE#         243
  C:0F76H         LINE#         244
  C:0F79H         LINE#         245
  C:0F79H         LINE#         247
  C:0F79H         LINE#         253
  C:0F79H         LINE#         255
  C:0F79H         LINE#         258
  C:0F79H         LINE#         259
  -------         ENDPROC       TIMR2_IRQHANDLER
  -------         ENDMOD        TIMER2

  -------         MODULE        KNOB_DIMMING
  C:0000H         SYMBOL        _ICE_DUMMY_
  X:634AH         PUBLIC        limited_max_pwm_duty
  C:18B1H         PUBLIC        update_max_pwm_duty_coefficient
  C:2474H         SYMBOL        Com0017
  C:2474H         SYMBOL        L?0024
  C:2479H         SYMBOL        L?0025
  C:247CH         SYMBOL        L?0026
  C:247EH         SYMBOL        L?0027
  C:2487H         SYMBOL        L?0028
  -------         PROC          COM0017
  -------         ENDPROC       COM0017
  -------         PROC          UPDATE_MAX_PWM_DUTY_COEFFICIENT
  -------         DO            
  B:0021H.2       SYMBOL        flag_is_last_limited_equal_zero
  X:6310H         SYMBOL        adc_val
  -------         ENDDO         
  C:18B1H         LINE#         8
  C:18B1H         LINE#         9
BL51 BANKED LINKER/LOCATER V6.22.4.0                                                  03/20/2026  08:59:49  PAGE 25


  C:18B1H         LINE#         17
  C:18C0H         LINE#         23
  C:18C6H         LINE#         24
  C:18C6H         LINE#         27
  C:18D5H         LINE#         28
  C:18D5H         LINE#         29
  C:18DCH         LINE#         30
  C:18DFH         LINE#         32
  C:18E5H         LINE#         33
  C:18E5H         LINE#         40
  C:190BH         LINE#         41
  C:190EH         LINE#         43
  C:191DH         LINE#         44
  C:191DH         LINE#         48
  C:1928H         LINE#         49
  C:192BH         LINE#         51
  C:193AH         LINE#         52
  C:193AH         LINE#         53
  C:194FH         LINE#         54
  C:1951H         LINE#         56
  C:1960H         LINE#         57
  C:1960H         LINE#         58
  C:196BH         LINE#         59
  C:196DH         LINE#         61
  C:197CH         LINE#         62
  C:197CH         LINE#         63
  C:1999H         LINE#         64
  C:199BH         LINE#         66
  C:199BH         LINE#         68
  C:19A5H         LINE#         69
  C:19A5H         LINE#         71
  C:19AFH         LINE#         72
  C:19AFH         LINE#         73
  C:19B1H         LINE#         74
  C:19B1H         LINE#         75
  C:19B2H         LINE#         77
  C:19B2H         LINE#         78
  C:19B8H         LINE#         79
  C:19B8H         LINE#         80
  C:19BAH         LINE#         81
  C:19BAH         LINE#         82
  C:19BAH         LINE#         83
  -------         ENDPROC       UPDATE_MAX_PWM_DUTY_COEFFICIENT
  -------         ENDMOD        KNOB_DIMMING

  -------         MODULE        RF_RECV
  C:0000H         SYMBOL        _ICE_DUMMY_
  C:1DC8H         SYMBOL        rf_key_get_key_id
  X:6269H         PUBLIC        flag_is_in_rf_learning
  C:230AH         PUBLIC        rf_recv_init
  X:626AH         SYMBOL        rf_key_1_event_table
  X:627EH         PUBLIC        tmp_rf_addr
  X:6282H         PUBLIC        rf_key_para
  X:6295H         SYMBOL        rf_key_1_2_event_table
  B:0090H.1       PUBLIC        P11
  C:2214H         SYMBOL        ___sub_fun_rf_key_get_event
  C:0AD3H         PUBLIC        rf_key_handle
BL51 BANKED LINKER/LOCATER V6.22.4.0                                                  03/20/2026  08:59:49  PAGE 26


  X:62BDH         PUBLIC        rf_data
  X:62C1H         PUBLIC        rf_remote_info
  B:0020H.2       PUBLIC        flag_is_rf_enable
  C:1F89H         SYMBOL        ___rf_key_get_event
  B:0020H.3       PUBLIC        flag_is_recved_rf_data
  C:1AB8H         SYMBOL        Com00A2
  C:1AB8H         SYMBOL        L?0163
  C:1ABDH         SYMBOL        L?0164
  C:1AC0H         SYMBOL        L?0165
  C:1AD1H         SYMBOL        L?0166
  C:1AD6H         SYMBOL        L?0167
  C:1AD9H         SYMBOL        L?0168
  C:1AEAH         SYMBOL        L?0169
  C:1AF2H         SYMBOL        L?0170
  C:1B00H         SYMBOL        L?0171
  C:1B08H         SYMBOL        L?0172
  C:1B16H         SYMBOL        L?0173
  C:1B1EH         SYMBOL        L?0174
  C:1B2CH         SYMBOL        L?0175
  C:1B34H         SYMBOL        L?0176
  C:1B42H         SYMBOL        L?0177
  C:1B45H         SYMBOL        L?0178
  C:1B48H         SYMBOL        L?0179
  C:1B4FH         SYMBOL        L?0180
  C:1B4FH         SYMBOL        L?0181
  C:1B55H         SYMBOL        L?0182
  C:1B55H         SYMBOL        L?0183
  C:1B5DH         SYMBOL        L?0184
  C:1B5DH         SYMBOL        L?0185
  C:1B64H         SYMBOL        L?0186
  C:1B71H         SYMBOL        L?0187
  C:1B7EH         SYMBOL        L?0188
  C:1B8AH         SYMBOL        L?0189
  C:1B93H         SYMBOL        L?0190
  -------         PROC          COM00A2
  -------         ENDPROC       COM00A2
  -------         PROC          RF_KEY_GET_KEY_ID
  -------         DO            
  X:6310H         SYMBOL        ret
  -------         ENDDO         
  C:1DC8H         LINE#         212
  C:1DC8H         LINE#         213
  C:1DC8H         LINE#         214
  C:1DCEH         LINE#         215
  C:1DCEH         LINE#         216
  C:1DD0H         LINE#         217
  C:1DDCH         LINE#         218
  C:1DDCH         LINE#         221
  C:1DE4H         LINE#         225
  C:1DEAH         LINE#         226
  C:1DEAH         LINE#         230
  C:1DF4H         LINE#         231
  C:1DF4H         LINE#         232
  C:1DFCH         LINE#         233
  C:1E01H         LINE#         234
  C:1E03H         LINE#         235
  C:1E0BH         LINE#         236
BL51 BANKED LINKER/LOCATER V6.22.4.0                                                  03/20/2026  08:59:49  PAGE 27


  C:1E0BH         LINE#         238
  C:1E13H         LINE#         239
  C:1E13H         LINE#         242
  C:1E15H         LINE#         244
  C:1E15H         LINE#         249
  C:1E1AH         LINE#         250
  C:1E1AH         LINE#         253
  C:1E2BH         LINE#         255
  C:1E2BH         LINE#         257
  C:1E32H         LINE#         258
  C:1E34H         LINE#         259
  C:1E45H         LINE#         261
  C:1E45H         LINE#         264
  C:1E45H         LINE#         266
  C:1E45H         LINE#         268
  C:1E45H         LINE#         269
  C:1E45H         LINE#         270
  C:1E47H         LINE#         272
  C:1E47H         LINE#         274
  C:1E4DH         LINE#         275
  C:1E4DH         LINE#         276
  C:1E4DH         LINE#         279
  C:1E57H         LINE#         280
  C:1E5DH         LINE#         281
  C:1E5DH         LINE#         283
  C:1E5DH         LINE#         284
  C:1E60H         LINE#         285
  C:1E60H         LINE#         286
  C:1E60H         LINE#         288
  C:1E60H         LINE#         289
  C:1E62H         LINE#         290
  C:1E62H         LINE#         291
  -------         ENDPROC       RF_KEY_GET_KEY_ID
  -------         PROC          ___SUB_FUN_RF_KEY_GET_EVENT
  D:0001H         SYMBOL        key_val
  D:0005H         SYMBOL        key_event
  D:0003H         SYMBOL        table_index
  -------         DO            
  D:0007H         SYMBOL        ret_key_event
  D:0006H         SYMBOL        i
  -------         ENDDO         
  C:2214H         LINE#         303
  C:2216H         LINE#         304
  C:2216H         LINE#         305
  C:2218H         LINE#         306
  C:2219H         LINE#         307
  C:221EH         LINE#         308
  C:221EH         LINE#         309
  C:221EH         LINE#         310
  C:221EH         LINE#         312
  C:2227H         LINE#         313
  C:2227H         LINE#         314
  C:222AH         LINE#         315
  C:222CH         LINE#         316
  C:222CH         LINE#         317
  C:2232H         LINE#         318
  C:2232H         LINE#         319
BL51 BANKED LINKER/LOCATER V6.22.4.0                                                  03/20/2026  08:59:49  PAGE 28


  C:2237H         LINE#         320
  C:2237H         LINE#         321
  C:2238H         LINE#         322
  C:2238H         LINE#         324
  C:2241H         LINE#         325
  C:2241H         LINE#         326
  C:2252H         LINE#         327
  C:2253H         LINE#         328
  C:2253H         LINE#         329
  C:2258H         LINE#         330
  C:2258H         LINE#         332
  C:2258H         LINE#         334
  C:2258H         LINE#         336
  C:2258H         LINE#         337
  -------         ENDPROC       ___SUB_FUN_RF_KEY_GET_EVENT
  -------         PROC          ___RF_KEY_GET_EVENT
  X:6311H         SYMBOL        key_val
  X:6312H         SYMBOL        key_event
  -------         DO            
  X:6313H         SYMBOL        ret_key_event
  X:6314H         SYMBOL        i
  -------         ENDDO         
  C:1F89H         LINE#         347
  C:1F91H         LINE#         348
  C:1F91H         LINE#         349
  C:1F94H         LINE#         350
  C:1F96H         LINE#         352
  C:1F9CH         LINE#         353
  C:1F9CH         LINE#         366
  C:1FA9H         LINE#         367
  C:1FA9H         LINE#         369
  C:1FB0H         LINE#         370
  C:1FB0H         LINE#         372
  C:1FB0H         LINE#         373
  C:1FB2H         LINE#         374
  C:1FBAH         LINE#         375
  C:1FBAH         LINE#         377
  C:1FBAH         LINE#         378
  C:1FBAH         LINE#         379
  C:1FBCH         LINE#         381
  C:1FBCH         LINE#         384
  C:1FC4H         LINE#         385
  C:1FC4H         LINE#         387
  C:1FC4H         LINE#         390
  C:1FC6H         LINE#         391
  C:1FCFH         LINE#         392
  C:1FCFH         LINE#         394
  C:1FCFH         LINE#         396
  C:1FD1H         LINE#         398
  C:1FD1H         LINE#         400
  C:1FD1H         LINE#         401
  C:1FD1H         LINE#         402
  C:1FD1H         LINE#         404
  C:1FD1H         LINE#         406
  C:1FDEH         LINE#         407
  C:1FDEH         LINE#         409
  C:1FE5H         LINE#         410
BL51 BANKED LINKER/LOCATER V6.22.4.0                                                  03/20/2026  08:59:49  PAGE 29


  C:1FE5H         LINE#         412
  C:1FEFH         LINE#         413
  C:1FF1H         LINE#         414
  C:1FF8H         LINE#         415
  C:1FF8H         LINE#         417
  C:200AH         LINE#         418
  C:200AH         LINE#         419
  C:200AH         LINE#         421
  C:200AH         LINE#         423
  C:200AH         LINE#         424
  C:200AH         LINE#         426
  C:200FH         LINE#         427
  -------         ENDPROC       ___RF_KEY_GET_EVENT
  -------         PROC          RF_KEY_HANDLE
  -------         DO            
  X:6310H         SYMBOL        rf_key_event
  -------         DO            
  X:6268H         SYMBOL        last_key_event
  -------         ENDDO         
  -------         ENDDO         
  C:0AD3H         LINE#         430
  C:0AD3H         LINE#         431
  C:0AD3H         LINE#         432
  C:0AD8H         LINE#         435
  C:0AE2H         LINE#         436
  C:0AE2H         LINE#         438
  C:0AE2H         LINE#         440
  C:0AEFH         LINE#         441
  C:0AF5H         LINE#         442
  C:0AF8H         LINE#         444
  C:0AF8H         LINE#         447
  C:0B00H         LINE#         448
  C:0B00H         LINE#         450
  C:0B0CH         LINE#         451
  C:0B0CH         LINE#         453
  C:0B16H         LINE#         455
  C:0B16H         LINE#         461
  C:0B16H         LINE#         464
  C:0B1CH         LINE#         465
  C:0B28H         LINE#         467
  C:0B32H         LINE#         468
  C:0B32H         LINE#         470
  C:0B35H         LINE#         471
  C:0B37H         LINE#         473
  C:0B37H         LINE#         475
  C:0B3AH         LINE#         476
  C:0B3AH         LINE#         478
  C:0B3FH         LINE#         479
  C:0B48H         LINE#         486
  C:0B4EH         LINE#         487
  C:0B4EH         LINE#         488
  C:0B4EH         LINE#         489
  C:0B50H         LINE#         491
  C:0B50H         LINE#         492
  C:0B58H         LINE#         493
  C:0B58H         LINE#         494
  C:0B5AH         LINE#         495
BL51 BANKED LINKER/LOCATER V6.22.4.0                                                  03/20/2026  08:59:49  PAGE 30


  C:0B61H         LINE#         496
  C:0B61H         LINE#         497
  C:0B6EH         LINE#         499
  C:0B6EH         LINE#         500
  C:0B74H         LINE#         502
  C:0B74H         LINE#         503
  C:0B74H         LINE#         505
  C:0B74H         LINE#         512
  C:0B7CH         LINE#         513
  C:0B7CH         LINE#         515
  C:0B7CH         LINE#         518
  C:0B8DH         LINE#         519
  C:0B8DH         LINE#         521
  C:0B91H         LINE#         522
  C:0B91H         LINE#         529
  C:0BE4H         LINE#         530
  C:0BE4H         LINE#         531
  C:0BE4H         LINE#         532
  C:0BE4H         LINE#         537
  C:0BF0H         LINE#         538
  C:0BF0H         LINE#         539
  C:0BF0H         LINE#         540
  C:0BF0H         LINE#         552
  C:0BF3H         LINE#         574
  C:0BF3H         LINE#         575
  C:0BF3H         LINE#         579
  C:0BF3H         LINE#         580
  C:0BF3H         LINE#         590
  C:0BF6H         LINE#         592
  C:0BF6H         LINE#         594
  C:0BF6H         LINE#         595
  C:0BFEH         LINE#         596
  C:0BFEH         LINE#         598
  C:0BFEH         LINE#         599
  C:0BFEH         LINE#         604
  C:0C01H         LINE#         606
  C:0C01H         LINE#         608
  C:0C05H         LINE#         609
  C:0C0DH         LINE#         610
  C:0C0DH         LINE#         612
  C:0C0DH         LINE#         613
  C:0C0DH         LINE#         615
  C:0C10H         LINE#         617
  C:0C10H         LINE#         620
  C:0C10H         LINE#         621
  C:0C18H         LINE#         622
  C:0C18H         LINE#         624
  C:0C18H         LINE#         625
  C:0C18H         LINE#         630
  C:0C1BH         LINE#         632
  C:0C1BH         LINE#         634
  C:0C1FH         LINE#         635
  C:0C27H         LINE#         636
  C:0C27H         LINE#         638
  C:0C27H         LINE#         639
  C:0C27H         LINE#         641
  C:0C2AH         LINE#         643
BL51 BANKED LINKER/LOCATER V6.22.4.0                                                  03/20/2026  08:59:49  PAGE 31


  C:0C2AH         LINE#         644
  C:0C2AH         LINE#         648
  C:0C2DH         LINE#         653
  C:0C30H         LINE#         655
  C:0C30H         LINE#         656
  C:0C30H         LINE#         660
  C:0C33H         LINE#         665
  C:0C36H         LINE#         667
  C:0C36H         LINE#         671
  C:0C3BH         LINE#         672
  C:0C3BH         LINE#         674
  C:0C3BH         LINE#         675
  C:0C43H         LINE#         676
  C:0C43H         LINE#         677
  C:0C43H         LINE#         678
  C:0C43H         LINE#         679
  C:0C45H         LINE#         691
  C:0C45H         LINE#         693
  C:0C4AH         LINE#         694
  C:0C4AH         LINE#         695
  C:0C4AH         LINE#         697
  C:0C52H         LINE#         698
  C:0C52H         LINE#         699
  C:0C52H         LINE#         700
  C:0C52H         LINE#         701
  C:0C54H         LINE#         703
  C:0C54H         LINE#         704
  C:0C58H         LINE#         705
  C:0C58H         LINE#         707
  C:0C5BH         LINE#         709
  C:0C5BH         LINE#         713
  C:0C60H         LINE#         714
  C:0C60H         LINE#         715
  C:0C60H         LINE#         716
  C:0C68H         LINE#         717
  C:0C68H         LINE#         718
  C:0C69H         LINE#         719
  C:0C69H         LINE#         720
  C:0C6CH         LINE#         722
  C:0C6CH         LINE#         724
  C:0C70H         LINE#         725
  C:0C70H         LINE#         730
  C:0C73H         LINE#         732
  C:0C73H         LINE#         734
  C:0C78H         LINE#         735
  C:0C78H         LINE#         736
  C:0C78H         LINE#         738
  C:0C80H         LINE#         739
  C:0C80H         LINE#         740
  C:0C81H         LINE#         741
  C:0C81H         LINE#         742
  C:0C84H         LINE#         744
  C:0C84H         LINE#         745
  C:0C88H         LINE#         746
  C:0C88H         LINE#         748
  C:0C8BH         LINE#         752
  C:0C8BH         LINE#         756
BL51 BANKED LINKER/LOCATER V6.22.4.0                                                  03/20/2026  08:59:49  PAGE 32


  C:0C8BH         LINE#         757
  C:0C90H         LINE#         758
  C:0C90H         LINE#         760
  C:0C93H         LINE#         761
  C:0C93H         LINE#         763
  C:0C93H         LINE#         764
  C:0C9BH         LINE#         765
  C:0C9BH         LINE#         767
  C:0C9BH         LINE#         768
  C:0C9BH         LINE#         773
  C:0C9EH         LINE#         775
  C:0C9EH         LINE#         786
  C:0CA5H         LINE#         787
  C:0CAAH         LINE#         788
  C:0CAAH         LINE#         790
  C:0CADH         LINE#         791
  C:0CADH         LINE#         793
  C:0CB4H         LINE#         794
  C:0CBCH         LINE#         795
  C:0CBCH         LINE#         797
  C:0CBCH         LINE#         798
  C:0CBCH         LINE#         800
  C:0CBFH         LINE#         802
  C:0CBFH         LINE#         803
  C:0CBFH         LINE#         805
  C:0CC9H         LINE#         806
  C:0CD3H         LINE#         811
  C:0CD4H         LINE#         813
  C:0CD4H         LINE#         817
  C:0CD9H         LINE#         818
  C:0CD9H         LINE#         820
  C:0CD9H         LINE#         821
  C:0CDEH         LINE#         822
  C:0CDEH         LINE#         823
  C:0CDFH         LINE#         824
  C:0CDFH         LINE#         825
  C:0CE1H         LINE#         827
  C:0CE1H         LINE#         829
  C:0CE8H         LINE#         830
  C:0CE8H         LINE#         832
  C:0CEDH         LINE#         833
  C:0CEDH         LINE#         835
  C:0CEDH         LINE#         836
  C:0CF2H         LINE#         837
  C:0CF2H         LINE#         838
  C:0CF3H         LINE#         839
  C:0CF3H         LINE#         840
  C:0CF5H         LINE#         842
  C:0CF5H         LINE#         844
  C:0CF9H         LINE#         845
  C:0CF9H         LINE#         850
  C:0CFBH         LINE#         852
  C:0CFBH         LINE#         856
  C:0D00H         LINE#         857
  C:0D00H         LINE#         858
  C:0D00H         LINE#         860
  C:0D05H         LINE#         861
BL51 BANKED LINKER/LOCATER V6.22.4.0                                                  03/20/2026  08:59:49  PAGE 33


  C:0D05H         LINE#         862
  C:0D06H         LINE#         863
  C:0D06H         LINE#         864
  C:0D08H         LINE#         866
  C:0D08H         LINE#         867
  C:0D0FH         LINE#         868
  C:0D0FH         LINE#         870
  C:0D14H         LINE#         871
  C:0D14H         LINE#         872
  C:0D14H         LINE#         874
  C:0D19H         LINE#         875
  C:0D19H         LINE#         876
  C:0D1AH         LINE#         877
  C:0D1AH         LINE#         878
  C:0D1CH         LINE#         880
  C:0D1CH         LINE#         881
  C:0D20H         LINE#         882
  C:0D20H         LINE#         884
  C:0D22H         LINE#         886
  C:0D22H         LINE#         887
  C:0D22H         LINE#         890
  C:0D2EH         LINE#         891
  C:0D2EH         LINE#         892
  C:0D35H         LINE#         893
  C:0D3BH         LINE#         899
  C:0D3CH         LINE#         901
  C:0D3CH         LINE#         902
  C:0D42H         LINE#         903
  C:0D48H         LINE#         909
  C:0D48H         LINE#         911
  C:0D48H         LINE#         960
  C:0D48H         LINE#         961
  C:0D48H         LINE#         962
  C:0D48H         LINE#         963
  -------         ENDPROC       RF_KEY_HANDLE
  -------         PROC          RF_RECV_INIT
  C:230AH         LINE#         965
  C:230AH         LINE#         966
  C:230AH         LINE#         975
  C:2310H         LINE#         976
  C:2316H         LINE#         981
  C:231CH         LINE#         982
  C:2322H         LINE#         984
  C:2325H         LINE#         985
  C:2325H         LINE#         986
  C:2327H         LINE#         987
  C:2329H         LINE#         989
  C:2329H         LINE#         990
  C:232BH         LINE#         991
  C:232BH         LINE#         997
  C:232EH         LINE#         998
  C:232EH         LINE#         999
  C:2337H         LINE#         1014
  C:233DH         LINE#         1015
  C:233DH         LINE#         1016
  -------         ENDPROC       RF_RECV_INIT
  -------         ENDMOD        RF_RECV
BL51 BANKED LINKER/LOCATER V6.22.4.0                                                  03/20/2026  08:59:49  PAGE 34



  -------         MODULE        KEY_DRIVER
  C:0000H         SYMBOL        _ICE_DUMMY_
  X:6346H         PUBLIC        scan_para
  C:1130H         PUBLIC        _key_driver_scan
  X:6349H         SYMBOL        is_key_active
  C:23F2H         SYMBOL        Com0021
  C:23F2H         SYMBOL        L?0034
  C:23F5H         SYMBOL        L?0035
  C:23F6H         SYMBOL        L?0036
  C:23FCH         SYMBOL        L?0037
  C:23FFH         SYMBOL        L?0038
  C:2403H         SYMBOL        L?0039
  C:2409H         SYMBOL        L?0040
  C:240CH         SYMBOL        L?0041
  -------         PROC          COM0021
  -------         ENDPROC       COM0021
  -------         PROC          _KEY_DRIVER_SCAN
  D:0001H         SYMBOL        _scan_para
  -------         DO            
  X:6310H         SYMBOL        key_event
  D:0007H         SYMBOL        cur_key_value
  X:6311H         SYMBOL        key_value
  C:1298H         SYMBOL        _notify
  C:12B8H         SYMBOL        _scan_end
  -------         ENDDO         
  C:1130H         LINE#         16
  C:1130H         LINE#         18
  C:1130H         LINE#         23
  C:1135H         LINE#         24
  C:1137H         LINE#         25
  C:113BH         LINE#         29
  C:1141H         LINE#         32
  C:1154H         LINE#         33
  C:1154H         LINE#         35
  C:1154H         LINE#         37
  C:115EH         LINE#         39
  C:1167H         LINE#         45
  C:116BH         LINE#         46
  C:116BH         LINE#         47
  C:1171H         LINE#         48
  C:1173H         LINE#         49
  C:1179H         LINE#         50
  C:1179H         LINE#         51
  C:117CH         LINE#         52
  C:117CH         LINE#         82
  C:1190H         LINE#         83
  C:1190H         LINE#         85
  C:1197H         LINE#         86
  C:119DH         LINE#         88
  C:119DH         LINE#         91
  C:11AEH         LINE#         92
  C:11AEH         LINE#         93
  C:11B9H         LINE#         95
  C:11B9H         LINE#         98
  C:11C5H         LINE#         99
  C:11C5H         LINE#         106
[...]
  C:22E7H         LINE#         42
BL51 BANKED LINKER/LOCATER V6.22.4.0                                                  03/20/2026  08:59:49  PAGE 37


  C:22ECH         LINE#         44
  C:22FBH         LINE#         45
  C:22FEH         LINE#         46
  C:2301H         LINE#         48
  C:2307H         LINE#         49
  C:2309H         LINE#         50
  -------         ENDPROC       _FLASH_PROGRAM
  -------         PROC          _FLASH_READ
  D:0007H         SYMBOL        addr
  X:6311H         SYMBOL        p_data
  X:6314H         SYMBOL        len
  C:233EH         LINE#         59
  C:2344H         LINE#         60
  C:2344H         LINE#         61
  C:234AH         LINE#         62
  C:234AH         LINE#         63
  C:2369H         LINE#         64
  C:236FH         LINE#         65
  C:2371H         LINE#         66
  -------         ENDPROC       _FLASH_READ
  -------         ENDMOD        FLASH

  -------         MODULE        FAN_CTL
  C:0000H         SYMBOL        _ICE_DUMMY_
  B:0090H.2       PUBLIC        P12
  C:2526H         PUBLIC        fan_ctl_config
  C:23CEH         PUBLIC        fan_ctl
  -------         PROC          FAN_CTL_CONFIG
  C:2526H         LINE#         3
  C:2526H         LINE#         4
  C:2526H         LINE#         6
  C:252CH         LINE#         7
  C:2530H         LINE#         8
  C:2535H         LINE#         10
  C:2537H         LINE#         11
  -------         ENDPROC       FAN_CTL_CONFIG
  -------         PROC          FAN_CTL
  C:23CEH         LINE#         14
  C:23CEH         LINE#         15
  C:23CEH         LINE#         18
  C:23ECH         LINE#         19
  C:23ECH         LINE#         20
  C:23EEH         LINE#         21
  C:23EFH         LINE#         25
  C:23EFH         LINE#         27
  C:23F1H         LINE#         28
  C:23F1H         LINE#         29
  -------         ENDPROC       FAN_CTL
  -------         ENDMOD        FAN_CTL

  -------         MODULE        TIMER3
  C:0000H         SYMBOL        _ICE_DUMMY_
  C:19BBH         PUBLIC        TIMR3_IRQHandler
  D:00D1H         PUBLIC        TMR_ALLCON
  C:2413H         PUBLIC        timer3_config
  D:00A8H         PUBLIC        IE0
  D:00A9H         PUBLIC        IE1
BL51 BANKED LINKER/LOCATER V6.22.4.0                                                  03/20/2026  08:59:49  PAGE 38


  D:00AAH         PUBLIC        IE2
  D:00ABH         PUBLIC        IE3
  D:00B8H         PUBLIC        IP0
  D:00B1H         PUBLIC        IP1
  D:00B2H         PUBLIC        IP2
  D:00B3H         PUBLIC        IP3
  D:00B4H         PUBLIC        IP4
  D:00B5H         PUBLIC        IP5
  D:00B6H         PUBLIC        IP6
  D:00B7H         PUBLIC        IP7
  B:00A8H.7       PUBLIC        IE_EA
  C:25D1H         SYMBOL        Com0044
  C:25D1H         SYMBOL        L?0069
  C:25D1H         SYMBOL        L?0070
  -------         PROC          COM0044
  -------         ENDPROC       COM0044
  -------         PROC          TIMER3_CONFIG
  C:2413H         LINE#         13
  C:2413H         LINE#         14
  C:2413H         LINE#         15
  C:2416H         LINE#         16
  C:2418H         LINE#         19
  C:241BH         LINE#         20
  C:2421H         LINE#         21
  C:2427H         LINE#         22
  C:242DH         LINE#         23
  C:2433H         LINE#         24
  -------         ENDPROC       TIMER3_CONFIG
  -------         PROC          TIMR3_IRQHANDLER
  -------         DO            
  X:634CH         SYMBOL        cnt
  X:634DH         SYMBOL        flag_is_time_to_sync_adc_status
  -------         ENDDO         
  C:19BBH         LINE#         26
  C:19D8H         LINE#         29
  C:19D8H         LINE#         32
  C:19DFH         LINE#         33
  C:19DFH         LINE#         36
  C:19E2H         LINE#         38
  C:19E2H         LINE#         40
  C:19E9H         LINE#         43
  C:19E9H         LINE#         46
  C:19EFH         LINE#         47
  C:19F9H         LINE#         48
  C:19F9H         LINE#         49
  C:19FBH         LINE#         50
  C:19FFH         LINE#         51
  C:19FFH         LINE#         53
  C:1A08H         LINE#         54
  C:1A08H         LINE#         55
  C:1A0AH         LINE#         56
  C:1A0CH         LINE#         57
  C:1A0FH         LINE#         58
  C:1A0FH         LINE#         59
  C:1A0FH         LINE#         112
  C:1A19H         LINE#         114
  C:1A19H         LINE#         116
BL51 BANKED LINKER/LOCATER V6.22.4.0                                                  03/20/2026  08:59:49  PAGE 39


  C:1A1EH         LINE#         117
  C:1A24H         LINE#         118
  C:1A27H         LINE#         119
  C:1A2EH         LINE#         120
  C:1A2EH         LINE#         121
  C:1A31H         LINE#         122
  C:1A34H         LINE#         123
  C:1A36H         LINE#         125
  C:1A3DH         LINE#         126
  C:1A3DH         LINE#         128
  C:1A42H         LINE#         129
  C:1A48H         LINE#         130
  C:1A4AH         LINE#         131
  C:1A51H         LINE#         132
  C:1A51H         LINE#         133
  C:1A54H         LINE#         134
  C:1A57H         LINE#         135
  C:1A59H         LINE#         136
  C:1A60H         LINE#         137
  C:1A60H         LINE#         139
  C:1A65H         LINE#         140
  C:1A6BH         LINE#         141
  C:1A6DH         LINE#         142
  C:1A74H         LINE#         143
  C:1A74H         LINE#         144
  C:1A77H         LINE#         145
  C:1A7AH         LINE#         146
  C:1A7CH         LINE#         147
  C:1A83H         LINE#         148
  C:1A83H         LINE#         150
  C:1A88H         LINE#         151
  C:1A8EH         LINE#         152
  C:1A90H         LINE#         153
  C:1A97H         LINE#         154
  C:1A97H         LINE#         155
  C:1A9AH         LINE#         156
  C:1A9DH         LINE#         157
  C:1A9DH         LINE#         192
  C:1A9DH         LINE#         193
  -------         ENDPROC       TIMR3_IRQHANDLER
  -------         ENDMOD        TIMER3

  -------         MODULE        ENGINE
  C:0000H         SYMBOL        _ICE_DUMMY_
  X:6003H         PUBLIC        t_count
  X:6005H         PUBLIC        filter_buff
  X:6045H         PUBLIC        filter_buff_2_index
  X:6047H         PUBLIC        filter_buff_2
  X:6263H         PUBLIC        t_adc_min
  X:6265H         PUBLIC        t_adc_max
  X:6267H         PUBLIC        over_drive_status
  B:0020H.5       PUBLIC        flag_is_time_to_check_engine
  C:080AH         PUBLIC        according_pin9_to_adjust_pwm
  C:208DH         SYMBOL        Com0035
  C:208DH         SYMBOL        L?0054
  C:2092H         SYMBOL        L?0055
  C:2094H         SYMBOL        L?0056
BL51 BANKED LINKER/LOCATER V6.22.4.0                                                  03/20/2026  08:59:49  PAGE 40


  C:209FH         SYMBOL        L?0057
  C:20A3H         SYMBOL        L?0058
  C:20A4H         SYMBOL        L?0059
  C:20B0H         SYMBOL        L?0060
  C:20B5H         SYMBOL        L?0061
  C:20B8H         SYMBOL        L?0062
  C:20BFH         SYMBOL        L?0063
  C:20C0H         SYMBOL        L?0064
  C:20CDH         SYMBOL        L?0065
  C:20CDH         SYMBOL        L?0066
  C:20D7H         SYMBOL        L?0067
  C:20E7H         SYMBOL        L?0068
  C:20E7H         SYMBOL        L?0069
  C:20E8H         SYMBOL        L?0070
  C:20EFH         SYMBOL        L?0071
  C:20FCH         SYMBOL        L?0072
  -------         PROC          COM0035
  -------         ENDPROC       COM0035
  -------         PROC          ACCORDING_PIN9_TO_ADJUST_PWM
  -------         DO            
  X:6000H         SYMBOL        filter_buff_index
  X:6001H         SYMBOL        flag_is_sub_power
  X:6002H         SYMBOL        flag_is_sub_power2
  B:0020H.4       SYMBOL        flag_is_add_power
  X:6310H         SYMBOL        adc_pin_9_avg
  X:6314H         SYMBOL        adc_val
  -------         DO            
  X:6316H         SYMBOL        i
  X:6316H         SYMBOL        temp
  X:6316H         SYMBOL        i
  X:6316H         SYMBOL        i
  -------         ENDDO         
  -------         DO            
  X:6316H         SYMBOL        temp
  X:6316H         SYMBOL        i
  X:6316H         SYMBOL        i
  -------         ENDDO         
  -------         DO            
  X:6316H         SYMBOL        i
  X:6316H         SYMBOL        i
  -------         ENDDO         
  -------         DO            
  X:6316H         SYMBOL        i
  -------         ENDDO         
  -------         ENDDO         
  C:080AH         LINE#         32
  C:080AH         LINE#         33
  C:080AH         LINE#         39
  C:0814H         LINE#         40
  C:0823H         LINE#         42
  C:082FH         LINE#         43
  C:082FH         LINE#         44
  C:0832H         LINE#         45
  C:083CH         LINE#         46
  C:083CH         LINE#         47
  C:084CH         LINE#         48
  C:0851H         LINE#         50
BL51 BANKED LINKER/LOCATER V6.22.4.0                                                  03/20/2026  08:59:49  PAGE 41


  C:085EH         LINE#         51
  C:085EH         LINE#         52
  C:0869H         LINE#         53
  C:086EH         LINE#         54
  C:086EH         LINE#         56
  C:086EH         LINE#         57
  C:087DH         LINE#         58
  C:088EH         LINE#         59
  C:08A1H         LINE#         60
  C:08A9H         LINE#         61
  C:08AFH         LINE#         62
  C:08B5H         LINE#         63
  C:08B5H         LINE#         64
  C:08B7H         LINE#         65
  C:08B7H         LINE#         66
  C:08B7H         LINE#         68
  C:08B7H         LINE#         69
  C:08BAH         LINE#         70
  C:08BAH         LINE#         71
  C:08BAH         LINE#         72
  C:08D7H         LINE#         73
  C:08E6H         LINE#         76
  C:08F7H         LINE#         77
  C:08F7H         LINE#         80
  C:091DH         LINE#         81
  C:0923H         LINE#         82
  C:0932H         LINE#         83
  C:0932H         LINE#         84
  C:0936H         LINE#         85
  C:0936H         LINE#         87
  C:0936H         LINE#         88
  C:0939H         LINE#         89
  C:093FH         LINE#         90
  C:0948H         LINE#         91
  C:0955H         LINE#         92
  C:0955H         LINE#         93
  C:096CH         LINE#         94
  C:096CH         LINE#         95
  C:097BH         LINE#         96
  C:097BH         LINE#         97
  C:0995H         LINE#         98
  C:0995H         LINE#         99
  C:09A4H         LINE#         100
  C:09A4H         LINE#         101
  C:09C2H         LINE#         102
  C:09C2H         LINE#         103
  C:09C8H         LINE#         104
  C:09CAH         LINE#         106
  C:09CAH         LINE#         107
  C:09D0H         LINE#         108
  C:09D3H         LINE#         109
  C:09D3H         LINE#         110
  C:09D9H         LINE#         124
  C:09D9H         LINE#         127
  C:09F8H         LINE#         128
  C:09F8H         LINE#         130
  C:09FDH         LINE#         131
BL51 BANKED LINKER/LOCATER V6.22.4.0                                                  03/20/2026  08:59:49  PAGE 42


  C:09FFH         LINE#         132
  C:0A01H         LINE#         134
  C:0A08H         LINE#         135
  C:0A08H         LINE#         136
  C:0A0BH         LINE#         137
  C:0A10H         LINE#         138
  C:0A10H         LINE#         139
  C:0A17H         LINE#         140
  C:0A17H         LINE#         142
  C:0A20H         LINE#         143
  C:0A20H         LINE#         144
  C:0A20H         LINE#         145
  C:0A20H         LINE#         146
  C:0A23H         LINE#         147
  C:0A2CH         LINE#         148
  C:0A2CH         LINE#         150
  C:0A32H         LINE#         151
  C:0A32H         LINE#         152
  C:0A34H         LINE#         153
  C:0A46H         LINE#         154
  C:0A46H         LINE#         155
  C:0A46H         LINE#         156
  C:0A46H         LINE#         157
  C:0A46H         LINE#         158
  C:0A46H         LINE#         159
  C:0A48H         LINE#         161
  C:0A5FH         LINE#         162
  C:0A5FH         LINE#         164
  C:0A62H         LINE#         165
  C:0A62H         LINE#         166
  C:0A64H         LINE#         168
  C:0A6DH         LINE#         169
  C:0A6DH         LINE#         170
  C:0A70H         LINE#         171
  C:0A70H         LINE#         173
  C:0A75H         LINE#         174
  C:0A77H         LINE#         176
  C:0A7CH         LINE#         177
  C:0A7CH         LINE#         178
  C:0A7CH         LINE#         179
  C:0A7EH         LINE#         180
  C:0A84H         LINE#         181
  C:0A84H         LINE#         182
  C:0A88H         LINE#         183
  C:0A8AH         LINE#         185
  C:0A8AH         LINE#         186
  C:0A94H         LINE#         187
  C:0A94H         LINE#         188
  C:0A94H         LINE#         189
  C:0A95H         LINE#         190
  C:0AA0H         LINE#         191
  C:0AA0H         LINE#         193
  C:0AA3H         LINE#         194
  C:0AA3H         LINE#         195
  C:0AA5H         LINE#         197
  C:0AABH         LINE#         198
  C:0AB0H         LINE#         199
BL51 BANKED LINKER/LOCATER V6.22.4.0                                                  03/20/2026  08:59:49  PAGE 43


  C:0AB2H         LINE#         201
  C:0AC1H         LINE#         202
  C:0AC1H         LINE#         203
  C:0AC9H         LINE#         204
  C:0AC9H         LINE#         206
  C:0AC9H         LINE#         207
  C:0AD2H         LINE#         208
  C:0AD2H         LINE#         209
  C:0AD2H         LINE#         210
  C:0AD2H         LINE#         211
  -------         ENDPROC       ACCORDING_PIN9_TO_ADJUST_PWM
  -------         ENDMOD        ENGINE

  -------         MODULE        ?C?FPADD
  C:004CH         PUBLIC        ?C?FPADD
  C:0048H         PUBLIC        ?C?FPSUB
  -------         ENDMOD        ?C?FPADD

  -------         MODULE        ?C?FPMUL
  C:013DH         PUBLIC        ?C?FPMUL
  -------         ENDMOD        ?C?FPMUL

  -------         MODULE        ?C?FPDIV
  C:0246H         PUBLIC        ?C?FPDIV
  -------         ENDMOD        ?C?FPDIV

  -------         MODULE        ?C?CASTF
  C:02E3H         PUBLIC        ?C?CASTF
  -------         ENDMOD        ?C?CASTF

  -------         MODULE        POW
  X:6310H         PUBLIC        ?_pow?BYTE
  C:12C3H         PUBLIC        _pow
  -------         ENDMOD        POW

  -------         MODULE        ?C?CHKFLOAT
  C:0364H         PUBLIC        ?C?CHKFLOAT
  -------         ENDMOD        ?C?CHKFLOAT

  -------         MODULE        ?C?FPCMP
  C:0380H         PUBLIC        ?C?FPCMP
  C:037EH         PUBLIC        ?C?FPCMP3
  -------         ENDMOD        ?C?FPCMP

  -------         MODULE        ?C?FPNEG
  C:03F7H         PUBLIC        ?C?FPNEG
  -------         ENDMOD        ?C?FPNEG

  -------         MODULE        ?C?FCAST
  C:0412H         PUBLIC        ?C?FCASTC
  C:040DH         PUBLIC        ?C?FCASTI
  C:0408H         PUBLIC        ?C?FCASTL
  -------         ENDMOD        ?C?FCAST

  -------         MODULE        EXP
  C:1E9BH         PUBLIC        _EXP
  -------         ENDMOD        EXP
BL51 BANKED LINKER/LOCATER V6.22.4.0                                                  03/20/2026  08:59:49  PAGE 44



  -------         MODULE        LOG
  C:1595H         PUBLIC        _LOG
  C:1591H         PUBLIC        _LOG10
  -------         ENDMOD        LOG

  -------         MODULE        ?C?CLDPTR
  C:0493H         PUBLIC        ?C?CLDPTR
  -------         ENDMOD        ?C?CLDPTR

  -------         MODULE        ?C?CLDOPTR
  C:04ACH         PUBLIC        ?C?CLDOPTR
  -------         ENDMOD        ?C?CLDOPTR

  -------         MODULE        ?C?CILDOPTR
  C:04D9H         PUBLIC        ?C?CILDOPTR
  -------         ENDMOD        ?C?CILDOPTR

  -------         MODULE        ?C?CSTPTR
  C:050CH         PUBLIC        ?C?CSTPTR
  -------         ENDMOD        ?C?CSTPTR

  -------         MODULE        ?C?CSTOPTR
  C:051EH         PUBLIC        ?C?CSTOPTR
  -------         ENDMOD        ?C?CSTOPTR

  -------         MODULE        ?C?IILDX
  C:0540H         PUBLIC        ?C?IILDX
  -------         ENDMOD        ?C?IILDX

  -------         MODULE        ?C?LADD
  C:0556H         PUBLIC        ?C?LADD
  -------         ENDMOD        ?C?LADD

  -------         MODULE        ?C?LMUL
  C:0563H         PUBLIC        ?C?LMUL
  -------         ENDMOD        ?C?LMUL

  -------         MODULE        ?C?ULDIV
  C:05EEH         PUBLIC        ?C?ULDIV
  -------         ENDMOD        ?C?ULDIV

  -------         MODULE        ?C?LNEG
  C:0680H         PUBLIC        ?C?LNEG
  -------         ENDMOD        ?C?LNEG

  -------         MODULE        ?C?ULCMP
  C:068EH         PUBLIC        ?C?ULCMP
  -------         ENDMOD        ?C?ULCMP

  -------         MODULE        ?C?ULSHR
  C:069FH         PUBLIC        ?C?ULSHR
  -------         ENDMOD        ?C?ULSHR

  -------         MODULE        ?C?LSHL
  C:06B2H         PUBLIC        ?C?LSHL
  -------         ENDMOD        ?C?LSHL
BL51 BANKED LINKER/LOCATER V6.22.4.0                                                  03/20/2026  08:59:49  PAGE 45



  -------         MODULE        ?C?LLDXDATA
  C:06C5H         PUBLIC        ?C?LLDXDATA
  -------         ENDMOD        ?C?LLDXDATA

  -------         MODULE        ?C?LLDCODE
  C:06D1H         PUBLIC        ?C?LLDCODE
  -------         ENDMOD        ?C?LLDCODE

  -------         MODULE        ?C?LLDXDATA0
  C:06E1H         PUBLIC        ?C?LLDXDATA0
  -------         ENDMOD        ?C?LLDXDATA0

  -------         MODULE        ?C?LLDCODE0
  C:06EDH         PUBLIC        ?C?LLDCODE0
  -------         ENDMOD        ?C?LLDCODE0

  -------         MODULE        ?C?LSTXDATA
  C:06FDH         PUBLIC        ?C?LSTXDATA
  -------         ENDMOD        ?C?LSTXDATA

  -------         MODULE        ?C?LSTKXDATA
  C:0709H         PUBLIC        ?C?LSTKXDATA
  -------         ENDMOD        ?C?LSTKXDATA

  -------         MODULE        ?C?PLDXDATA
  C:073AH         PUBLIC        ?C?PLDXDATA
  -------         ENDMOD        ?C?PLDXDATA

  -------         MODULE        ?C?PLDIXDATA
  C:0743H         PUBLIC        ?C?PLDIXDATA
  -------         ENDMOD        ?C?PLDIXDATA

  -------         MODULE        ?C?PSTXDATA
  C:075AH         PUBLIC        ?C?PSTXDATA
  -------         ENDMOD        ?C?PSTXDATA

  -------         MODULE        ?C?PLDOPTR
  C:0763H         PUBLIC        ?C?PLDOPTR
  -------         ENDMOD        ?C?PLDOPTR

  -------         MODULE        ?C?CCASE
  C:0793H         PUBLIC        ?C?CCASE
  -------         ENDMOD        ?C?CCASE

  -------         MODULE        ?C?ICALL
  C:07B9H         PUBLIC        ?C?ICALL
  C:07BDH         PUBLIC        ?C?ICALL2
  -------         ENDMOD        ?C?ICALL

  -------         MODULE        ?C?LIMUL
  C:07BFH         PUBLIC        ?C?LIMUL
  -------         ENDMOD        ?C?LIMUL

  -------         MODULE        ?C?PLDIDATA
  C:07ECH         PUBLIC        ?C?PLDIDATA
  -------         ENDMOD        ?C?PLDIDATA
BL51 BANKED LINKER/LOCATER V6.22.4.0                                                  03/20/2026  08:59:49  PAGE 46



  -------         MODULE        ?C?PLDPDATA
  C:07F5H         PUBLIC        ?C?PLDPDATA
  -------         ENDMOD        ?C?PLDPDATA

  -------         MODULE        ?C?PLDCODE
  C:07FEH         PUBLIC        ?C?PLDCODE
  -------         ENDMOD        ?C?PLDCODE

*** WARNING L16: UNCALLED SEGMENT, IGNORED FOR OVERLAY PROCESS
    SEGMENT: ?PR?TMR1_CONFIG?TIMER1

*** WARNING L16: UNCALLED SEGMENT, IGNORED FOR OVERLAY PROCESS
    SEGMENT: ?PR?TMR1_ENABLE?TIMER1

*** WARNING L16: UNCALLED SEGMENT, IGNORED FOR OVERLAY PROCESS
    SEGMENT: ?PR?TMR1_DISABLE?TIMER1

Program Size: data=10.4 xdata=846 code=9687
LINK/LOCATE RUN COMPLETE.  3 WARNING(S),  0 ERROR(S)
