BL51 BANKED LINKER/LOCATER V6.22.4.0                                                    03/24/2026  16:53:21  PAGE 1


BL51 BANKED LINKER/LOCATER V6.22.4.0, INVOKED BY:
C:\KEIL_V5\C51\BIN\BL51.EXE .\Release\Objects\STARTUP.obj, .\Release\Objects\system.obj, .\Release\Objects\main.obj, .\R
>> elease\Objects\pwm.obj, .\Release\Objects\adc.obj, .\Release\Objects\time0.obj, .\Release\Objects\debug.obj, .\Releas
>> e\Objects\timer1.obj, .\Release\Objects\timer2.obj, .\Release\Objects\knob_dimming.obj, .\Release\Objects\rf_recv.obj
>> , .\Release\Objects\key_driver.obj, .\Release\Objects\flash.obj, .\Release\Objects\fan_ctl.obj, .\Release\Objects\tim
>> er3.obj, .\Release\Objects\engine.obj TO .\Release\Objects\Demo PRINT (.\Release\Listings\Demo.m51) RAMSIZE (256) COD
>> E (0X0000-0X3EEF) XDATA (0X6000-0X66FF)


MEMORY MODEL: LARGE WITH FLOATING POINT ARITHMETIC


INPUT MODULES INCLUDED:
  .\Release\Objects\STARTUP.obj (?C_STARTUP)
  .\Release\Objects\system.obj (SYSTEM)
  .\Release\Objects\main.obj (MAIN)
  .\Release\Objects\pwm.obj (PWM)
  .\Release\Objects\adc.obj (ADC)
  .\Release\Objects\time0.obj (TIME0)
  .\Release\Objects\debug.obj (DEBUG)
  .\Release\Objects\timer1.obj (TIMER1)
  .\Release\Objects\timer2.obj (TIMER2)
  .\Release\Objects\knob_dimming.obj (KNOB_DIMMING)
  .\Release\Objects\rf_recv.obj (RF_RECV)
  .\Release\Objects\key_driver.obj (KEY_DRIVER)
  .\Release\Objects\flash.obj (FLASH)
  .\Release\Objects\fan_ctl.obj (FAN_CTL)
  .\Release\Objects\timer3.obj (TIMER3)
  .\Release\Objects\engine.obj (ENGINE)
  C:\KEIL_V5\C51\LIB\C51FPL.LIB (?C?FPADD)
  C:\KEIL_V5\C51\LIB\C51FPL.LIB (?C?FPMUL)
  C:\KEIL_V5\C51\LIB\C51FPL.LIB (?C?FPDIV)
  C:\KEIL_V5\C51\LIB\C51FPL.LIB (?C?CASTF)
  C:\KEIL_V5\C51\LIB\C51FPL.LIB (POW)
  C:\KEIL_V5\C51\LIB\C51FPL.LIB (?C?FPGETOPN)
  C:\KEIL_V5\C51\LIB\C51FPL.LIB (?C?CHKFLOAT)
  C:\KEIL_V5\C51\LIB\C51FPL.LIB (?C?FPCMP)
  C:\KEIL_V5\C51\LIB\C51FPL.LIB (?C?FPNEG)
  C:\KEIL_V5\C51\LIB\C51FPL.LIB (?C?FCAST)
  C:\KEIL_V5\C51\LIB\C51FPL.LIB (EXP)
  C:\KEIL_V5\C51\LIB\C51FPL.LIB (LOG)
  C:\KEIL_V5\C51\LIB\C51FPL.LIB (?C?FPSERIES)
  C:\KEIL_V5\C51\LIB\C51L.LIB (?C_INIT)
  C:\KEIL_V5\C51\LIB\C51L.LIB (?C?CLDPTR)
  C:\KEIL_V5\C51\LIB\C51L.LIB (?C?CLDOPTR)
  C:\KEIL_V5\C51\LIB\C51L.LIB (?C?CILDOPTR)
  C:\KEIL_V5\C51\LIB\C51L.LIB (?C?CSTPTR)
  C:\KEIL_V5\C51\LIB\C51L.LIB (?C?CSTOPTR)
  C:\KEIL_V5\C51\LIB\C51L.LIB (?C?IILDX)
  C:\KEIL_V5\C51\LIB\C51L.LIB (?C?LADD)
  C:\KEIL_V5\C51\LIB\C51L.LIB (?C?LMUL)
  C:\KEIL_V5\C51\LIB\C51L.LIB (?C?ULDIV)
  C:\KEIL_V5\C51\LIB\C51L.LIB (?C?LNEG)
  C:\KEIL_V5\C51\LIB\C51L.LIB (?C?ULCMP)
  C:\KEIL_V5\C51\LIB\C51L.LIB (?C?ULSHR)
  C:\KEIL_V5\C51\LIB\C51L.LIB (?C?LSHL)
  C:\KEIL_V5\C51\LIB\C51L.LIB (?C?LLDXDATA)
  C:\KEIL_V5\C51\LIB\C51L.LIB (?C?LLDCODE)
BL51 BANKED LINKER/LOCATER V6.22.4.0                                                  03/24/2026  16:53:21  PAGE 2


  C:\KEIL_V5\C51\LIB\C51L.LIB (?C?LLDXDATA0)
  C:\KEIL_V5\C51\LIB\C51L.LIB (?C?LLDCODE0)
  C:\KEIL_V5\C51\LIB\C51L.LIB (?C?LSTXDATA)
  C:\KEIL_V5\C51\LIB\C51L.LIB (?C?LSTKXDATA)
  C:\KEIL_V5\C51\LIB\C51L.LIB (?C?PLDXDATA)
  C:\KEIL_V5\C51\LIB\C51L.LIB (?C?PLDIXDATA)
  C:\KEIL_V5\C51\LIB\C51L.LIB (?C?PSTXDATA)
  C:\KEIL_V5\C51\LIB\C51L.LIB (?C?PLDOPTR)
  C:\KEIL_V5\C51\LIB\C51L.LIB (?C?CCASE)
  C:\KEIL_V5\C51\LIB\C51L.LIB (?C?ICALL)
  C:\KEIL_V5\C51\LIB\C51L.LIB (?C?LIMUL)
  C:\KEIL_V5\C51\LIB\C51L.LIB (?C?PLDIDATA)
  C:\KEIL_V5\C51\LIB\C51L.LIB (?C?PLDPDATA)
  C:\KEIL_V5\C51\LIB\C51L.LIB (?C?PLDCODE)


LINK MAP OF MODULE:  .\Release\Objects\Demo (?C_STARTUP)


            TYPE    BASE      LENGTH    RELOCATION   SEGMENT NAME
            -----------------------------------------------------

            * * * * * * *   D A T A   M E M O R Y   * * * * * * *
            REG     0000H     0008H     ABSOLUTE     "REG BANK 0"
                    0008H     0018H                  *** GAP ***
            BIT     0020H.0   0000H.2   UNIT         ?BI?TIMER2
            BIT     0020H.2   0000H.2   UNIT         ?BI?RF_RECV
            BIT     0020H.4   0000H.2   UNIT         ?BI?ENGINE
            BIT     0020H.6   0000H.1   UNIT         ?BI?MAIN
            BIT     0020H.7   0000H.1   UNIT         ?BI?ADC
            BIT     0021H.0   0000H.1   UNIT         ?BI?TIME0
            BIT     0021H.1   0000H.1   UNIT         ?BI?KNOB_DIMMING
            BIT     0021H.2   0000H.1   UNIT         _BIT_GROUP_
                    0021H.3   0000H.5                *** GAP ***
            IDATA   0022H     0001H     UNIT         ?STACK

            * * * * * * *  X D A T A   M E M O R Y  * * * * * * *
                    0000H     6000H                  *** GAP ***
            XDATA   6000H     026BH     UNIT         ?XD?ENGINE
            XDATA   626BH     005FH     UNIT         ?XD?RF_RECV
            XDATA   62CAH     0041H     UNIT         ?XD?ADC
            XDATA   630BH     0013H     UNIT         ?XD?PWM
            XDATA   631EH     0010H     UNIT         _XDATA_GROUP_
            XDATA   632EH     000FH     UNIT         ?XD?TIMER2
            XDATA   633DH     000BH     UNIT         ?XD?TIME0
            XDATA   6348H     0008H     UNIT         ?XD?MAIN
            XDATA   6350H     0004H     UNIT         ?XD?TIMER1
            XDATA   6354H     0004H     UNIT         ?XD?KNOB_DIMMING
            XDATA   6358H     0004H     UNIT         ?XD?KEY_DRIVER
            XDATA   635CH     0002H     UNIT         ?XD?TIMER3

            * * * * * * *   C O D E   M E M O R Y   * * * * * * *
            CODE    0000H     0003H     ABSOLUTE     
            CODE    0003H     000CH     ABSOLUTE     
            CODE    000FH     000EH     UNIT         ?PR?PWM_CHANNEL_0_DISABLE?PWM
                    001DH     0001H                  *** GAP ***
            CODE    001EH     0003H     ABSOLUTE     
BL51 BANKED LINKER/LOCATER V6.22.4.0                                                  03/24/2026  16:53:21  PAGE 3


            CODE    0021H     0003H     ABSOLUTE     
            CODE    0024H     0003H     ABSOLUTE     
            CODE    0027H     0003H     ABSOLUTE     
            CODE    002AH     0018H     UNIT         ?PR?_DELAY_MS?SYSTEM
            CODE    0042H     0003H     ABSOLUTE     
            CODE    0045H     07C5H     UNIT         ?C?LIB_CODE
            CODE    080AH     02E5H     UNIT         ?PR?ACCORDING_PIN9_TO_ADJUST_PWM?ENGINE
            CODE    0AEFH     0276H     UNIT         ?PR?RF_KEY_HANDLE?RF_RECV
            CODE    0D65H     024BH     UNIT         ?PR?TIMR2_IRQHANDLER?TIMER2
            CODE    0FB0H     01C8H     UNIT         ?C_INITSEG
            CODE    1178H     0193H     UNIT         ?PR?_KEY_DRIVER_SCAN?KEY_DRIVER
            CODE    130BH     0166H     UNIT         ?PR?_POW?POW
            CODE    1471H     0134H     UNIT         ?PR?ADC_IRQHANDLER?ADC
            CODE    15A5H     0129H     UNIT         ?PR?LOG?LOG
            CODE    16CEH     0121H     UNIT         ?PR?TIMR0_IRQHANDLER?TIME0
            CODE    17EFH     0115H     UNIT         ?PR?UPDATE_MAX_PWM_DUTY_COEFFICIENT?KNOB_DIMMING
            CODE    1904H     0114H     UNIT         ?PR?MAIN?MAIN
            CODE    1A18H     00FDH     UNIT         ?PR?TIMR3_IRQHANDLER?TIMER3
            CODE    1B15H     00E5H     UNIT         ?PR?RF_RECV
            CODE    1BFAH     00CFH     UNIT         ?PR?SYSTEM_INIT?SYSTEM
            CODE    1CC9H     00B4H     UNIT         ?PR?ADJUST_PWM_DUTY_WHEN_POWER_ON?MAIN
            CODE    1D7DH     00A8H     UNIT         ?PR?PWM_INIT?PWM
            CODE    1E25H     009BH     UNIT         ?PR?RF_KEY_GET_KEY_ID?RF_RECV
            CODE    1EC0H     009AH     UNIT         ?PR?EXP?EXP
            CODE    1F5AH     008CH     UNIT         ?C_C51STARTUP
            CODE    1FE6H     0087H     UNIT         ?PR?___RF_KEY_GET_EVENT?RF_RECV
            CODE    206DH     007FH     UNIT         ?PR?_GET_PWM_CHANNEL_X_ADJUST_DUTY?PWM
            CODE    20ECH     007BH     UNIT         ?PR?ENGINE
            CODE    2167H     0079H     UNIT         ?PR?TEMPERATURE_SCAN?ADC
            CODE    21E0H     005FH     UNIT         ?PR?TIMER2
            CODE    223FH     005CH     UNIT         ?PR?FAN_SCAN?ADC
            CODE    229BH     0049H     UNIT         ?PR?_ADC_CHANNEL_SEL?ADC
            CODE    22E4H     0047H     UNIT         ?PR?_ADC_UPDATE_VAL?ADC
            CODE    232BH     0045H     UNIT         ?PR?___SUB_FUN_RF_KEY_GET_EVENT?RF_RECV
            CODE    2370H     003CH     UNIT         ?PR?TMR1_CONFIG?TIMER1
            CODE    23ACH     0037H     UNIT         ?PR?_FLASH_PROGRAM?FLASH
            CODE    23E3H     0034H     UNIT         ?PR?RF_RECV_INIT?RF_RECV
            CODE    2417H     0034H     UNIT         ?PR?_FLASH_READ?FLASH
            CODE    244BH     0033H     UNIT         ?PR?PWM
            CODE    247EH     0030H     UNIT         ?PR?ADC
            CODE    24AEH     002EH     UNIT         ?PR?_ADC_GET_VAL?ADC
            CODE    24DCH     002EH     UNIT         ?PR?_ADC_GET_FLAG?ADC
            CODE    250AH     002DH     UNIT         ?PR?ADC_PIN_CONFIG?ADC
            CODE    2537H     0027H     UNIT         ?PR?_ADC_CLEAR_FLAG?ADC
            CODE    255EH     0024H     UNIT         ?PR?FAN_CTL?FAN_CTL
            CODE    2582H     0021H     UNIT         ?PR?KEY_DRIVER
            CODE    25A3H     0021H     UNIT         ?PR?TIMER3_CONFIG?TIMER3
            CODE    25C4H     0020H     UNIT         ?PR?SET_DUTY?ADC
            CODE    25E4H     0020H     UNIT         ?PR?TIMER2_CONFIG?TIMER2
            CODE    2604H     0020H     UNIT         ?PR?KNOB_DIMMING
            CODE    2624H     001EH     UNIT         ?PR?MAIN
            CODE    2642H     001BH     UNIT         ?PR?TMR0_CONFIG?TIME0
            CODE    265DH     001AH     UNIT         ?PR?TIMR1_IRQHANDLER?TIMER1
            CODE    2677H     0012H     UNIT         ?PR?ADC_CONFIG?ADC
            CODE    2689H     0012H     UNIT         ?PR?FAN_CTL_CONFIG?FAN_CTL
            CODE    269BH     0011H     UNIT         ?PR?_FLASH_ERASE_SECTOR?FLASH
            CODE    26ACH     0010H     UNIT         ?PR?TMR1_DISABLE?TIMER1
BL51 BANKED LINKER/LOCATER V6.22.4.0                                                  03/24/2026  16:53:21  PAGE 4


            CODE    26BCH     000EH     UNIT         ?PR?PWM_CHANNEL_1_DISABLE?PWM
            CODE    26CAH     000DH     UNIT         ?PR?PWM_CHANNEL_0_ENABLE?PWM
            CODE    26D7H     000DH     UNIT         ?PR?PWM_CHANNEL_1_ENABLE?PWM
            CODE    26E4H     000CH     UNIT         ?PR?GET_PWM_CHANNEL_0_STATUS?PWM
            CODE    26F0H     000CH     UNIT         ?PR?GET_PWM_CHANNEL_1_STATUS?PWM
            CODE    26FCH     000CH     UNIT         ?PR?TMR1_ENABLE?TIMER1
            CODE    2708H     000BH     UNIT         ?PR?_DELAY?SYSTEM
            CODE    2713H     0009H     UNIT         ?PR?_SET_PWM_CHANNEL_0_DUTY?PWM
            CODE    271CH     0009H     UNIT         ?PR?_SET_PWM_CHANNEL_1_DUTY?PWM
            CODE    2725H     0008H     UNIT         ?PR?TIMER1
            CODE    272DH     0007H     UNIT         ?PR?TIME0
            CODE    2734H     0007H     UNIT         ?PR?TIMER3



OVERLAY MAP OF MODULE:   .\Release\Objects\Demo (?C_STARTUP)


SEGMENT                                             BIT_GROUP          XDATA_GROUP
  +--> CALLED SEGMENT                            START    LENGTH     START    LENGTH
------------------------------------------------------------------------------------
?C_C51STARTUP                                    -----    -----      -----    -----
  +--> ?PR?MAIN?MAIN
  +--> ?C_INITSEG

?PR?MAIN?MAIN                                    -----    -----      -----    -----
  +--> ?PR?SYSTEM_INIT?SYSTEM
  +--> ?PR?ADC_PIN_CONFIG?ADC
  +--> ?PR?ADC_CONFIG?ADC
  +--> ?PR?TMR0_CONFIG?TIME0
  +--> ?PR?PWM_INIT?PWM
  +--> ?PR?TIMER2_CONFIG?TIMER2
  +--> ?PR?TIMER3_CONFIG?TIMER3
  +--> ?PR?RF_RECV_INIT?RF_RECV
  +--> ?PR?FAN_CTL_CONFIG?FAN_CTL
  +--> ?PR?_DELAY_MS?SYSTEM
  +--> ?PR?MAIN
  +--> ?PR?UPDATE_MAX_PWM_DUTY_COEFFICIENT?K...
  +--> ?PR?ADJUST_PWM_DUTY_WHEN_POWER_ON?MAIN
  +--> ?PR?_SET_PWM_CHANNEL_0_DUTY?PWM
  +--> ?PR?_SET_PWM_CHANNEL_1_DUTY?PWM
  +--> ?PR?TEMPERATURE_SCAN?ADC
  +--> ?PR?FAN_SCAN?ADC
  +--> ?PR?SET_DUTY?ADC
  +--> ?PR?_KEY_DRIVER_SCAN?KEY_DRIVER
  +--> ?PR?RF_KEY_HANDLE?RF_RECV
  +--> ?PR?_GET_PWM_CHANNEL_X_ADJUST_DUTY?PWM
  +--> ?PR?FAN_CTL?FAN_CTL

?PR?SYSTEM_INIT?SYSTEM                           -----    -----      -----    -----
  +--> ?PR?_DELAY?SYSTEM
  +--> ?PR?_DELAY_MS?SYSTEM

?PR?_DELAY_MS?SYSTEM                             -----    -----      -----    -----
  +--> ?PR?_DELAY?SYSTEM

?PR?ADC_CONFIG?ADC                               -----    -----      -----    -----
BL51 BANKED LINKER/LOCATER V6.22.4.0                                                  03/24/2026  16:53:21  PAGE 5


  +--> ?PR?_DELAY_MS?SYSTEM

?PR?RF_RECV_INIT?RF_RECV                         -----    -----      -----    -----
  +--> ?PR?RF_RECV
  +--> ?PR?_FLASH_READ?FLASH

?PR?_FLASH_READ?FLASH                            -----    -----      631EH    0005H

?PR?UPDATE_MAX_PWM_DUTY_COEFFICIENT?K...         -----    -----      -----    -----
  +--> ?PR?_ADC_GET_FLAG?ADC
  +--> ?PR?_ADC_GET_VAL?ADC
  +--> ?PR?_ADC_CLEAR_FLAG?ADC
  +--> ?PR?KNOB_DIMMING

?PR?ADJUST_PWM_DUTY_WHEN_POWER_ON?MAIN           -----    -----      -----    -----
  +--> ?PR?MAIN
  +--> ?PR?_POW?POW

?PR?_POW?POW                                     -----    -----      631EH    000AH
  +--> ?PR?LOG?LOG
  +--> ?PR?EXP?EXP

?PR?LOG?LOG                                      0021H.2  0000H.1    6328H    0004H

?PR?_SET_PWM_CHANNEL_0_DUTY?PWM                  -----    -----      -----    -----
  +--> ?PR?PWM

?PR?_SET_PWM_CHANNEL_1_DUTY?PWM                  -----    -----      -----    -----
  +--> ?PR?PWM

?PR?TEMPERATURE_SCAN?ADC                         -----    -----      -----    -----
  +--> ?PR?_ADC_GET_FLAG?ADC
  +--> ?PR?_ADC_GET_VAL?ADC
  +--> ?PR?_ADC_CLEAR_FLAG?ADC

?PR?FAN_SCAN?ADC                                 -----    -----      -----    -----
  +--> ?PR?_ADC_GET_FLAG?ADC
  +--> ?PR?_ADC_GET_VAL?ADC
  +--> ?PR?_ADC_CLEAR_FLAG?ADC

?PR?SET_DUTY?ADC                                 -----    -----      -----    -----
  +--> ?PR?ACCORDING_PIN9_TO_ADJUST_PWM?ENGINE

?PR?ACCORDING_PIN9_TO_ADJUST_PWM?ENGINE          -----    -----      631EH    0006H
  +--> ?PR?_ADC_GET_FLAG?ADC
  +--> ?PR?_ADC_GET_VAL?ADC
  +--> ?PR?_ADC_CLEAR_FLAG?ADC
  +--> ?PR?ENGINE

?PR?_KEY_DRIVER_SCAN?KEY_DRIVER                  -----    -----      631EH    0002H
  +--> ?PR?KEY_DRIVER

?PR?RF_KEY_HANDLE?RF_RECV                        -----    -----      631EH    0001H
  +--> ?PR?___RF_KEY_GET_EVENT?RF_RECV
  +--> ?PR?_FLASH_ERASE_SECTOR?FLASH
  +--> ?PR?RF_RECV
  +--> ?PR?_FLASH_PROGRAM?FLASH
BL51 BANKED LINKER/LOCATER V6.22.4.0                                                  03/24/2026  16:53:21  PAGE 6


  +--> ?PR?GET_PWM_CHANNEL_0_STATUS?PWM
  +--> ?PR?GET_PWM_CHANNEL_1_STATUS?PWM

?PR?___RF_KEY_GET_EVENT?RF_RECV                  -----    -----      631FH    0004H
  +--> ?PR?RF_RECV
  +--> ?PR?___SUB_FUN_RF_KEY_GET_EVENT?RF_RECV

?PR?___SUB_FUN_RF_KEY_GET_EVENT?RF_RECV          -----    -----      -----    -----
  +--> ?PR?RF_RECV

?PR?_FLASH_PROGRAM?FLASH                         -----    -----      631FH    0005H

?PR?_GET_PWM_CHANNEL_X_ADJUST_DUTY?PWM           -----    -----      631EH    0004H
  +--> ?PR?PWM

?C_INITSEG                                       -----    -----      -----    -----
  +--> ?PR?RF_KEY_GET_KEY_ID?RF_RECV

?PR?RF_KEY_GET_KEY_ID?RF_RECV                    -----    -----      631EH    0001H
  +--> ?PR?RF_RECV

*** NEW ROOT ***************************************************

?PR?ADC_IRQHANDLER?ADC                           -----    -----      632CH    0002H
  +--> ?PR?ADC
  +--> ?PR?_ADC_UPDATE_VAL?ADC

*** NEW ROOT ***************************************************

?PR?TIMR0_IRQHANDLER?TIME0                       -----    -----      -----    -----
  +--> ?PR?TIME0

*** NEW ROOT ***************************************************

?PR?TIMR2_IRQHANDLER?TIMER2                      -----    -----      -----    -----
  +--> ?PR?TIMER2
  +--> ?PR?_SET_PWM_CHANNEL_0_DUTY?PWM
  +--> ?PR?_SET_PWM_CHANNEL_1_DUTY?PWM
  +--> ?PR?PWM_CHANNEL_0_DISABLE?PWM
  +--> ?PR?PWM_CHANNEL_0_ENABLE?PWM
  +--> ?PR?PWM_CHANNEL_1_DISABLE?PWM
  +--> ?PR?PWM_CHANNEL_1_ENABLE?PWM

*** NEW ROOT ***************************************************

?PR?TIMR3_IRQHANDLER?TIMER3                      -----    -----      -----    -----
  +--> ?PR?_ADC_CHANNEL_SEL?ADC
  +--> ?PR?TIMER3

?PR?_ADC_CHANNEL_SEL?ADC                         -----    -----      -----    -----
  +--> ?PR?ADC



SYMBOL TABLE OF MODULE:  .\Release\Objects\Demo (?C_STARTUP)

  VALUE           TYPE          NAME
BL51 BANKED LINKER/LOCATER V6.22.4.0                                                  03/24/2026  16:53:21  PAGE 7


  ----------------------------------

  -------         MODULE        ?C_STARTUP
  C:1F5AH         SEGMENT       ?C_C51STARTUP
  I:0022H         SEGMENT       ?STACK
  C:0000H         PUBLIC        ?C_STARTUP
  D:00E0H         SYMBOL        ACC
  D:00F0H         SYMBOL        B
  D:0083H         SYMBOL        DPH
  D:0082H         SYMBOL        DPL
  N:0000H         SYMBOL        IBPSTACK
  N:0100H         SYMBOL        IBPSTACKTOP
  N:0080H         SYMBOL        IDATALEN
  C:1F5DH         SYMBOL        IDATALOOP
  N:0000H         SYMBOL        PBPSTACK
  N:0100H         SYMBOL        PBPSTACKTOP
  N:0000H         SYMBOL        PDATALEN
  N:0000H         SYMBOL        PDATASTART
  N:0000H         SYMBOL        PPAGE
  N:0000H         SYMBOL        PPAGEENABLE
  D:00A0H         SYMBOL        PPAGE_SFR
  D:0081H         SYMBOL        SP
  C:1F5AH         SYMBOL        STARTUP1
  N:0000H         SYMBOL        XBPSTACK
  N:0000H         SYMBOL        XBPSTACKTOP
  N:0000H         SYMBOL        XDATALEN
  N:0000H         SYMBOL        XDATASTART
  C:0000H         LINE#         126
  C:1F5AH         LINE#         133
  C:1F5CH         LINE#         134
  C:1F5DH         LINE#         135
  C:1F5EH         LINE#         136
  C:1F60H         LINE#         185
  C:1F63H         LINE#         196
  -------         ENDMOD        ?C_STARTUP

  -------         MODULE        SYSTEM
  C:0000H         SYMBOL        _ICE_DUMMY_
  D:00A7H         PUBLIC        FLASH_TIMEREG0
  C:2708H         PUBLIC        _delay
  D:00ACH         PUBLIC        FLASH_TIMEREG1
  C:1BFAH         PUBLIC        system_init
  C:002AH         PUBLIC        _delay_ms
  -------         PROC          _DELAY
  D:0006H         SYMBOL        cnt
  C:2708H         LINE#         37
  C:2708H         LINE#         38
  C:2708H         LINE#         39
  C:2712H         LINE#         40
  C:2712H         LINE#         41
  C:2712H         LINE#         42
  -------         ENDPROC       _DELAY
  -------         PROC          _DELAY_MS
  D:0002H         SYMBOL        ms
  C:002AH         LINE#         49
  C:002EH         LINE#         50
  C:002EH         LINE#         51
BL51 BANKED LINKER/LOCATER V6.22.4.0                                                  03/24/2026  16:53:21  PAGE 8


  C:0038H         LINE#         52
  C:0038H         LINE#         53
  C:003FH         LINE#         54
  C:0041H         LINE#         55
  -------         ENDPROC       _DELAY_MS
  -------         PROC          SYSTEM_INIT
  -------         DO            
  D:0007H         SYMBOL        i
  -------         ENDDO         
  C:1BFAH         LINE#         62
  C:1BFAH         LINE#         63
  C:1BFAH         LINE#         66
  C:1C01H         LINE#         67
  C:1C0EH         LINE#         68
  C:1C11H         LINE#         69
  C:1C14H         LINE#         70
  C:1C1AH         LINE#         71
  C:1C20H         LINE#         72
  C:1C26H         LINE#         76
  C:1C28H         LINE#         77
  C:1C28H         LINE#         78
  C:1C35H         LINE#         79
  C:1C3AH         LINE#         81
  C:1CC8H         LINE#         82
  -------         ENDPROC       SYSTEM_INIT
  -------         ENDMOD        SYSTEM

  -------         MODULE        MAIN
  C:0000H         SYMBOL        _ICE_DUMMY_
  C:1904H         PUBLIC        main
  B:0090H.4       PUBLIC        P14
  D:00D9H         PUBLIC        WDT_KEY
  X:6348H         PUBLIC        step
  C:1CC9H         PUBLIC        adjust_pwm_duty_when_power_on
  X:634CH         PUBLIC        mi
  B:0020H.6       PUBLIC        flag_is_in_power_on
  C:2624H         SYMBOL        Com000E
  C:2624H         SYMBOL        L?0015
  C:2624H         SYMBOL        L?0016
  C:262CH         SYMBOL        L?0017
  C:262FH         SYMBOL        L?0018
  C:2638H         SYMBOL        L?0019
  -------         PROC          COM000E
  -------         ENDPROC       COM000E
  -------         PROC          ADJUST_PWM_DUTY_WHEN_POWER_ON
  C:1CC9H         LINE#         68
  C:1CC9H         LINE#         69
  C:1CC9H         LINE#         76
  C:1CE1H         LINE#         78
  C:1CE1H         LINE#         79
  C:1D0BH         LINE#         80
  C:1D20H         LINE#         83
  C:1D4CH         LINE#         84
  C:1D5BH         LINE#         85
  C:1D5BH         LINE#         87
  C:1D70H         LINE#         89
  C:1D70H         LINE#         90
BL51 BANKED LINKER/LOCATER V6.22.4.0                                                  03/24/2026  16:53:21  PAGE 9


  C:1D76H         LINE#         91
  C:1D7CH         LINE#         92
  C:1D7CH         LINE#         97
  -------         ENDPROC       ADJUST_PWM_DUTY_WHEN_POWER_ON
  -------         PROC          MAIN
  C:1904H         LINE#         99
  C:1904H         LINE#         100
  C:1904H         LINE#         102
  C:1907H         LINE#         104
  C:190AH         LINE#         107
  C:190DH         LINE#         108
  C:1914H         LINE#         109
  C:1917H         LINE#         153
  C:1919H         LINE#         156
  C:191CH         LINE#         157
  C:191FH         LINE#         159
  C:1922H         LINE#         160
  C:1925H         LINE#         162
  C:1928H         LINE#         163
  C:192BH         LINE#         165
  C:192EH         LINE#         166
  C:1931H         LINE#         167
  C:1938H         LINE#         170
  C:193EH         LINE#         171
  C:1944H         LINE#         172
  C:194AH         LINE#         173
  C:1950H         LINE#         178
  C:1952H         LINE#         179
  C:1959H         LINE#         180
  C:195FH         LINE#         182
  C:1988H         LINE#         184
  C:1988H         LINE#         185
  C:198BH         LINE#         187
  C:198EH         LINE#         188
  C:198EH         LINE#         189
  C:1990H         LINE#         209
  C:1990H         LINE#         211
  C:1993H         LINE#         212
  C:1993H         LINE#         213
  C:1995H         LINE#         214
  C:1998H         LINE#         215
  C:1998H         LINE#         217
  C:19A3H         LINE#         218
  C:19AEH         LINE#         219
  C:19B0H         LINE#         223
  C:19BFH         LINE#         224
  C:19CEH         LINE#         225
  C:19D0H         LINE#         228
  C:19D0H         LINE#         229
  C:19D0H         LINE#         231
  C:19D3H         LINE#         232
  C:19D6H         LINE#         233
  C:19D9H         LINE#         234
  C:19DCH         LINE#         237
  C:19DEH         LINE#         239
  C:19E1H         LINE#         240
  C:19E1H         LINE#         241
BL51 BANKED LINKER/LOCATER V6.22.4.0                                                  03/24/2026  16:53:21  PAGE 10


  C:19EAH         LINE#         242
  C:19EDH         LINE#         243
  C:19EDH         LINE#         245
  C:19EDH         LINE#         247
  C:1A00H         LINE#         248
  C:1A13H         LINE#         249
  C:1A13H         LINE#         252
  C:1A16H         LINE#         256
  -------         ENDPROC       MAIN
  -------         ENDMOD        MAIN

  -------         MODULE        PWM
  C:0000H         SYMBOL        _ICE_DUMMY_
  C:206DH         PUBLIC        _get_pwm_channel_x_adjust_duty
  X:630BH         PUBLIC        expect_adjust_pwm_channel_0_duty
  X:630DH         PUBLIC        expect_adjust_pwm_channel_1_duty
  B:0090H.5       PUBLIC        P15
  B:0090H.6       PUBLIC        P16
  X:630FH         PUBLIC        adjust_pwm_channel_0_duty
  X:6311H         PUBLIC        adjust_pwm_channel_1_duty
  X:6313H         PUBLIC        limited_pwm_duty_due_to_temp
  C:26E4H         PUBLIC        get_pwm_channel_0_status
  C:26F0H         PUBLIC        get_pwm_channel_1_status
  X:6315H         PUBLIC        limited_pwm_duty_due_to_unstable_engine
  C:000FH         PUBLIC        pwm_channel_0_disable
  C:26BCH         PUBLIC        pwm_channel_1_disable
  X:6317H         PUBLIC        flag_is_time_to_limit_pwm
  C:1D7DH         PUBLIC        pwm_init
  C:26CAH         PUBLIC        pwm_channel_0_enable
  C:26D7H         PUBLIC        pwm_channel_1_enable
  X:6318H         PUBLIC        limited_pwm_duty_due_to_fan_err
  X:631AH         PUBLIC        cur_pwm_channel_0_duty
  X:631CH         PUBLIC        cur_pwm_channel_1_duty
  C:2713H         PUBLIC        _set_pwm_channel_0_duty
  C:271CH         PUBLIC        _set_pwm_channel_1_duty
  C:244BH         SYMBOL        Com0013
  C:244BH         SYMBOL        L?0020
  C:244BH         SYMBOL        L?0021
  C:245CH         SYMBOL        L?0022
  C:245CH         SYMBOL        L?0023
  C:2461H         SYMBOL        L?0024
  C:2469H         SYMBOL        L?0025
  C:2474H         SYMBOL        L?0026
  -------         PROC          COM0013
  -------         ENDPROC       COM0013
  -------         PROC          PWM_INIT
  C:1D7DH         LINE#         21
  C:1D7DH         LINE#         22
  C:1D7DH         LINE#         23
  C:1D83H         LINE#         26
  C:1D87H         LINE#         27
  C:1D8CH         LINE#         28
  C:1D90H         LINE#         29
  C:1D94H         LINE#         30
  C:1D96H         LINE#         31
  C:1D9CH         LINE#         33
  C:1DA2H         LINE#         34
BL51 BANKED LINKER/LOCATER V6.22.4.0                                                  03/24/2026  16:53:21  PAGE 11


  C:1DA8H         LINE#         35
  C:1DAEH         LINE#         36
  C:1DB4H         LINE#         37
  C:1DBAH         LINE#         39
  C:1DC0H         LINE#         40
  C:1DC4H         LINE#         41
  C:1DC8H         LINE#         42
  C:1DCCH         LINE#         43
  C:1DD1H         LINE#         44
  C:1DD7H         LINE#         47
  C:1DDDH         LINE#         49
  C:1DE1H         LINE#         50
  C:1DE6H         LINE#         51
  C:1DEAH         LINE#         52
  C:1DEEH         LINE#         53
  C:1DF0H         LINE#         54
  C:1DF6H         LINE#         56
  C:1DFCH         LINE#         57
  C:1E02H         LINE#         58
  C:1E08H         LINE#         59
  C:1E0EH         LINE#         60
  C:1E14H         LINE#         67
  C:1E1AH         LINE#         68
  C:1E1EH         LINE#         69
  C:1E24H         LINE#         71
  -------         ENDPROC       PWM_INIT
  -------         PROC          _SET_PWM_CHANNEL_0_DUTY
  D:0004H         SYMBOL        channel_duty
  C:2713H         LINE#         74
  C:2713H         LINE#         75
  C:2713H         LINE#         76
  C:2715H         LINE#         77
  C:2715H         LINE#         78
  C:271BH         LINE#         79
  -------         ENDPROC       _SET_PWM_CHANNEL_0_DUTY
  -------         PROC          _SET_PWM_CHANNEL_1_DUTY
  D:0004H         SYMBOL        channel_duty
  C:271CH         LINE#         82
  C:271CH         LINE#         83
  C:271CH         LINE#         84
  C:271EH         LINE#         85
  C:271EH         LINE#         86
  C:2724H         LINE#         87
  -------         ENDPROC       _SET_PWM_CHANNEL_1_DUTY
  -------         PROC          GET_PWM_CHANNEL_0_STATUS
  C:26E4H         LINE#         108
  C:26E4H         LINE#         109
  C:26E4H         LINE#         110
  C:26EAH         LINE#         111
  C:26EAH         LINE#         112
  C:26EDH         LINE#         113
  C:26EDH         LINE#         115
  C:26EDH         LINE#         116
  C:26EFH         LINE#         117
  C:26EFH         LINE#         118
  -------         ENDPROC       GET_PWM_CHANNEL_0_STATUS
  -------         PROC          GET_PWM_CHANNEL_1_STATUS
BL51 BANKED LINKER/LOCATER V6.22.4.0                                                  03/24/2026  16:53:21  PAGE 12


  C:26F0H         LINE#         125
  C:26F0H         LINE#         126
  C:26F0H         LINE#         127
  C:26F6H         LINE#         128
  C:26F6H         LINE#         129
  C:26F9H         LINE#         130
  C:26F9H         LINE#         132
  C:26F9H         LINE#         133
  C:26FBH         LINE#         134
  C:26FBH         LINE#         135
  -------         ENDPROC       GET_PWM_CHANNEL_1_STATUS
  -------         PROC          PWM_CHANNEL_0_ENABLE
  C:26CAH         LINE#         137
  C:26CAH         LINE#         138
  C:26CAH         LINE#         140
  C:26D0H         LINE#         141
  C:26D6H         LINE#         142
  -------         ENDPROC       PWM_CHANNEL_0_ENABLE
  -------         PROC          PWM_CHANNEL_0_DISABLE
  C:000FH         LINE#         144
  C:000FH         LINE#         145
  C:000FH         LINE#         147
  C:0015H         LINE#         148
  C:001AH         LINE#         149
  C:001CH         LINE#         150
  -------         ENDPROC       PWM_CHANNEL_0_DISABLE
  -------         PROC          PWM_CHANNEL_1_ENABLE
  C:26D7H         LINE#         152
  C:26D7H         LINE#         153
  C:26D7H         LINE#         155
  C:26DDH         LINE#         160
  C:26E3H         LINE#         162
  -------         ENDPROC       PWM_CHANNEL_1_ENABLE
  -------         PROC          PWM_CHANNEL_1_DISABLE
  C:26BCH         LINE#         164
  C:26BCH         LINE#         165
  C:26BCH         LINE#         167
  C:26C2H         LINE#         173
  C:26C7H         LINE#         174
  C:26C9H         LINE#         176
  -------         ENDPROC       PWM_CHANNEL_1_DISABLE
  -------         PROC          _GET_PWM_CHANNEL_X_ADJUST_DUTY
  D:0006H         SYMBOL        pwm_adjust_duty
  -------         DO            
  X:631EH         SYMBOL        tmp_pwm_duty
  X:6320H         SYMBOL        limited_pwm_duty_due_to_schedule
  -------         ENDDO         
  C:206DH         LINE#         189
  C:206DH         LINE#         190
  C:206DH         LINE#         193
  C:2074H         LINE#         194
  C:207EH         LINE#         196
  C:2084H         LINE#         197
  C:2084H         LINE#         203
  C:208EH         LINE#         204
  C:208EH         LINE#         206
  C:20B9H         LINE#         210
BL51 BANKED LINKER/LOCATER V6.22.4.0                                                  03/24/2026  16:53:21  PAGE 13


  C:20C1H         LINE#         211
  C:20C1H         LINE#         212
  C:20C7H         LINE#         213
  C:20C7H         LINE#         216
  C:20CFH         LINE#         217
  C:20CFH         LINE#         218
  C:20D5H         LINE#         219
  C:20D5H         LINE#         222
  C:20DDH         LINE#         223
  C:20DDH         LINE#         224
  C:20E3H         LINE#         225
  C:20E3H         LINE#         227
  C:20EBH         LINE#         228
  -------         ENDPROC       _GET_PWM_CHANNEL_X_ADJUST_DUTY
  -------         ENDMOD        PWM

  -------         MODULE        ADC
  C:0000H         SYMBOL        _ICE_DUMMY_
  X:62DBH         SYMBOL        adc_val_from_temp
  C:2677H         PUBLIC        adc_config
  C:229BH         PUBLIC        _adc_channel_sel
  C:2537H         PUBLIC        _adc_clear_flag
  X:62DDH         PUBLIC        adc_engine_val_buff_index
  C:250AH         PUBLIC        adc_pin_config
  X:62DEH         PUBLIC        adc_engine_val_buff
  X:62FEH         SYMBOL        flag_is_adc_val_engine_updated
  C:22E4H         PUBLIC        _adc_update_val
  D:0099H         PUBLIC        ADC_CHS0
  D:0093H         PUBLIC        ADC_DATAH0
  C:223FH         PUBLIC        fan_scan
  C:2167H         PUBLIC        temperature_scan
  D:00A8H         PUBLIC        IE0
  D:00A9H         PUBLIC        IE1
  X:62FFH         SYMBOL        adc_val_from_engine
  D:00AAH         PUBLIC        IE2
  X:6301H         PUBLIC        temp_status
  D:0094H         PUBLIC        ADC_DATAL0
  D:00ABH         PUBLIC        IE3
  C:24DCH         PUBLIC        _adc_get_flag
  D:00B8H         PUBLIC        IP0
  D:00B1H         PUBLIC        IP1
  D:00B2H         PUBLIC        IP2
  D:00B3H         PUBLIC        IP3
  D:00B4H         PUBLIC        IP4
  D:00B5H         PUBLIC        IP5
  D:00B6H         PUBLIC        IP6
  B:0020H.7       PUBLIC        flag_tim_scan_fan_is_err
  D:00B7H         PUBLIC        IP7
  C:1471H         PUBLIC        ADC_IRQHandler
  X:6302H         PUBLIC        cur_adc_status
  X:6303H         SYMBOL        flag_is_adc_val_knob_updated
  X:6304H         PUBLIC        cur_fan_status
  X:6305H         SYMBOL        flag_is_adc_val_fan_updated
  X:6306H         SYMBOL        flag_is_adc_val_temp_updated
  C:24AEH         PUBLIC        _adc_get_val
  X:6307H         SYMBOL        adc_val_from_knob
  B:00A8H.7       PUBLIC        IE_EA
BL51 BANKED LINKER/LOCATER V6.22.4.0                                                  03/24/2026  16:53:21  PAGE 14


  C:25C4H         PUBLIC        set_duty
  X:6309H         SYMBOL        adc_val_from_fan
  C:247EH         SYMBOL        Com007D
  C:247EH         SYMBOL        L?0126
  C:2484H         SYMBOL        L?0127
  C:2488H         SYMBOL        L?0128
  C:2490H         SYMBOL        L?0129
  C:2490H         SYMBOL        L?0130
  C:2499H         SYMBOL        L?0131
  C:24A6H         SYMBOL        L?0132
  C:24A6H         SYMBOL        L?0133
  -------         PROC          COM007D
  -------         ENDPROC       COM007D
  -------         PROC          ADC_PIN_CONFIG
  C:250AH         LINE#         26
  C:250AH         LINE#         27
  C:250AH         LINE#         29
  C:2510H         LINE#         32
  C:2516H         LINE#         35
  C:251CH         LINE#         36
  C:2521H         LINE#         37
  C:2526H         LINE#         40
  C:252CH         LINE#         41
  C:2531H         LINE#         42
  C:2536H         LINE#         43
  -------         ENDPROC       ADC_PIN_CONFIG
  -------         PROC          ADC_CONFIG
  C:2677H         LINE#         45
  C:2677H         LINE#         46
  C:2677H         LINE#         47
  C:267AH         LINE#         48
  C:267CH         LINE#         49
  C:2682H         LINE#         51
  -------         ENDPROC       ADC_CONFIG
  -------         PROC          _ADC_CHANNEL_SEL
  D:0007H         SYMBOL        adc_sel_pin
  C:229BH         LINE#         54
  C:229BH         LINE#         55
  C:229BH         LINE#         57
  C:229EH         LINE#         58
  C:22A0H         LINE#         60
  C:22AFH         LINE#         61
  C:22AFH         LINE#         62
  C:22AFH         LINE#         63
  C:22AFH         LINE#         65
  C:22B6H         LINE#         66
  C:22B9H         LINE#         68
  C:22BCH         LINE#         71
  C:22BFH         LINE#         73
  C:22BFH         LINE#         74
  C:22C1H         LINE#         76
  C:22C1H         LINE#         77
  C:22C1H         LINE#         78
  C:22C1H         LINE#         79
  C:22C1H         LINE#         81
  C:22C4H         LINE#         84
  C:22C7H         LINE#         86
BL51 BANKED LINKER/LOCATER V6.22.4.0                                                  03/24/2026  16:53:21  PAGE 15


  C:22C7H         LINE#         87
  C:22C9H         LINE#         89
  C:22C9H         LINE#         90
  C:22C9H         LINE#         91
  C:22C9H         LINE#         92
  C:22C9H         LINE#         94
  C:22CCH         LINE#         98
  C:22CFH         LINE#         100
  C:22CFH         LINE#         101
  C:22D1H         LINE#         103
  C:22D1H         LINE#         104
  C:22D1H         LINE#         105
  C:22D7H         LINE#         106
  C:22D7H         LINE#         108
  C:22DAH         LINE#         112
  C:22DDH         LINE#         114
  C:22DDH         LINE#         115
  C:22DDH         LINE#         117
  C:22DDH         LINE#         118
  C:22DDH         LINE#         119
  C:22DDH         LINE#         121
  C:22E3H         LINE#         123
  -------         ENDPROC       _ADC_CHANNEL_SEL
  -------         PROC          _ADC_UPDATE_VAL
  D:0007H         SYMBOL        adc_sel_pin
  D:0004H         SYMBOL        adc_val
  C:22E4H         LINE#         126
  C:22E4H         LINE#         127
  C:22E4H         LINE#         128
  C:22F3H         LINE#         129
  C:22F3H         LINE#         130
  C:22F3H         LINE#         131
  C:22FBH         LINE#         132
  C:22FEH         LINE#         133
  C:2300H         LINE#         134
  C:2300H         LINE#         135
  C:2308H         LINE#         136
  C:230BH         LINE#         137
  C:230DH         LINE#         138
  C:230DH         LINE#         139
  C:2315H         LINE#         140
  C:2318H         LINE#         141
  C:231AH         LINE#         142
  C:231AH         LINE#         143
  C:2324H         LINE#         144
  C:232AH         LINE#         145
  C:232AH         LINE#         147
  C:232AH         LINE#         148
  C:232AH         LINE#         149
  C:232AH         LINE#         150
  -------         ENDPROC       _ADC_UPDATE_VAL
  -------         PROC          _ADC_GET_VAL
  D:0007H         SYMBOL        adc_sel_pin
  -------         DO            
  D:0004H         SYMBOL        ret
  -------         ENDDO         
  C:24AEH         LINE#         152
BL51 BANKED LINKER/LOCATER V6.22.4.0                                                  03/24/2026  16:53:21  PAGE 16


  C:24AEH         LINE#         153
  C:24AEH         LINE#         154
  C:24B1H         LINE#         155
  C:24C0H         LINE#         156
  C:24C0H         LINE#         157
  C:24C0H         LINE#         158
  C:24C3H         LINE#         159
  C:24C5H         LINE#         160
  C:24C5H         LINE#         161
  C:24C8H         LINE#         162
  C:24CAH         LINE#         163
  C:24CAH         LINE#         164
  C:24CDH         LINE#         165
  C:24CFH         LINE#         166
  C:24CFH         LINE#         167
  C:24D7H         LINE#         168
  C:24D7H         LINE#         169
  C:24D7H         LINE#         170
  C:24D7H         LINE#         171
  C:24D7H         LINE#         173
  C:24DBH         LINE#         174
  -------         ENDPROC       _ADC_GET_VAL
  -------         PROC          _ADC_GET_FLAG
  D:0007H         SYMBOL        adc_sel_pin
  -------         DO            
  D:0006H         SYMBOL        ret
  -------         ENDDO         
  C:24DCH         LINE#         177
  C:24DCH         LINE#         178
  C:24DCH         LINE#         179
  C:24DEH         LINE#         180
  C:24EDH         LINE#         181
  C:24EDH         LINE#         182
  C:24EDH         LINE#         183
  C:24F2H         LINE#         184
  C:24F4H         LINE#         185
  C:24F4H         LINE#         186
  C:24F9H         LINE#         187
  C:24FBH         LINE#         188
  C:24FBH         LINE#         189
  C:2500H         LINE#         190
  C:2502H         LINE#         191
  C:2502H         LINE#         192
  C:2507H         LINE#         193
  C:2507H         LINE#         194
  C:2507H         LINE#         195
  C:2507H         LINE#         196
  C:2507H         LINE#         198
  C:2509H         LINE#         199
  -------         ENDPROC       _ADC_GET_FLAG
  -------         PROC          _ADC_CLEAR_FLAG
  D:0007H         SYMBOL        adc_sel_pin
  C:2537H         LINE#         201
  C:2537H         LINE#         202
  C:2537H         LINE#         203
  C:2546H         LINE#         204
  C:2546H         LINE#         205
BL51 BANKED LINKER/LOCATER V6.22.4.0                                                  03/24/2026  16:53:21  PAGE 17


  C:2546H         LINE#         206
  C:254BH         LINE#         207
  C:254CH         LINE#         208
  C:254CH         LINE#         209
  C:2551H         LINE#         210
  C:2552H         LINE#         211
  C:2552H         LINE#         212
  C:2557H         LINE#         213
  C:2558H         LINE#         214
  C:2558H         LINE#         215
  C:255DH         LINE#         216
  C:255DH         LINE#         217
  C:255DH         LINE#         218
  -------         ENDPROC       _ADC_CLEAR_FLAG
  -------         PROC          TEMPERATURE_SCAN
  -------         DO            
  X:62CCH         SYMBOL        voltage
  -------         DO            
  X:62CAH         SYMBOL        cnt
  X:62CBH         SYMBOL        cnt
  -------         ENDDO         
  -------         DO            
  X:62CBH         SYMBOL        cnt
  -------         ENDDO         
  -------         ENDDO         
  C:2167H         LINE#         221
  C:2167H         LINE#         222
  C:2167H         LINE#         227
  C:216FH         LINE#         228
  C:216FH         LINE#         230
  C:216FH         LINE#         232
  C:216FH         LINE#         235
  C:2175H         LINE#         236
  C:217BH         LINE#         237
  C:217BH         LINE#         239
  C:217BH         LINE#         241
  C:217DH         LINE#         242
  C:217DH         LINE#         247
  C:2185H         LINE#         248
  C:2185H         LINE#         249
  C:21A0H         LINE#         250
  C:21A5H         LINE#         251
  C:21A5H         LINE#         258
  C:21ABH         LINE#         259
  C:21ABH         LINE#         262
  C:21BDH         LINE#         263
  C:21BDH         LINE#         264
  C:21C3H         LINE#         265
  C:21C5H         LINE#         267
  C:21C5H         LINE#         268
  C:21CAH         LINE#         269
  C:21CAH         LINE#         271
  C:21D4H         LINE#         272
  C:21D4H         LINE#         273
  C:21D5H         LINE#         275
  C:21DAH         LINE#         276
  C:21DBH         LINE#         278
BL51 BANKED LINKER/LOCATER V6.22.4.0                                                  03/24/2026  16:53:21  PAGE 18


  C:21DBH         LINE#         279
  C:21DFH         LINE#         280
  C:21DFH         LINE#         283
  C:21DFH         LINE#         284
  -------         ENDPROC       TEMPERATURE_SCAN
  -------         PROC          SET_DUTY
  C:25C4H         LINE#         287
  C:25C4H         LINE#         288
  C:25C4H         LINE#         290
  C:25CAH         LINE#         291
  C:25CAH         LINE#         292
  C:25CDH         LINE#         293
  C:25CDH         LINE#         294
  C:25CFH         LINE#         295
  C:25D2H         LINE#         296
  C:25D2H         LINE#         297
  C:25D2H         LINE#         298
  C:25D9H         LINE#         299
  C:25D9H         LINE#         300
  C:25E3H         LINE#         301
  C:25E3H         LINE#         302
  -------         ENDPROC       SET_DUTY
  -------         PROC          FAN_SCAN
  -------         DO            
  X:62D0H         SYMBOL        adc_val
  -------         ENDDO         
  C:223FH         LINE#         304
  C:223FH         LINE#         305
  C:223FH         LINE#         308
  C:2247H         LINE#         309
  C:2247H         LINE#         310
  C:2254H         LINE#         311
  C:2259H         LINE#         312
  C:2259H         LINE#         318
  C:225FH         LINE#         319
  C:225FH         LINE#         320
  C:226EH         LINE#         321
  C:226EH         LINE#         322
  C:2270H         LINE#         323
  C:2272H         LINE#         325
  C:2272H         LINE#         327
  C:2274H         LINE#         328
  C:2274H         LINE#         331
  C:227EH         LINE#         332
  C:227FH         LINE#         334
  C:227FH         LINE#         336
  C:228EH         LINE#         337
  C:228EH         LINE#         338
  C:2290H         LINE#         339
  C:2290H         LINE#         342
  C:229AH         LINE#         343
  C:229AH         LINE#         344
  -------         ENDPROC       FAN_SCAN
  -------         PROC          ADC_IRQHANDLER
  -------         DO            
  X:632CH         SYMBOL        adc_val
  -------         DO            
BL51 BANKED LINKER/LOCATER V6.22.4.0                                                  03/24/2026  16:53:21  PAGE 19


  X:62D2H         SYMBOL        i
  X:62D3H         SYMBOL        g_tmpbuff
  X:62D7H         SYMBOL        g_adcmax
  X:62D9H         SYMBOL        g_adcmin
  -------         ENDDO         
  -------         ENDDO         
  C:1471H         LINE#         346
  C:148EH         LINE#         349
  C:148EH         LINE#         352
  C:1497H         LINE#         353
  C:1497H         LINE#         354
  C:14B1H         LINE#         355
  C:14B5H         LINE#         357
  C:14C0H         LINE#         358
  C:14C0H         LINE#         366
  C:14C5H         LINE#         367
  C:14C5H         LINE#         368
  C:14C8H         LINE#         370
  C:14CEH         LINE#         371
  C:14CEH         LINE#         372
  C:14DAH         LINE#         373
  C:14E6H         LINE#         374
  C:14F2H         LINE#         375
  C:14FEH         LINE#         376
  C:1518H         LINE#         377
  C:1518H         LINE#         379
  C:151DH         LINE#         380
  C:1523H         LINE#         381
  C:1523H         LINE#         383
  C:1528H         LINE#         384
  C:1528H         LINE#         386
  C:153AH         LINE#         387
  C:1540H         LINE#         390
  C:1545H         LINE#         391
  C:154BH         LINE#         392
  C:1553H         LINE#         393
  C:155DH         LINE#         395
  C:155DH         LINE#         396
  C:155FH         LINE#         397
  C:1566H         LINE#         398
  C:1566H         LINE#         401
  C:156BH         LINE#         403
  C:156DH         LINE#         404
  C:1574H         LINE#         405
  C:1574H         LINE#         408
  C:1579H         LINE#         410
  C:157BH         LINE#         411
  C:1582H         LINE#         412
  C:1582H         LINE#         415
  C:158AH         LINE#         417
  C:158AH         LINE#         418
  C:158AH         LINE#         421
  C:158AH         LINE#         422
  -------         ENDPROC       ADC_IRQHANDLER
  -------         ENDMOD        ADC

  -------         MODULE        TIME0
BL51 BANKED LINKER/LOCATER V6.22.4.0                                                  03/24/2026  16:53:21  PAGE 20


  C:0000H         SYMBOL        _ICE_DUMMY_
  C:16CEH         PUBLIC        TIMR0_IRQHandler
  X:6347H         SYMBOL        cnt_during_power_on
  D:00D1H         PUBLIC        TMR_ALLCON
  D:00A8H         PUBLIC        IE0
  D:00A9H         PUBLIC        IE1
  D:00AAH         PUBLIC        IE2
  D:00ABH         PUBLIC        IE3
  D:00B8H         PUBLIC        IP0
  D:00B1H         PUBLIC        IP1
  D:00B2H         PUBLIC        IP2
  D:00B3H         PUBLIC        IP3
  D:00B4H         PUBLIC        IP4
  D:00B5H         PUBLIC        IP5
  D:00B6H         PUBLIC        IP6
  D:00B7H         PUBLIC        IP7
  C:2642H         PUBLIC        tmr0_config
  B:0021H.0       PUBLIC        flag_time_comes_during_power_on
  B:00A8H.7       PUBLIC        IE_EA
  C:272DH         SYMBOL        Com0031
  C:272DH         SYMBOL        L?0050
  C:272DH         SYMBOL        L?0051
  -------         PROC          COM0031
  -------         ENDPROC       COM0031
  -------         PROC          TMR0_CONFIG
  C:2642H         LINE#         14
  C:2642H         LINE#         15
  C:2642H         LINE#         16
  C:2645H         LINE#         17
  C:2647H         LINE#         21
  C:264AH         LINE#         22
  C:264FH         LINE#         23
  C:2653H         LINE#         24
  C:2658H         LINE#         25
  C:265CH         LINE#         26
  -------         ENDPROC       TMR0_CONFIG
  -------         PROC          TIMR0_IRQHANDLER
  -------         DO            
  X:633DH         SYMBOL        rf_learn_cnt
  X:633FH         SYMBOL        fan_normal_cnt
  X:6341H         SYMBOL        fan_err_cnt
  X:6343H         SYMBOL        cnt
  -------         ENDDO         
  -------         DO            
  X:633FH         SYMBOL        fan_normal_cnt
  X:6341H         SYMBOL        fan_err_cnt
  X:6343H         SYMBOL        cnt
  -------         ENDDO         
  -------         DO            
  X:6343H         SYMBOL        cnt
  -------         ENDDO         
  C:16CEH         LINE#         59
  C:16EBH         LINE#         62
  C:16EBH         LINE#         67
  C:16F4H         LINE#         68
  C:16F4H         LINE#         69
  C:16F8H         LINE#         72
BL51 BANKED LINKER/LOCATER V6.22.4.0                                                  03/24/2026  16:53:21  PAGE 21


  C:16FEH         LINE#         80
  C:1704H         LINE#         81
  C:1704H         LINE#         82
  C:1706H         LINE#         83
  C:1708H         LINE#         84
  C:1708H         LINE#         86
  C:1711H         LINE#         87
  C:1711H         LINE#         88
  C:1714H         LINE#         89
  C:1714H         LINE#         91
  C:1714H         LINE#         94
  C:171DH         LINE#         95
  C:171DH         LINE#         96
  C:1723H         LINE#         97
  C:1732H         LINE#         98
  C:1732H         LINE#         99
  C:1736H         LINE#         100
  C:173AH         LINE#         101
  C:173AH         LINE#         102
  C:173CH         LINE#         104
  C:173CH         LINE#         105
  C:1743H         LINE#         106
  C:1743H         LINE#         107
  C:1743H         LINE#         109
  C:1743H         LINE#         113
  C:1746H         LINE#         114
  C:1746H         LINE#         115
  C:174CH         LINE#         116
  C:1753H         LINE#         118
  C:1762H         LINE#         119
  C:1762H         LINE#         120
  C:1766H         LINE#         121
  C:176BH         LINE#         122
  C:176BH         LINE#         123
  C:176DH         LINE#         125
  C:176DH         LINE#         126
  C:1773H         LINE#         127
  C:177AH         LINE#         129
  C:1789H         LINE#         130
  C:1789H         LINE#         131
  C:178DH         LINE#         132
  C:1791H         LINE#         133
  C:1791H         LINE#         134
  C:1791H         LINE#         135
  C:1791H         LINE#         137
  C:1791H         LINE#         139
  C:1797H         LINE#         140
  C:1797H         LINE#         145
  C:17B0H         LINE#         146
  C:17C4H         LINE#         147
  C:17C4H         LINE#         148
  C:17CEH         LINE#         149
  C:17D4H         LINE#         150
  C:17D4H         LINE#         151
  C:17D4H         LINE#         152
  C:17D4H         LINE#         153
  C:17D4H         LINE#         156
BL51 BANKED LINKER/LOCATER V6.22.4.0                                                  03/24/2026  16:53:21  PAGE 22


  C:17D4H         LINE#         157
  -------         ENDPROC       TIMR0_IRQHANDLER
  -------         ENDMOD        TIME0

  -------         MODULE        DEBUG
  C:0000H         SYMBOL        _ICE_DUMMY_
  -------         ENDMOD        DEBUG

  -------         MODULE        TIMER1
  C:0000H         SYMBOL        _ICE_DUMMY_
  C:265DH         PUBLIC        TIMR1_IRQHandler
  X:6350H         PUBLIC        tmr1_cnt
  D:00A8H         PUBLIC        IE0
  C:26ACH         PUBLIC        tmr1_disable
  D:00A9H         PUBLIC        IE1
  D:00AAH         PUBLIC        IE2
  D:00ABH         PUBLIC        IE3
  D:00B8H         PUBLIC        IP0
  D:00B1H         PUBLIC        IP1
  D:00B2H         PUBLIC        IP2
  D:00B3H         PUBLIC        IP3
  D:00B4H         PUBLIC        IP4
  D:00B5H         PUBLIC        IP5
  D:00B6H         PUBLIC        IP6
  D:00B7H         PUBLIC        IP7
  C:26FCH         PUBLIC        tmr1_enable
  C:2370H         PUBLIC        tmr1_config
  B:00A8H.7       PUBLIC        IE_EA
  C:2725H         SYMBOL        Com004E
  C:2725H         SYMBOL        L?0079
  C:2725H         SYMBOL        L?0080
  -------         PROC          COM004E
  -------         ENDPROC       COM004E
  -------         PROC          TMR1_CONFIG
  C:2370H         LINE#         11
  C:2370H         LINE#         12
  C:2370H         LINE#         13
  C:2376H         LINE#         15
  C:237CH         LINE#         18
  C:2380H         LINE#         19
  C:2384H         LINE#         20
  C:2388H         LINE#         22
  C:238DH         LINE#         23
  C:2391H         LINE#         26
  C:2396H         LINE#         27
  C:239AH         LINE#         30
  C:239EH         LINE#         31
  C:23A0H         LINE#         33
  C:23A0H         LINE#         35
  C:23A6H         LINE#         38
  C:23A9H         LINE#         39
  C:23ABH         LINE#         40
  -------         ENDPROC       TMR1_CONFIG
  -------         PROC          TMR1_ENABLE
  C:26FCH         LINE#         45
  C:26FCH         LINE#         46
  C:26FCH         LINE#         48
BL51 BANKED LINKER/LOCATER V6.22.4.0                                                  03/24/2026  16:53:21  PAGE 23


  C:26FCH         LINE#         49
  C:2702H         LINE#         51
  C:2705H         LINE#         52
  C:2707H         LINE#         53
  -------         ENDPROC       TMR1_ENABLE
  -------         PROC          TMR1_DISABLE
  C:26ACH         LINE#         58
  C:26ACH         LINE#         59
  C:26ACH         LINE#         61
  C:26ACH         LINE#         62
  C:26B2H         LINE#         65
  C:26B6H         LINE#         66
  C:26B8H         LINE#         68
  C:26BBH         LINE#         69
  -------         ENDPROC       TMR1_DISABLE
  -------         PROC          TIMR1_IRQHANDLER
  C:265DH         LINE#         72
  C:2666H         LINE#         75
  C:2666H         LINE#         80
  C:266CH         LINE#         81
  C:266CH         LINE#         82
  C:2670H         LINE#         87
  C:2670H         LINE#         90
  C:2670H         LINE#         91
  -------         ENDPROC       TIMR1_IRQHANDLER
  -------         ENDMOD        TIMER1

  -------         MODULE        TIMER2
  C:0000H         SYMBOL        _ICE_DUMMY_
  C:0D65H         PUBLIC        TIMR2_IRQHandler
  D:00D1H         PUBLIC        TMR_ALLCON
  B:0020H.0       PUBLIC        flag_is_pwm_add_time_comes
  X:6337H         SYMBOL        pwm_duty_add_cnt
  C:25E4H         PUBLIC        timer2_config
  B:0080H.3       PUBLIC        P03
  D:00A8H         PUBLIC        IE0
  D:00A9H         PUBLIC        IE1
  D:00AAH         PUBLIC        IE2
  D:00ABH         PUBLIC        IE3
  B:0020H.1       PUBLIC        flag_is_pwm_sub_time_comes
  D:00B8H         PUBLIC        IP0
  D:00B1H         PUBLIC        IP1
  D:00B2H         PUBLIC        IP2
  D:00B3H         PUBLIC        IP3
  D:00B4H         PUBLIC        IP4
  D:00B5H         PUBLIC        IP5
  D:00B6H         PUBLIC        IP6
  D:00B7H         PUBLIC        IP7
  X:6339H         SYMBOL        pwm_duty_sub_cnt
  X:633BH         SYMBOL        pwm_duty_change_cnt
  B:00A8H.7       PUBLIC        IE_EA
  C:21E0H         SYMBOL        Com004A
  C:21E0H         SYMBOL        L?0075
  C:21E9H         SYMBOL        L?0076
  C:21EBH         SYMBOL        L?0077
  C:21F1H         SYMBOL        L?0078
  C:21F1H         SYMBOL        L?0079
BL51 BANKED LINKER/LOCATER V6.22.4.0                                                  03/24/2026  16:53:21  PAGE 24


  C:21FAH         SYMBOL        L?0080
  C:21FAH         SYMBOL        L?0081
  C:2203H         SYMBOL        L?0082
  C:2203H         SYMBOL        L?0083
  C:220CH         SYMBOL        L?0084
  C:220CH         SYMBOL        L?0085
  C:2213H         SYMBOL        L?0086
  C:221FH         SYMBOL        L?0087
  C:222AH         SYMBOL        L?0088
  C:2235H         SYMBOL        L?0089
  -------         PROC          COM004A
  -------         ENDPROC       COM004A
  -------         PROC          TIMER2_CONFIG
  C:25E4H         LINE#         14
  C:25E4H         LINE#         15
  C:25E4H         LINE#         16
  C:25E7H         LINE#         17
  C:25E9H         LINE#         20
  C:25ECH         LINE#         21
  C:25F1H         LINE#         22
  C:25F7H         LINE#         23
  C:25FDH         LINE#         24
  C:2603H         LINE#         25
  -------         ENDPROC       TIMER2_CONFIG
  -------         PROC          TIMR2_IRQHANDLER
  -------         DO            
  X:632EH         SYMBOL        rf_bit_cnt
  X:632FH         SYMBOL        __rf_data
  X:6333H         SYMBOL        flag_is_enable_recv
  X:6334H         SYMBOL        __flag_is_recved_data
  X:6335H         SYMBOL        low_level_cnt
  X:6336H         SYMBOL        high_level_cnt
  -------         ENDDO         
  C:0D65H         LINE#         28
  C:0D82H         LINE#         31
  C:0D82H         LINE#         36
  C:0D8CH         LINE#         37
  C:0D8CH         LINE#         38
  C:0D90H         LINE#         43
  C:0D96H         LINE#         44
  C:0D9CH         LINE#         45
  C:0DA2H         LINE#         47
  C:0DB1H         LINE#         49
  C:0DB1H         LINE#         50
  C:0DB5H         LINE#         51
  C:0DB7H         LINE#         52
  C:0DB7H         LINE#         55
  C:0DC6H         LINE#         56
  C:0DC6H         LINE#         57
  C:0DCAH         LINE#         58
  C:0DCCH         LINE#         59
  C:0DCCH         LINE#         62
  C:0DCCH         LINE#         72
  C:0DCFH         LINE#         73
  C:0DCFH         LINE#         75
  C:0DD5H         LINE#         80
  C:0DE9H         LINE#         81
BL51 BANKED LINKER/LOCATER V6.22.4.0                                                  03/24/2026  16:53:21  PAGE 25


  C:0DE9H         LINE#         82
  C:0DF6H         LINE#         83
  C:0DF6H         LINE#         84
  C:0DF9H         LINE#         85
  C:0DFBH         LINE#         86
  C:0E06H         LINE#         87
  C:0E06H         LINE#         88
  C:0E06H         LINE#         90
  C:0E06H         LINE#         91
  C:0E09H         LINE#         92
  C:0E09H         LINE#         93
  C:0E0CH         LINE#         95
  C:0E0CH         LINE#         96
  C:0E18H         LINE#         97
  C:0E18H         LINE#         99
  C:0E1EH         LINE#         100
  C:0E1EH         LINE#         102
  C:0E28H         LINE#         103
  C:0E28H         LINE#         105
  C:0E2DH         LINE#         106
  C:0E30H         LINE#         107
  C:0E50H         LINE#         110
  C:0E50H         LINE#         112
  C:0E53H         LINE#         113
  C:0E53H         LINE#         114
  C:0E58H         LINE#         115
  C:0E58H         LINE#         116
  C:0E58H         LINE#         117
  C:0E58H         LINE#         118
  C:0E5AH         LINE#         119
  C:0E7AH         LINE#         122
  C:0E7AH         LINE#         124
  C:0E86H         LINE#         125
  C:0E86H         LINE#         126
  C:0E8BH         LINE#         127
  C:0E8BH         LINE#         128
  C:0E97H         LINE#         129
  C:0E97H         LINE#         130
  C:0E99H         LINE#         132
  C:0E99H         LINE#         134
  C:0EA3H         LINE#         135
  C:0EA3H         LINE#         136
  C:0EA7H         LINE#         137
  C:0EA7H         LINE#         139
  C:0EACH         LINE#         140
  C:0EAEH         LINE#         142
  C:0EB5H         LINE#         143
  C:0EB5H         LINE#         145
  C:0EB5H         LINE#         146
  C:0EB8H         LINE#         147
  C:0EB8H         LINE#         148
  C:0EBAH         LINE#         150
  C:0EBAH         LINE#         153
  C:0EC0H         LINE#         154
  C:0EC0H         LINE#         155
  C:0ECAH         LINE#         156
  C:0ECAH         LINE#         157
BL51 BANKED LINKER/LOCATER V6.22.4.0                                                  03/24/2026  16:53:21  PAGE 26


  C:0ECEH         LINE#         158
  C:0ECEH         LINE#         159
  C:0ECEH         LINE#         162
  C:0ED4H         LINE#         163
  C:0ED4H         LINE#         165
  C:0EDAH         LINE#         166
  C:0EDAH         LINE#         167
  C:0EDFH         LINE#         168
  C:0EE3H         LINE#         169
  C:0EE5H         LINE#         170
  C:0EE7H         LINE#         174
  C:0EE7H         LINE#         176
  C:0EF3H         LINE#         177
  C:0EF5H         LINE#         178
  C:0EF5H         LINE#         183
  C:0EF5H         LINE#         184
  C:0EF5H         LINE#         192
  C:0F07H         LINE#         194
  C:0F07H         LINE#         196
  C:0F0BH         LINE#         198
  C:0F11H         LINE#         199
  C:0F11H         LINE#         203
  C:0F1AH         LINE#         204
  C:0F1AH         LINE#         205
  C:0F21H         LINE#         206
  C:0F23H         LINE#         207
  C:0F2CH         LINE#         208
  C:0F2CH         LINE#         209
  C:0F36H         LINE#         210
  C:0F36H         LINE#         215
  C:0F3FH         LINE#         216
  C:0F3FH         LINE#         217
  C:0F46H         LINE#         218
  C:0F48H         LINE#         219
  C:0F51H         LINE#         220
  C:0F51H         LINE#         221
  C:0F5BH         LINE#         222
  C:0F5BH         LINE#         224
  C:0F61H         LINE#         225
  C:0F67H         LINE#         227
  C:0F76H         LINE#         228
  C:0F76H         LINE#         230
  C:0F79H         LINE#         231
  C:0F7BH         LINE#         233
  C:0F7BH         LINE#         234
  C:0F7EH         LINE#         235
  C:0F7EH         LINE#         237
  C:0F8DH         LINE#         238
  C:0F8DH         LINE#         240
  C:0F90H         LINE#         241
  C:0F92H         LINE#         243
  C:0F92H         LINE#         244
  C:0F95H         LINE#         245
  C:0F95H         LINE#         247
  C:0F95H         LINE#         253
  C:0F95H         LINE#         255
  C:0F95H         LINE#         258
BL51 BANKED LINKER/LOCATER V6.22.4.0                                                  03/24/2026  16:53:21  PAGE 27


  C:0F95H         LINE#         259
  -------         ENDPROC       TIMR2_IRQHANDLER
  -------         ENDMOD        TIMER2

  -------         MODULE        KNOB_DIMMING
  C:0000H         SYMBOL        _ICE_DUMMY_
  X:6356H         PUBLIC        limited_max_pwm_duty
  C:17EFH         PUBLIC        update_max_pwm_duty_coefficient
  C:2604H         SYMBOL        Com0018
  C:2604H         SYMBOL        L?0025
  C:2609H         SYMBOL        L?0026
  C:260CH         SYMBOL        L?0027
  C:260EH         SYMBOL        L?0028
  C:2617H         SYMBOL        L?0029
  -------         PROC          COM0018
  -------         ENDPROC       COM0018
  -------         PROC          UPDATE_MAX_PWM_DUTY_COEFFICIENT
  -------         DO            
  B:0021H.1       SYMBOL        flag_is_last_limited_equal_zero
  X:6354H         SYMBOL        adc_val
  -------         ENDDO         
  C:17EFH         LINE#         8
  C:17EFH         LINE#         9
  C:17EFH         LINE#         19
  C:17F7H         LINE#         20
  C:17F7H         LINE#         21
  C:1804H         LINE#         22
  C:1809H         LINE#         23
  C:1809H         LINE#         29
  C:180FH         LINE#         30
  C:180FH         LINE#         33
  C:181EH         LINE#         34
  C:181EH         LINE#         35
  C:1825H         LINE#         36
  C:1828H         LINE#         38
  C:182EH         LINE#         39
  C:182EH         LINE#         46
  C:1854H         LINE#         47
  C:1857H         LINE#         49
  C:1866H         LINE#         50
  C:1866H         LINE#         54
  C:1871H         LINE#         55
  C:1874H         LINE#         57
  C:1883H         LINE#         58
  C:1883H         LINE#         59
  C:1898H         LINE#         60
  C:189AH         LINE#         62
  C:18A9H         LINE#         63
  C:18A9H         LINE#         64
  C:18B4H         LINE#         65
  C:18B6H         LINE#         67
  C:18C5H         LINE#         68
  C:18C5H         LINE#         69
  C:18E2H         LINE#         70
  C:18E4H         LINE#         72
  C:18E4H         LINE#         74
  C:18EEH         LINE#         75
BL51 BANKED LINKER/LOCATER V6.22.4.0                                                  03/24/2026  16:53:21  PAGE 28


  C:18EEH         LINE#         77
  C:18F8H         LINE#         78
  C:18F8H         LINE#         79
  C:18FAH         LINE#         80
  C:18FAH         LINE#         81
  C:18FBH         LINE#         83
  C:18FBH         LINE#         84
  C:1901H         LINE#         85
  C:1901H         LINE#         86
  C:1903H         LINE#         87
  C:1903H         LINE#         88
  C:1903H         LINE#         89
  -------         ENDPROC       UPDATE_MAX_PWM_DUTY_COEFFICIENT
  -------         ENDMOD        KNOB_DIMMING

  -------         MODULE        RF_RECV
  C:0000H         SYMBOL        _ICE_DUMMY_
  C:1E25H         SYMBOL        rf_key_get_key_id
  X:626CH         PUBLIC        flag_is_in_rf_learning
  C:23E3H         PUBLIC        rf_recv_init
  X:626DH         SYMBOL        rf_key_1_event_table
  X:6281H         PUBLIC        tmp_rf_addr
  X:6285H         PUBLIC        rf_key_para
  X:6298H         SYMBOL        rf_key_1_2_event_table
  B:0090H.1       PUBLIC        P11
  C:232BH         SYMBOL        ___sub_fun_rf_key_get_event
  C:0AEFH         PUBLIC        rf_key_handle
  X:62C0H         PUBLIC        rf_data
  X:62C4H         PUBLIC        rf_remote_info
  B:0020H.2       PUBLIC        flag_is_rf_enable
  C:1FE6H         SYMBOL        ___rf_key_get_event
  B:0020H.3       PUBLIC        flag_is_recved_rf_data
  C:1B15H         SYMBOL        Com00A2
  C:1B15H         SYMBOL        L?0163
  C:1B1AH         SYMBOL        L?0164
  C:1B1DH         SYMBOL        L?0165
  C:1B2EH         SYMBOL        L?0166
  C:1B33H         SYMBOL        L?0167
  C:1B36H         SYMBOL        L?0168
  C:1B47H         SYMBOL        L?0169
  C:1B4FH         SYMBOL        L?0170
  C:1B5DH         SYMBOL        L?0171
  C:1B65H         SYMBOL        L?0172
  C:1B73H         SYMBOL        L?0173
  C:1B7BH         SYMBOL        L?0174
  C:1B89H         SYMBOL        L?0175
  C:1B91H         SYMBOL        L?0176
  C:1B9FH         SYMBOL        L?0177
  C:1BA2H         SYMBOL        L?0178
  C:1BA5H         SYMBOL        L?0179
  C:1BACH         SYMBOL        L?0180
  C:1BACH         SYMBOL        L?0181
  C:1BB2H         SYMBOL        L?0182
  C:1BB2H         SYMBOL        L?0183
  C:1BBAH         SYMBOL        L?0184
  C:1BBAH         SYMBOL        L?0185
  C:1BC1H         SYMBOL        L?0186
BL51 BANKED LINKER/LOCATER V6.22.4.0                                                  03/24/2026  16:53:21  PAGE 29


  C:1BCEH         SYMBOL        L?0187
  C:1BDBH         SYMBOL        L?0188
  C:1BE7H         SYMBOL        L?0189
  C:1BF0H         SYMBOL        L?0190
  -------         PROC          COM00A2
  -------         ENDPROC       COM00A2
  -------         PROC          RF_KEY_GET_KEY_ID
  -------         DO            
  X:631EH         SYMBOL        ret
  -------         ENDDO         
  C:1E25H         LINE#         212
  C:1E25H         LINE#         213
  C:1E25H         LINE#         214
  C:1E2BH         LINE#         215
  C:1E2BH         LINE#         216
  C:1E2DH         LINE#         217
  C:1E39H         LINE#         218
  C:1E39H         LINE#         221
  C:1E41H         LINE#         225
  C:1E47H         LINE#         226
  C:1E47H         LINE#         230
  C:1E51H         LINE#         231
  C:1E51H         LINE#         232
  C:1E59H         LINE#         233
  C:1E5EH         LINE#         234
  C:1E60H         LINE#         235
  C:1E68H         LINE#         236
  C:1E68H         LINE#         238
  C:1E70H         LINE#         239
  C:1E70H         LINE#         242
  C:1E72H         LINE#         244
  C:1E72H         LINE#         249
  C:1E77H         LINE#         250
  C:1E77H         LINE#         253
  C:1E88H         LINE#         255
  C:1E88H         LINE#         257
  C:1E8FH         LINE#         258
  C:1E91H         LINE#         259
  C:1EA2H         LINE#         261
  C:1EA2H         LINE#         264
  C:1EA2H         LINE#         266
  C:1EA2H         LINE#         268
  C:1EA2H         LINE#         269
  C:1EA2H         LINE#         270
  C:1EA4H         LINE#         272
  C:1EA4H         LINE#         274
  C:1EAAH         LINE#         275
  C:1EAAH         LINE#         276
  C:1EAAH         LINE#         279
  C:1EB4H         LINE#         280
  C:1EBAH         LINE#         281
  C:1EBAH         LINE#         283
  C:1EBAH         LINE#         284
  C:1EBDH         LINE#         285
  C:1EBDH         LINE#         286
  C:1EBDH         LINE#         288
  C:1EBDH         LINE#         289
BL51 BANKED LINKER/LOCATER V6.22.4.0                                                  03/24/2026  16:53:21  PAGE 30


  C:1EBFH         LINE#         290
  C:1EBFH         LINE#         291
  -------         ENDPROC       RF_KEY_GET_KEY_ID
  -------         PROC          ___SUB_FUN_RF_KEY_GET_EVENT
  D:0001H         SYMBOL        key_val
  D:0005H         SYMBOL        key_event
  D:0003H         SYMBOL        table_index
  -------         DO            
  D:0007H         SYMBOL        ret_key_event
  D:0006H         SYMBOL        i
  -------         ENDDO         
  C:232BH         LINE#         303
  C:232DH         LINE#         304
  C:232DH         LINE#         305
  C:232FH         LINE#         306
  C:2330H         LINE#         307
  C:2335H         LINE#         308
  C:2335H         LINE#         309
  C:2335H         LINE#         310
  C:2335H         LINE#         312
  C:233EH         LINE#         313
  C:233EH         LINE#         314
  C:2341H         LINE#         315
  C:2343H         LINE#         316
  C:2343H         LINE#         317
  C:2349H         LINE#         318
  C:2349H         LINE#         319
  C:234EH         LINE#         320
  C:234EH         LINE#         321
  C:234FH         LINE#         322
  C:234FH         LINE#         324
  C:2358H         LINE#         325
  C:2358H         LINE#         326
  C:2369H         LINE#         327
  C:236AH         LINE#         328
  C:236AH         LINE#         329
  C:236FH         LINE#         330
  C:236FH         LINE#         332
  C:236FH         LINE#         334
  C:236FH         LINE#         336
  C:236FH         LINE#         337
  -------         ENDPROC       ___SUB_FUN_RF_KEY_GET_EVENT
  -------         PROC          ___RF_KEY_GET_EVENT
  X:631FH         SYMBOL        key_val
  X:6320H         SYMBOL        key_event
  -------         DO            
  X:6321H         SYMBOL        ret_key_event
  X:6322H         SYMBOL        i
  -------         ENDDO         
  C:1FE6H         LINE#         347
  C:1FEEH         LINE#         348
  C:1FEEH         LINE#         349
  C:1FF1H         LINE#         350
  C:1FF3H         LINE#         352
  C:1FF9H         LINE#         353
  C:1FF9H         LINE#         366
  C:2006H         LINE#         367
BL51 BANKED LINKER/LOCATER V6.22.4.0                                                  03/24/2026  16:53:21  PAGE 31


  C:2006H         LINE#         369
  C:200DH         LINE#         370
  C:200DH         LINE#         372
  C:200DH         LINE#         373
  C:200FH         LINE#         374
  C:2017H         LINE#         375
  C:2017H         LINE#         377
  C:2017H         LINE#         378
  C:2017H         LINE#         379
  C:2019H         LINE#         381
  C:2019H         LINE#         384
  C:2021H         LINE#         385
  C:2021H         LINE#         387
  C:2021H         LINE#         390
  C:2023H         LINE#         391
  C:202CH         LINE#         392
  C:202CH         LINE#         394
  C:202CH         LINE#         396
  C:202EH         LINE#         398
  C:202EH         LINE#         400
  C:202EH         LINE#         401
  C:202EH         LINE#         402
  C:202EH         LINE#         404
  C:202EH         LINE#         406
  C:203BH         LINE#         407
  C:203BH         LINE#         409
  C:2042H         LINE#         410
  C:2042H         LINE#         412
  C:204CH         LINE#         413
  C:204EH         LINE#         414
  C:2055H         LINE#         415
  C:2055H         LINE#         417
  C:2067H         LINE#         418
  C:2067H         LINE#         419
  C:2067H         LINE#         421
  C:2067H         LINE#         423
  C:2067H         LINE#         424
  C:2067H         LINE#         426
  C:206CH         LINE#         427
  -------         ENDPROC       ___RF_KEY_GET_EVENT
  -------         PROC          RF_KEY_HANDLE
  -------         DO            
  X:631EH         SYMBOL        rf_key_event
  -------         DO            
  X:626BH         SYMBOL        last_key_event
  -------         ENDDO         
  -------         ENDDO         
  C:0AEFH         LINE#         430
  C:0AEFH         LINE#         431
  C:0AEFH         LINE#         432
  C:0AF4H         LINE#         435
  C:0AFEH         LINE#         436
  C:0AFEH         LINE#         438
  C:0AFEH         LINE#         440
  C:0B0BH         LINE#         441
  C:0B11H         LINE#         442
  C:0B14H         LINE#         444
BL51 BANKED LINKER/LOCATER V6.22.4.0                                                  03/24/2026  16:53:21  PAGE 32


  C:0B14H         LINE#         447
  C:0B1CH         LINE#         448
  C:0B1CH         LINE#         450
  C:0B28H         LINE#         451
  C:0B28H         LINE#         453
  C:0B32H         LINE#         455
  C:0B32H         LINE#         461
  C:0B32H         LINE#         464
  C:0B38H         LINE#         465
  C:0B44H         LINE#         467
  C:0B4EH         LINE#         468
  C:0B4EH         LINE#         470
  C:0B51H         LINE#         471
  C:0B53H         LINE#         473
  C:0B53H         LINE#         475
  C:0B56H         LINE#         476
  C:0B56H         LINE#         478
  C:0B5BH         LINE#         479
  C:0B64H         LINE#         486
  C:0B6AH         LINE#         487
  C:0B6AH         LINE#         488
  C:0B6AH         LINE#         489
  C:0B6CH         LINE#         491
  C:0B6CH         LINE#         492
  C:0B74H         LINE#         493
  C:0B74H         LINE#         494
  C:0B76H         LINE#         495
  C:0B7DH         LINE#         496
  C:0B7DH         LINE#         497
  C:0B8AH         LINE#         499
  C:0B8AH         LINE#         500
  C:0B90H         LINE#         502
  C:0B90H         LINE#         503
  C:0B90H         LINE#         505
  C:0B90H         LINE#         512
  C:0B98H         LINE#         513
  C:0B98H         LINE#         515
  C:0B98H         LINE#         518
  C:0BA9H         LINE#         519
  C:0BA9H         LINE#         521
  C:0BADH         LINE#         522
  C:0BADH         LINE#         529
  C:0C00H         LINE#         530
  C:0C00H         LINE#         531
  C:0C00H         LINE#         532
  C:0C00H         LINE#         537
  C:0C0CH         LINE#         538
  C:0C0CH         LINE#         539
  C:0C0CH         LINE#         540
  C:0C0CH         LINE#         552
  C:0C0FH         LINE#         574
  C:0C0FH         LINE#         575
  C:0C0FH         LINE#         579
  C:0C0FH         LINE#         580
  C:0C0FH         LINE#         590
  C:0C12H         LINE#         592
  C:0C12H         LINE#         594
BL51 BANKED LINKER/LOCATER V6.22.4.0                                                  03/24/2026  16:53:21  PAGE 33


  C:0C12H         LINE#         595
  C:0C1AH         LINE#         596
  C:0C1AH         LINE#         598
  C:0C1AH         LINE#         599
  C:0C1AH         LINE#         604
  C:0C1DH         LINE#         606
  C:0C1DH         LINE#         608
  C:0C21H         LINE#         609
  C:0C29H         LINE#         610
  C:0C29H         LINE#         612
  C:0C29H         LINE#         613
  C:0C29H         LINE#         615
  C:0C2CH         LINE#         617
  C:0C2CH         LINE#         620
  C:0C2CH         LINE#         621
  C:0C34H         LINE#         622
  C:0C34H         LINE#         624
  C:0C34H         LINE#         625
  C:0C34H         LINE#         630
  C:0C37H         LINE#         632
  C:0C37H         LINE#         634
  C:0C3BH         LINE#         635
  C:0C43H         LINE#         636
  C:0C43H         LINE#         638
  C:0C43H         LINE#         639
  C:0C43H         LINE#         641
  C:0C46H         LINE#         643
  C:0C46H         LINE#         644
  C:0C46H         LINE#         648
  C:0C49H         LINE#         653
  C:0C4CH         LINE#         655
  C:0C4CH         LINE#         656
  C:0C4CH         LINE#         660
  C:0C4FH         LINE#         665
  C:0C52H         LINE#         667
  C:0C52H         LINE#         671
  C:0C57H         LINE#         672
  C:0C57H         LINE#         674
  C:0C57H         LINE#         675
  C:0C5FH         LINE#         676
  C:0C5FH         LINE#         677
  C:0C5FH         LINE#         678
  C:0C5FH         LINE#         679
  C:0C61H         LINE#         691
  C:0C61H         LINE#         693
  C:0C66H         LINE#         694
  C:0C66H         LINE#         695
  C:0C66H         LINE#         697
  C:0C6EH         LINE#         698
  C:0C6EH         LINE#         699
  C:0C6EH         LINE#         700
  C:0C6EH         LINE#         701
  C:0C70H         LINE#         703
  C:0C70H         LINE#         704
  C:0C74H         LINE#         705
  C:0C74H         LINE#         707
  C:0C77H         LINE#         709
BL51 BANKED LINKER/LOCATER V6.22.4.0                                                  03/24/2026  16:53:21  PAGE 34


  C:0C77H         LINE#         713
  C:0C7CH         LINE#         714
  C:0C7CH         LINE#         715
  C:0C7CH         LINE#         716
  C:0C84H         LINE#         717
  C:0C84H         LINE#         718
  C:0C85H         LINE#         719
  C:0C85H         LINE#         720
  C:0C88H         LINE#         722
  C:0C88H         LINE#         724
  C:0C8CH         LINE#         725
  C:0C8CH         LINE#         730
  C:0C8FH         LINE#         732
  C:0C8FH         LINE#         734
  C:0C94H         LINE#         735
  C:0C94H         LINE#         736
  C:0C94H         LINE#         738
  C:0C9CH         LINE#         739
  C:0C9CH         LINE#         740
  C:0C9DH         LINE#         741
  C:0C9DH         LINE#         742
  C:0CA0H         LINE#         744
  C:0CA0H         LINE#         745
  C:0CA4H         LINE#         746
  C:0CA4H         LINE#         748
  C:0CA7H         LINE#         752
  C:0CA7H         LINE#         756
  C:0CA7H         LINE#         757
  C:0CACH         LINE#         758
  C:0CACH         LINE#         760
  C:0CAFH         LINE#         761
  C:0CAFH         LINE#         763
  C:0CAFH         LINE#         764
  C:0CB7H         LINE#         765
  C:0CB7H         LINE#         767
  C:0CB7H         LINE#         768
  C:0CB7H         LINE#         773
  C:0CBAH         LINE#         775
  C:0CBAH         LINE#         786
  C:0CC1H         LINE#         787
  C:0CC6H         LINE#         788
  C:0CC6H         LINE#         790
  C:0CC9H         LINE#         791
  C:0CC9H         LINE#         793
  C:0CD0H         LINE#         794
  C:0CD8H         LINE#         795
  C:0CD8H         LINE#         797
  C:0CD8H         LINE#         798
  C:0CD8H         LINE#         800
  C:0CDBH         LINE#         802
  C:0CDBH         LINE#         803
  C:0CDBH         LINE#         805
  C:0CE5H         LINE#         806
[...]
  X:6322H         SYMBOL        len
  C:2417H         LINE#         59
  C:241DH         LINE#         60
  C:241DH         LINE#         61
  C:2423H         LINE#         62
  C:2423H         LINE#         63
  C:2442H         LINE#         64
  C:2448H         LINE#         65
  C:244AH         LINE#         66
  -------         ENDPROC       _FLASH_READ
  -------         ENDMOD        FLASH

  -------         MODULE        FAN_CTL
  C:0000H         SYMBOL        _ICE_DUMMY_
  B:0090H.2       PUBLIC        P12
  C:2689H         PUBLIC        fan_ctl_config
  C:255EH         PUBLIC        fan_ctl
  -------         PROC          FAN_CTL_CONFIG
  C:2689H         LINE#         3
  C:2689H         LINE#         4
BL51 BANKED LINKER/LOCATER V6.22.4.0                                                  03/24/2026  16:53:21  PAGE 40


  C:2689H         LINE#         6
  C:268FH         LINE#         7
  C:2693H         LINE#         8
  C:2698H         LINE#         10
  C:269AH         LINE#         11
  -------         ENDPROC       FAN_CTL_CONFIG
  -------         PROC          FAN_CTL
  C:255EH         LINE#         14
  C:255EH         LINE#         15
  C:255EH         LINE#         18
  C:257CH         LINE#         19
  C:257CH         LINE#         20
  C:257EH         LINE#         21
  C:257FH         LINE#         25
  C:257FH         LINE#         27
  C:2581H         LINE#         28
  C:2581H         LINE#         29
  -------         ENDPROC       FAN_CTL
  -------         ENDMOD        FAN_CTL

  -------         MODULE        TIMER3
  C:0000H         SYMBOL        _ICE_DUMMY_
  C:1A18H         PUBLIC        TIMR3_IRQHandler
  D:00D1H         PUBLIC        TMR_ALLCON
  C:25A3H         PUBLIC        timer3_config
  D:00A8H         PUBLIC        IE0
  D:00A9H         PUBLIC        IE1
  D:00AAH         PUBLIC        IE2
  D:00ABH         PUBLIC        IE3
  D:00B8H         PUBLIC        IP0
  D:00B1H         PUBLIC        IP1
  D:00B2H         PUBLIC        IP2
  D:00B3H         PUBLIC        IP3
  D:00B4H         PUBLIC        IP4
  D:00B5H         PUBLIC        IP5
  D:00B6H         PUBLIC        IP6
  D:00B7H         PUBLIC        IP7
  B:00A8H.7       PUBLIC        IE_EA
  C:2734H         SYMBOL        Com0044
  C:2734H         SYMBOL        L?0069
  C:2734H         SYMBOL        L?0070
  -------         PROC          COM0044
  -------         ENDPROC       COM0044
  -------         PROC          TIMER3_CONFIG
  C:25A3H         LINE#         13
  C:25A3H         LINE#         14
  C:25A3H         LINE#         15
  C:25A6H         LINE#         16
  C:25A8H         LINE#         19
  C:25ABH         LINE#         20
  C:25B1H         LINE#         21
  C:25B7H         LINE#         22
  C:25BDH         LINE#         23
  C:25C3H         LINE#         24
  -------         ENDPROC       TIMER3_CONFIG
  -------         PROC          TIMR3_IRQHANDLER
  -------         DO            
BL51 BANKED LINKER/LOCATER V6.22.4.0                                                  03/24/2026  16:53:21  PAGE 41


  X:635CH         SYMBOL        cnt
  X:635DH         SYMBOL        flag_is_time_to_sync_adc_status
  -------         ENDDO         
  C:1A18H         LINE#         26
  C:1A35H         LINE#         29
  C:1A35H         LINE#         32
  C:1A3CH         LINE#         33
  C:1A3CH         LINE#         36
  C:1A3FH         LINE#         38
  C:1A3FH         LINE#         40
  C:1A46H         LINE#         43
  C:1A46H         LINE#         46
  C:1A4CH         LINE#         47
  C:1A56H         LINE#         48
  C:1A56H         LINE#         49
  C:1A58H         LINE#         50
  C:1A5CH         LINE#         51
  C:1A5CH         LINE#         53
  C:1A65H         LINE#         54
  C:1A65H         LINE#         55
  C:1A67H         LINE#         56
  C:1A69H         LINE#         57
  C:1A6CH         LINE#         58
  C:1A6CH         LINE#         59
  C:1A6CH         LINE#         62
  C:1A76H         LINE#         64
  C:1A76H         LINE#         66
  C:1A7BH         LINE#         67
  C:1A81H         LINE#         68
  C:1A84H         LINE#         69
  C:1A8BH         LINE#         70
  C:1A8BH         LINE#         71
  C:1A8EH         LINE#         72
  C:1A91H         LINE#         73
  C:1A93H         LINE#         75
  C:1A9AH         LINE#         76
  C:1A9AH         LINE#         78
  C:1A9FH         LINE#         79
  C:1AA5H         LINE#         80
  C:1AA7H         LINE#         81
  C:1AAEH         LINE#         82
  C:1AAEH         LINE#         83
  C:1AB1H         LINE#         84
  C:1AB4H         LINE#         85
  C:1AB6H         LINE#         86
  C:1ABDH         LINE#         87
  C:1ABDH         LINE#         89
  C:1AC2H         LINE#         90
  C:1AC8H         LINE#         91
  C:1ACAH         LINE#         92
  C:1AD1H         LINE#         93
  C:1AD1H         LINE#         94
  C:1AD4H         LINE#         95
  C:1AD7H         LINE#         96
  C:1AD9H         LINE#         97
  C:1AE0H         LINE#         98
  C:1AE0H         LINE#         100
BL51 BANKED LINKER/LOCATER V6.22.4.0                                                  03/24/2026  16:53:21  PAGE 42


  C:1AE5H         LINE#         101
  C:1AEBH         LINE#         102
  C:1AEDH         LINE#         103
  C:1AF4H         LINE#         104
  C:1AF4H         LINE#         105
  C:1AF7H         LINE#         106
  C:1AFAH         LINE#         107
  C:1AFAH         LINE#         109
  C:1AFAH         LINE#         110
  -------         ENDPROC       TIMR3_IRQHANDLER
  -------         ENDMOD        TIMER3

  -------         MODULE        ENGINE
  C:0000H         SYMBOL        _ICE_DUMMY_
  X:6006H         PUBLIC        t_count
  X:6008H         PUBLIC        filter_buff
  X:6048H         PUBLIC        filter_buff_2_index
  X:604AH         PUBLIC        filter_buff_2
  X:6266H         PUBLIC        t_adc_min
  X:6268H         PUBLIC        t_adc_max
  X:626AH         PUBLIC        over_drive_status
  B:0020H.5       PUBLIC        flag_is_time_to_check_engine
  C:080AH         PUBLIC        according_pin9_to_adjust_pwm
  C:20ECH         SYMBOL        Com0038
  C:20ECH         SYMBOL        L?0057
  C:20F1H         SYMBOL        L?0058
  C:20F3H         SYMBOL        L?0059
  C:20FEH         SYMBOL        L?0060
  C:2102H         SYMBOL        L?0061
  C:2103H         SYMBOL        L?0062
  C:210FH         SYMBOL        L?0063
  C:2114H         SYMBOL        L?0064
  C:2117H         SYMBOL        L?0065
  C:211EH         SYMBOL        L?0066
  C:211FH         SYMBOL        L?0067
  C:212CH         SYMBOL        L?0068
  C:212CH         SYMBOL        L?0069
  C:2136H         SYMBOL        L?0070
  C:2146H         SYMBOL        L?0071
  C:2146H         SYMBOL        L?0072
  C:2147H         SYMBOL        L?0073
  C:214EH         SYMBOL        L?0074
  C:215BH         SYMBOL        L?0075
  -------         PROC          COM0038
  -------         ENDPROC       COM0038
  -------         PROC          ACCORDING_PIN9_TO_ADJUST_PWM
  -------         DO            
  X:6000H         SYMBOL        filter_buff_index
  X:6001H         SYMBOL        flag_is_sub_power
  X:6002H         SYMBOL        flag_is_sub_power2
  B:0020H.4       SYMBOL        flag_is_add_power
  X:631EH         SYMBOL        adc_pin_9_avg
  X:6003H         SYMBOL        adc_val
  X:6005H         SYMBOL        is_init
  -------         DO            
  X:6322H         SYMBOL        i
  X:6322H         SYMBOL        temp
BL51 BANKED LINKER/LOCATER V6.22.4.0                                                  03/24/2026  16:53:21  PAGE 43


  X:6322H         SYMBOL        i
  X:6322H         SYMBOL        i
  -------         ENDDO         
  -------         DO            
  X:6322H         SYMBOL        temp
  X:6322H         SYMBOL        i
  X:6322H         SYMBOL        i
  -------         ENDDO         
  -------         DO            
  X:6322H         SYMBOL        i
  X:6322H         SYMBOL        i
  -------         ENDDO         
  -------         DO            
  X:6322H         SYMBOL        i
  -------         ENDDO         
  -------         ENDDO         
  C:080AH         LINE#         32
  C:080AH         LINE#         33
  C:080AH         LINE#         39
  C:0814H         LINE#         44
  C:081CH         LINE#         45
  C:081CH         LINE#         46
  C:0829H         LINE#         47
  C:082EH         LINE#         49
  C:0834H         LINE#         50
  C:0834H         LINE#         51
  C:0836H         LINE#         52
  C:0836H         LINE#         53
  C:0836H         LINE#         55
  C:083FH         LINE#         56
  C:083FH         LINE#         59
  C:083FH         LINE#         61
  C:084BH         LINE#         62
  C:084BH         LINE#         63
  C:084EH         LINE#         64
  C:0858H         LINE#         65
  C:0858H         LINE#         66
  C:0868H         LINE#         67
  C:086DH         LINE#         69
  C:087AH         LINE#         70
  C:087AH         LINE#         71
  C:0885H         LINE#         72
  C:088AH         LINE#         73
  C:088AH         LINE#         75
  C:088AH         LINE#         76
  C:0899H         LINE#         77
  C:08AAH         LINE#         78
  C:08BDH         LINE#         79
  C:08C5H         LINE#         80
  C:08CBH         LINE#         81
  C:08D1H         LINE#         82
  C:08D1H         LINE#         83
  C:08D3H         LINE#         84
  C:08D3H         LINE#         85
  C:08D3H         LINE#         87
  C:08D3H         LINE#         88
  C:08D6H         LINE#         89
BL51 BANKED LINKER/LOCATER V6.22.4.0                                                  03/24/2026  16:53:21  PAGE 44


  C:08D6H         LINE#         90
  C:08D6H         LINE#         91
  C:08F3H         LINE#         92
  C:0902H         LINE#         95
  C:0913H         LINE#         96
  C:0913H         LINE#         99
  C:0939H         LINE#         100
  C:093FH         LINE#         101
  C:094EH         LINE#         102
  C:094EH         LINE#         103
  C:0952H         LINE#         104
  C:0952H         LINE#         106
  C:0952H         LINE#         107
  C:0955H         LINE#         108
  C:095BH         LINE#         109
  C:0964H         LINE#         110
  C:0971H         LINE#         111
  C:0971H         LINE#         112
  C:0988H         LINE#         113
  C:0988H         LINE#         114
  C:0997H         LINE#         115
  C:0997H         LINE#         116
  C:09B1H         LINE#         117
  C:09B1H         LINE#         118
  C:09C0H         LINE#         119
  C:09C0H         LINE#         120
  C:09DEH         LINE#         121
  C:09DEH         LINE#         122
  C:09E4H         LINE#         123
  C:09E6H         LINE#         125
  C:09E6H         LINE#         126
  C:09ECH         LINE#         127
  C:09EFH         LINE#         128
  C:09EFH         LINE#         129
  C:09F5H         LINE#         143
  C:09F5H         LINE#         146
  C:0A14H         LINE#         147
  C:0A14H         LINE#         149
  C:0A19H         LINE#         150
  C:0A1BH         LINE#         151
  C:0A1DH         LINE#         153
  C:0A24H         LINE#         154
  C:0A24H         LINE#         155
  C:0A27H         LINE#         156
  C:0A2CH         LINE#         157
  C:0A2CH         LINE#         158
  C:0A33H         LINE#         159
  C:0A33H         LINE#         161
  C:0A3CH         LINE#         162
  C:0A3CH         LINE#         163
  C:0A3CH         LINE#         164
  C:0A3CH         LINE#         165
  C:0A3FH         LINE#         166
  C:0A48H         LINE#         167
  C:0A48H         LINE#         169
  C:0A4EH         LINE#         170
  C:0A4EH         LINE#         171
BL51 BANKED LINKER/LOCATER V6.22.4.0                                                  03/24/2026  16:53:21  PAGE 45


  C:0A50H         LINE#         172
  C:0A62H         LINE#         173
  C:0A62H         LINE#         174
  C:0A62H         LINE#         175
  C:0A62H         LINE#         176
  C:0A62H         LINE#         177
  C:0A62H         LINE#         178
  C:0A64H         LINE#         180
  C:0A7BH         LINE#         181
  C:0A7BH         LINE#         183
  C:0A7EH         LINE#         184
  C:0A7EH         LINE#         185
  C:0A80H         LINE#         187
  C:0A89H         LINE#         188
  C:0A89H         LINE#         189
  C:0A8CH         LINE#         190
  C:0A8CH         LINE#         192
  C:0A91H         LINE#         193
  C:0A93H         LINE#         195
  C:0A98H         LINE#         196
  C:0A98H         LINE#         197
  C:0A98H         LINE#         198
  C:0A9AH         LINE#         199
  C:0AA0H         LINE#         200
  C:0AA0H         LINE#         201
  C:0AA4H         LINE#         202
  C:0AA6H         LINE#         204
  C:0AA6H         LINE#         205
  C:0AB0H         LINE#         206
  C:0AB0H         LINE#         207
  C:0AB0H         LINE#         208
  C:0AB1H         LINE#         209
  C:0ABCH         LINE#         210
  C:0ABCH         LINE#         212
  C:0ABFH         LINE#         213
  C:0ABFH         LINE#         214
  C:0AC1H         LINE#         216
  C:0AC7H         LINE#         217
  C:0ACCH         LINE#         218
  C:0ACEH         LINE#         220
  C:0ADDH         LINE#         221
  C:0ADDH         LINE#         222
  C:0AE5H         LINE#         223
  C:0AE5H         LINE#         225
  C:0AE5H         LINE#         226
  C:0AEEH         LINE#         227
  C:0AEEH         LINE#         228
  C:0AEEH         LINE#         229
  C:0AEEH         LINE#         230
  -------         ENDPROC       ACCORDING_PIN9_TO_ADJUST_PWM
  -------         ENDMOD        ENGINE

  -------         MODULE        ?C?FPADD
  C:004CH         PUBLIC        ?C?FPADD
  C:0048H         PUBLIC        ?C?FPSUB
  -------         ENDMOD        ?C?FPADD

BL51 BANKED LINKER/LOCATER V6.22.4.0                                                  03/24/2026  16:53:21  PAGE 46


  -------         MODULE        ?C?FPMUL
  C:013DH         PUBLIC        ?C?FPMUL
  -------         ENDMOD        ?C?FPMUL

  -------         MODULE        ?C?FPDIV
  C:0246H         PUBLIC        ?C?FPDIV
  -------         ENDMOD        ?C?FPDIV

  -------         MODULE        ?C?CASTF
  C:02E3H         PUBLIC        ?C?CASTF
  -------         ENDMOD        ?C?CASTF

  -------         MODULE        POW
  X:631EH         PUBLIC        ?_pow?BYTE
  C:130BH         PUBLIC        _pow
  -------         ENDMOD        POW

  -------         MODULE        ?C?CHKFLOAT
  C:0364H         PUBLIC        ?C?CHKFLOAT
  -------         ENDMOD        ?C?CHKFLOAT

  -------         MODULE        ?C?FPCMP
  C:0380H         PUBLIC        ?C?FPCMP
  C:037EH         PUBLIC        ?C?FPCMP3
  -------         ENDMOD        ?C?FPCMP

  -------         MODULE        ?C?FPNEG
  C:03F7H         PUBLIC        ?C?FPNEG
  -------         ENDMOD        ?C?FPNEG

  -------         MODULE        ?C?FCAST
  C:0412H         PUBLIC        ?C?FCASTC
  C:040DH         PUBLIC        ?C?FCASTI
  C:0408H         PUBLIC        ?C?FCASTL
  -------         ENDMOD        ?C?FCAST

  -------         MODULE        EXP
  C:1EF8H         PUBLIC        _EXP
  -------         ENDMOD        EXP

  -------         MODULE        LOG
  C:15D9H         PUBLIC        _LOG
  C:15D5H         PUBLIC        _LOG10
  -------         ENDMOD        LOG

  -------         MODULE        ?C?CLDPTR
  C:0493H         PUBLIC        ?C?CLDPTR
  -------         ENDMOD        ?C?CLDPTR

  -------         MODULE        ?C?CLDOPTR
  C:04ACH         PUBLIC        ?C?CLDOPTR
  -------         ENDMOD        ?C?CLDOPTR

  -------         MODULE        ?C?CILDOPTR
  C:04D9H         PUBLIC        ?C?CILDOPTR
  -------         ENDMOD        ?C?CILDOPTR

BL51 BANKED LINKER/LOCATER V6.22.4.0                                                  03/24/2026  16:53:21  PAGE 47


  -------         MODULE        ?C?CSTPTR
  C:050CH         PUBLIC        ?C?CSTPTR
  -------         ENDMOD        ?C?CSTPTR

  -------         MODULE        ?C?CSTOPTR
  C:051EH         PUBLIC        ?C?CSTOPTR
  -------         ENDMOD        ?C?CSTOPTR

  -------         MODULE        ?C?IILDX
  C:0540H         PUBLIC        ?C?IILDX
  -------         ENDMOD        ?C?IILDX

  -------         MODULE        ?C?LADD
  C:0556H         PUBLIC        ?C?LADD
  -------         ENDMOD        ?C?LADD

  -------         MODULE        ?C?LMUL
  C:0563H         PUBLIC        ?C?LMUL
  -------         ENDMOD        ?C?LMUL

  -------         MODULE        ?C?ULDIV
  C:05EEH         PUBLIC        ?C?ULDIV
  -------         ENDMOD        ?C?ULDIV

  -------         MODULE        ?C?LNEG
  C:0680H         PUBLIC        ?C?LNEG
  -------         ENDMOD        ?C?LNEG

  -------         MODULE        ?C?ULCMP
  C:068EH         PUBLIC        ?C?ULCMP
  -------         ENDMOD        ?C?ULCMP

  -------         MODULE        ?C?ULSHR
  C:069FH         PUBLIC        ?C?ULSHR
  -------         ENDMOD        ?C?ULSHR

  -------         MODULE        ?C?LSHL
  C:06B2H         PUBLIC        ?C?LSHL
  -------         ENDMOD        ?C?LSHL

  -------         MODULE        ?C?LLDXDATA
  C:06C5H         PUBLIC        ?C?LLDXDATA
  -------         ENDMOD        ?C?LLDXDATA

  -------         MODULE        ?C?LLDCODE
  C:06D1H         PUBLIC        ?C?LLDCODE
  -------         ENDMOD        ?C?LLDCODE

  -------         MODULE        ?C?LLDXDATA0
  C:06E1H         PUBLIC        ?C?LLDXDATA0
  -------         ENDMOD        ?C?LLDXDATA0

  -------         MODULE        ?C?LLDCODE0
  C:06EDH         PUBLIC        ?C?LLDCODE0
  -------         ENDMOD        ?C?LLDCODE0

  -------         MODULE        ?C?LSTXDATA
BL51 BANKED LINKER/LOCATER V6.22.4.0                                                  03/24/2026  16:53:21  PAGE 48


  C:06FDH         PUBLIC        ?C?LSTXDATA
  -------         ENDMOD        ?C?LSTXDATA

  -------         MODULE        ?C?LSTKXDATA
  C:0709H         PUBLIC        ?C?LSTKXDATA
  -------         ENDMOD        ?C?LSTKXDATA

  -------         MODULE        ?C?PLDXDATA
  C:073AH         PUBLIC        ?C?PLDXDATA
  -------         ENDMOD        ?C?PLDXDATA

  -------         MODULE        ?C?PLDIXDATA
  C:0743H         PUBLIC        ?C?PLDIXDATA
  -------         ENDMOD        ?C?PLDIXDATA

  -------         MODULE        ?C?PSTXDATA
  C:075AH         PUBLIC        ?C?PSTXDATA
  -------         ENDMOD        ?C?PSTXDATA

  -------         MODULE        ?C?PLDOPTR
  C:0763H         PUBLIC        ?C?PLDOPTR
  -------         ENDMOD        ?C?PLDOPTR

  -------         MODULE        ?C?CCASE
  C:0793H         PUBLIC        ?C?CCASE
  -------         ENDMOD        ?C?CCASE

  -------         MODULE        ?C?ICALL
  C:07B9H         PUBLIC        ?C?ICALL
  C:07BDH         PUBLIC        ?C?ICALL2
  -------         ENDMOD        ?C?ICALL

  -------         MODULE        ?C?LIMUL
  C:07BFH         PUBLIC        ?C?LIMUL
  -------         ENDMOD        ?C?LIMUL

  -------         MODULE        ?C?PLDIDATA
  C:07ECH         PUBLIC        ?C?PLDIDATA
  -------         ENDMOD        ?C?PLDIDATA

  -------         MODULE        ?C?PLDPDATA
  C:07F5H         PUBLIC        ?C?PLDPDATA
  -------         ENDMOD        ?C?PLDPDATA

  -------         MODULE        ?C?PLDCODE
  C:07FEH         PUBLIC        ?C?PLDCODE
  -------         ENDMOD        ?C?PLDCODE

*** WARNING L16: UNCALLED SEGMENT, IGNORED FOR OVERLAY PROCESS
    SEGMENT: ?PR?TMR1_CONFIG?TIMER1

*** WARNING L16: UNCALLED SEGMENT, IGNORED FOR OVERLAY PROCESS
    SEGMENT: ?PR?TMR1_ENABLE?TIMER1

*** WARNING L16: UNCALLED SEGMENT, IGNORED FOR OVERLAY PROCESS
    SEGMENT: ?PR?TMR1_DISABLE?TIMER1

BL51 BANKED LINKER/LOCATER V6.22.4.0                                                  03/24/2026  16:53:21  PAGE 49


Program Size: data=10.3 xdata=862 code=10042
LINK/LOCATE RUN COMPLETE.  3 WARNING(S),  0 ERROR(S)
